10-31 15:25:18.462 D/SurfaceFlinger( 3191):        HWC | 7380f2ab80 | 0000 | 0000 | 00 | 0105 | RGBA_8888   |    0.0,    0.0, 1440.0,   96.0 |    0,    0, 1440,   96 | StatusBar#0
10-31 15:25:18.462 D/SurfaceFlinger( 3191):  FB TARGET | 73853f5e40 | 0000 | 0000 | 00 | 0105 | RGBA_8888   |    0.0,    0.0, 1440.0, 2560.0 |    0,    0, 1440, 2560 | HWC_FRAMEBUFFER_TARGET
10-31 15:25:18.464 I/android.hardware.wifi@1.0-service( 3182): getLinkLayerStats
10-31 15:25:18.469 I/Layer   ( 3191): id=1341 onRemoved Splash Screen com.adam.app.demoset#0 
10-31 15:25:18.571 D/CustomFrequencyManagerService( 3648): FrequencyrequestList.getNextCStateDisableRequest, index: 3
10-31 15:25:18.571 D/CustomFrequencyManagerService( 3648): releaseDVFSLockLocked : Getting Lock type frm List : DVFS_MIN_LIMIT  frequency : 1768000  uid : 1000  pid : 3648  tag : AMS_RESUME_TAIL@CPU_MIN@31
10-31 15:25:18.603 D/SSRM:k  ( 3648): SIOP:: AP = 360, PST = 336 (W:6), BAT = 296, CHG = 335, CP = 278
10-31 15:25:18.712 D/CustomFrequencyManagerService( 3648): releaseDVFSLockLocked : Getting Lock type frm List : DVFS_MIN_LIMIT  frequency : 2600000  uid : 1000  pid : 3648  tag : APP_LAUNCH@CPU_MIN@7
10-31 15:25:18.765 I/WorkerManager( 3690): New handler created for worker [service] (manager: e3d7c39, handler: 91d727e)
10-31 15:25:18.766 I/WorkerHandler( 3690): New state for worker [service]: d (handler: 91d727e)
10-31 15:25:18.766 I/SearchServiceCore( 3690): Event Bus thread is disabled; marking main thread as EventBus
10-31 15:25:18.787 D/InputReader( 3648): Input event(3): value=1 when=92767052202000
10-31 15:25:18.787 D/InputReader( 3648): Input event(3): value=1 when=92767052202000
10-31 15:25:18.787 I/InputReader( 3648): Touch event's action is 0x0 (deviceType=0) [pCnt=1, s=0.2639 ] when=92767052202000
10-31 15:25:18.787 I/InputDispatcher( 3648): Delivering touch to (4051): action: 0x4, toolType: 1
10-31 15:25:18.787 I/InputDispatcher( 3648): Delivering touch to (16925): action: 0x0, toolType: 1
10-31 15:25:18.788 D/ViewRootImpl@29f5902[MainActivity](16925): ViewPostIme pointer 0
10-31 15:25:18.795 I/WorkerManager( 3690): New handler created for worker [searchplate] (manager: e3d7c39, handler: 9765623)
10-31 15:25:18.795 I/WorkerHandler( 3690): New state for worker [searchplate]: d (handler: 9765623)
10-31 15:25:18.803 D/GameManagerService( 3648): identifyGamePackage. com.adam.app.demoset
10-31 15:25:18.803 D/GamePkgDataHelper( 3648): getGamePkgData(). com.adam.app.demoset
10-31 15:25:18.806 I/WorkerManager( 3690): New handler created for worker [searchwidget] (manager: e3d7c39, handler: e07c29e)
10-31 15:25:18.806 I/WorkerHandler( 3690): New state for worker [searchwidget]: d (handler: e07c29e)
10-31 15:25:18.821 D/AppWidgetServiceImpl( 3648): handleNotifyUpdateAppWidget, appWidgetId = 6
10-31 15:25:18.821 I/LauncherAppWidgetHostView( 5024): updateLastInflationOrientation, orientation: 1,activityOrientation: 1, widget: ComponentInfo{com.google.android.googlequicksearchbox/com.google.android.googlequicksearchbox.SearchWidgetProvider}
10-31 15:25:18.853 D/AbsListView(16925): reportScrollStateChange() newState : 1
10-31 15:25:18.857 D/CustomFrequencyManagerService( 3648): acquireDVFSLockLocked : type : DVFS_MIN_LIMIT  frequency : 728000  uid : 1000  pid : 3648  pkgName : LISTVIEW_SCROLL@CPU_MIN@90
10-31 15:25:18.870 I/zygote64(16925): Do full code cache collection, code=125KB, data=88KB
10-31 15:25:18.870 I/zygote64(16925): After code cache collection, code=103KB, data=61KB
10-31 15:25:19.126 I/zygote64(16925): Do partial code cache collection, code=110KB, data=74KB
10-31 15:25:19.126 I/zygote64(16925): After code cache collection, code=110KB, data=74KB
10-31 15:25:19.126 I/zygote64(16925): Increasing code cache capacity to 512KB
10-31 15:25:19.305 D/SSRM:k  ( 3648): SIOP:: AP = 360, PST = 346 (W:6), BAT = 296, CHG = 335, CP = 279
10-31 15:25:19.314 D/InputReader( 3648): Input event(3): value=0 when=92767580251000
10-31 15:25:19.314 D/InputReader( 3648): Input event(3): value=0 when=92767580251000
10-31 15:25:19.314 I/InputReader( 3648): Touch event's action is 0x1 (deviceType=0) [pCnt=1, s=] when=92767580251000
10-31 15:25:19.315 I/InputDispatcher( 3648): Delivering touch to (16925): action: 0x1, toolType: 1
10-31 15:25:19.315 D/ViewRootImpl@29f5902[MainActivity](16925): ViewPostIme pointer 1
10-31 15:25:19.316 D/AbsListView(16925): onTouchUp() mTouchMode : 3
10-31 15:25:19.316 D/CustomFrequencyManagerService( 3648): acquireDVFSLockLocked : type : DVFS_MIN_LIMIT  frequency : 832000  uid : 1000  pid : 3648  pkgName : GESTURE_DETECTED@CPU_MIN@71
10-31 15:25:19.316 D/AbsListView(16925): onTouchUp() TOUCH_MODE_SCROLL initialVelocity : 309
10-31 15:25:19.316 D/AbsListView(16925): reportScrollStateChange() newState : 2
10-31 15:25:19.418 I/ReschedulableTimer(16659): [#CMH#] ReschedulableTimer started 
10-31 15:25:19.641 D/AbsListView(16925): reportScrollStateChange() newState : 0
10-31 15:25:19.642 D/CustomFrequencyManagerService( 3648): releaseDVFSLockLocked : Getting Lock type frm List : DVFS_MIN_LIMIT  frequency : 728000  uid : 1000  pid : 3648  tag : LISTVIEW_SCROLL@CPU_MIN@90
10-31 15:25:19.754 D/InputReader( 3648): Input event(3): value=1 when=92768019490000
10-31 15:25:19.754 D/InputReader( 3648): Input event(3): value=1 when=92768019490000
10-31 15:25:19.754 I/InputReader( 3648): Touch event's action is 0x0 (deviceType=0) [pCnt=1, s=0.2640 ] when=92768019490000
10-31 15:25:19.754 I/InputDispatcher( 3648): Delivering touch to (4051): action: 0x4, toolType: 1
10-31 15:25:19.755 I/InputDispatcher( 3648): Delivering touch to (16925): action: 0x0, toolType: 1
10-31 15:25:19.756 D/ViewRootImpl@29f5902[MainActivity](16925): ViewPostIme pointer 0
10-31 15:25:19.756 D/PowerManagerService( 3648): [api] userActivityFromNative : 500 (event: 2 flags: 0) eventTime = 92768019
10-31 15:25:19.761 D/PreBindingService( 3648): handleMessage : 1
10-31 15:25:19.811 D/InputReader( 3648): Input event(3): value=0 when=92768076451000
10-31 15:25:19.811 D/InputReader( 3648): Input event(3): value=0 when=92768076451000
10-31 15:25:19.811 I/InputReader( 3648): Touch event's action is 0x1 (deviceType=0) [pCnt=1, s=] when=92768076451000
10-31 15:25:19.811 I/InputDispatcher( 3648): Delivering touch to (16925): action: 0x1, toolType: 1
10-31 15:25:19.812 D/ViewRootImpl@29f5902[MainActivity](16925): ViewPostIme pointer 1
10-31 15:25:19.813 D/AbsListView(16925): onTouchUp() mTouchMode : 0
10-31 15:25:19.817 D/CustomFrequencyManagerService( 3648): releaseDVFSLockLocked : Getting Lock type frm List : DVFS_MIN_LIMIT  frequency : 832000  uid : 1000  pid : 3648  tag : GESTURE_DETECTED@CPU_MIN@71
10-31 15:25:19.925 I/DemoSet (16925): : the istem: Demo Database
10-31 15:25:19.931 I/ActivityManager( 3648): START u0 {act=null typ=null flg=0x0 cmp=ComponentInfo{com.adam.app.demoset/com.adam.app.demoset.database.DemoDatabaseAct}} from uid 10417
10-31 15:25:19.937 D/CustomFrequencyManagerService( 3648): acquireDVFSLockLocked : type : DVFS_MIN_LIMIT  frequency : 1976000  uid : 1000  pid : 3648  pkgName : AMS_ACT_START@CPU_MIN@39
10-31 15:25:19.940 D/ActivityManagerPerformance( 3648): AMP_acquire() ACT_START
10-31 15:25:19.954 V/MARsPolicyManager( 3648): handelAlertToastWindowStarted pkgName = com.adam.app.demoset, userId = 0
10-31 15:25:19.955 D/ViewRootImpl@dc78062[Toast](16925): setView = android.widget.LinearLayout{4dbb5f3 V.E...... ......I. 0,0-0,0} TM=true MM=false
10-31 15:25:19.955 V/Toast   (16925): Text: uhe  in android.widget.Toast$TN@feeb2b0
10-31 15:25:19.956 D/ActivityManager( 3648): isScaleDownAnimationEnabled() : true
10-31 15:25:19.958 D/PersonaManagerService( 3648): Current focused persona service handled id set to : 0
10-31 15:25:19.958 D/InputDispatcher( 3648): Focused application set to: xxxx
10-31 15:25:19.959 D/InputDispatcher( 3648): Focus left window: 16925
10-31 15:25:19.960 D/GameManagerService( 3648): handleForegroundChange(). pkgName: com.adam.app.demoset, clsName: com.adam.app.demoset.database.DemoDatabaseAct,FgActivityName:com.adam.app.demoset/.database.DemoDatabaseAct
10-31 15:25:19.960 D/GameManagerService( 3648):   handleForegroundChange(). same package with Prev KILL_YOURSELF. ignore
10-31 15:25:19.961 D/MARsPolicyManager( 3648): onPackageResumedFG pkgName = com.adam.app.demoset, userId = 0
10-31 15:25:19.965 D/ViewRootImpl@dc78062[Toast](16925): dispatchAttachedToWindow
10-31 15:25:19.968 V/WindowManager( 3648): Relayout Window{40b4008 u0 Toast}: viewVisibility=0 req=868x176 WM.LayoutParams{(0,256)(wrapxwrap) gr=#51 sim=#20 ty=2005 fl=#1040088 fmt=-3 wanim=0x1030004 colorMode=0 naviIconColor=0}
10-31 15:25:19.970 I/SurfaceFlinger( 3191): id=1343 createSurf (868x176),1 flag=4, Toast#0
10-31 15:25:19.971 V/Surface ( 3648): sf_framedrop debug : 0x4f4c, game : false, logging : 0
10-31 15:25:19.974 V/Surface (16925): sf_framedrop debug : 0x4f4c, game : false, logging : 0
10-31 15:25:19.975 D/ViewRootImpl@dc78062[Toast](16925): Relayout returned: old=[0,0][0,0] new=[286,2128][1154,2304] result=0x7 surface={valid=true 516275998720} changed=true
10-31 15:25:19.983 I/DemoSet (16925): DemoDatabaseAct: onCreate enter
10-31 15:25:20.033 I/DemoSet (16925): DBController: setContentResolver enter
10-31 15:25:20.033 I/DemoSet (16925): UIListAdapter: UIListAdapter constructor
10-31 15:25:20.035 I/DemoSet (16925): MyTouchItemListener: Constructor enter
10-31 15:25:20.038 I/DemoSet (16925): MyTouchItemListener: setonItemClickListener enter
10-31 15:25:20.048 I/DemoSet (16925): DemoDatabaseAct: onResume enter
10-31 15:25:20.048 I/DemoSet (16925): DemoDatabaseAct: updateList enter
10-31 15:25:20.048 I/DemoSet (16925): DBController: queryNote enter
10-31 15:25:20.049 I/DemoSet (16925): MyDBProvider: query enter
10-31 15:25:20.052 I/DemoSet (16925): DemoDatabaseAct: showEmptyIfNoData enter
10-31 15:25:20.057 D/ViewRootImpl@57401e7[DemoDatabaseAct](16925): setView = DecorView@aa36194[DemoDatabaseAct] TM=true MM=false
10-31 15:25:20.059 D/ActivityManager( 3648): post active user change for 0 fullscreen true isHomeActivity() false
10-31 15:25:20.059 D/ViewRootImpl@29f5902[MainActivity](16925): MSG_WINDOW_FOCUS_CHANGED 0
10-31 15:25:20.063 D/ViewRootImpl@dc78062[Toast](16925): MSG_RESIZED_REPORT: frame=Rect(286, 2128 - 1154, 2304) ci=Rect(0, 0 - 0, 0) vi=Rect(0, 0 - 0, 0) or=1
10-31 15:25:20.064 D/SystemServicesProxy( 4051): updateOverviewLastStackActiveTimeAsync: newTime=1540632178539
10-31 15:25:20.064 D/SecContentProvider( 3648): query(), uri = 17 selection = isSettingsChangesAllowed
10-31 15:25:20.065 D/SecContentProvider( 3648): called from android.uid.systemui:10061
10-31 15:25:20.065 D/SystemServicesProxy( 4051): updateOverviewLastStackActiveTimeAsync: done.
10-31 15:25:20.068 V/WindowManager( 3648): finishDrawingLocked: mDrawState=COMMIT_DRAW_PENDING Window{40b4008 u0 Toast} in Surface(name=Toast)
10-31 15:25:20.074 V/InputMethodManager(16925): Not IME target window, ignoring
10-31 15:25:20.077 D/PowerManagerService( 3648): [api] acquire WakeLock flags=0x2000000a tag=WindowManager uid=1000 pid=3648 ws=WorkSource{10417} pkg=android
10-31 15:25:20.078 D/ViewRootImpl@57401e7[DemoDatabaseAct](16925): dispatchAttachedToWindow
10-31 15:25:20.086 V/WindowManager( 3648): Relayout Window{1854b4 u0 com.adam.app.demoset/com.adam.app.demoset.database.DemoDatabaseAct}: viewVisibility=0 req=1440x2464 WM.LayoutParams{(0,0)(fillxfill) sim=#110 ty=1 fl=#81810100 pfl=0x20000 wanim=0x10302fd vsysui=0x600 needsMenuKey=2 colorMode=0 naviIconColor=0}
10-31 15:25:20.090 I/SurfaceFlinger( 3191): id=1344 createSurf (1440x2560),1 flag=404, com.adam.app.demoset/com.adam.app.demoset.database.DemoDatabaseAct#0
10-31 15:25:20.090 V/Surface ( 3648): sf_framedrop debug : 0x4f4c, game : false, logging : 0
10-31 15:25:20.091 D/WindowManager( 3648): set systemUiVisibility : systemUiFlags= 0x608 fullscreenStackSysUiFlags= 0x0
10-31 15:25:20.093 D/InputDispatcher( 3648): Focus entered window: 16925
10-31 15:25:20.095 V/Surface (16925): sf_framedrop debug : 0x4f4c, game : false, logging : 0
10-31 15:25:20.096 D/ViewRootImpl@57401e7[DemoDatabaseAct](16925): Relayout returned: old=[0,0][0,0] new=[0,0][1440,2560] result=0x7 surface={valid=true 515951964160} changed=true
10-31 15:25:20.109 D/mali_winsys(16925): EGLint new_window_surface(egl_winsys_display *, void *, EGLSurface, EGLConfig, egl_winsys_surface **, egl_color_buffer_format *, EGLBoolean) returns 0x3000,  [1440x2560]-format:1
10-31 15:25:20.109 D/OpenGLRenderer(16925): eglCreateWindowSurface = 0x784642bc50
10-31 15:25:20.114 I/DemoSet (16925): UIListAdapter: getItemCount enter size = 3
10-31 15:25:20.114 I/chatty  (16925): uid=10417(u0_a417) com.adam.app.demoset identical 1 line
10-31 15:25:20.114 I/DemoSet (16925): UIListAdapter: getItemCount enter size = 3
10-31 15:25:20.115 I/DemoSet (16925): UIListAdapter: onCreateViewHolder enter
10-31 15:25:20.123 D/SurfaceFlinger( 3191):   Display[0] configurations (* current):
10-31 15:25:20.123 D/SurfaceFlinger( 3191):     * 0: 1440x2560, xdpi=580.570984, ydpi=575.432983, refresh=16949152
10-31 15:25:20.123 D/SurfaceFlinger( 3191):   numHwLayers=4, flags=00000000
10-31 15:25:20.123 D/SurfaceFlinger( 3191):     type   |  handle  | hint | flag | tr | blnd |   format    |     source crop (l,t,r,b)      |          frame         | name 
10-31 15:25:20.123 D/SurfaceFlinger( 3191): -----------+----------+------+------+----+------+-------------+--------------------------------+------------------------+------
10-31 15:25:20.123 D/SurfaceFlinger( 3191):        HWC | 738942d600 | 0000 | 0020 | 00 | 0100 | RGBA_8888   |    0.0,    0.0, 1440.0, 2560.0 |    0,    0, 1440, 2560 | com.adam.app.demoset/com.adam.app.demoset.MainActivity#0
10-31 15:25:20.123 D/SurfaceFlinger( 3191):        HWC | 738514cf40 | 0000 | 0000 | 00 | 0105 | RGBA_8888   |    0.0,    0.0, 1440.0,   96.0 |    0,    0, 1440,   96 | StatusBar#0
10-31 15:25:20.123 D/SurfaceFlinger( 3191):        HWC | 738942d300 | 0000 | 0000 | 00 | 0105 | RGBA_8888   |    0.0,    0.0,  868.0,  176.0 |  286, 2128, 1154, 2304 | Toast#0
10-31 15:25:20.123 D/SurfaceFlinger( 3191):  FB TARGET | 73853f5e40 | 0000 | 0000 | 00 | 0105 | RGBA_8888   |    0.0,    0.0, 1440.0, 2560.0 |    0,    0, 1440, 2560 | HWC_FRAMEBUFFER_TARGET
10-31 15:25:20.123 I/DemoSet (16925): UIListAdapter: onBindViewHolder enter
10-31 15:25:20.123 I/DemoSet (16925): Note: getTimeStamp enter
10-31 15:25:20.123 I/DemoSet (16925): UIListAdapter: formateDate enter
10-31 15:25:20.127 I/DemoSet (16925): Note: getNote enter
10-31 15:25:20.131 I/DemoSet (16925): UIListAdapter: getItemCount enter size = 3
10-31 15:25:20.131 I/DemoSet (16925): UIListAdapter: onCreateViewHolder enter
10-31 15:25:20.137 I/DemoSet (16925): UIListAdapter: onBindViewHolder enter
10-31 15:25:20.137 I/DemoSet (16925): Note: getTimeStamp enter
10-31 15:25:20.137 I/DemoSet (16925): UIListAdapter: formateDate enter
10-31 15:25:20.139 I/DemoSet (16925): Note: getNote enter
10-31 15:25:20.142 I/DemoSet (16925): UIListAdapter: getItemCount enter size = 3
10-31 15:25:20.142 I/DemoSet (16925): UIListAdapter: onCreateViewHolder enter
10-31 15:25:20.147 I/DemoSet (16925): UIListAdapter: onBindViewHolder enter
10-31 15:25:20.147 I/DemoSet (16925): Note: getTimeStamp enter
10-31 15:25:20.147 I/DemoSet (16925): UIListAdapter: formateDate enter
10-31 15:25:20.149 I/DemoSet (16925): Note: getNote enter
10-31 15:25:20.225 V/WindowManager( 3648): finishDrawingLocked: mDrawState=COMMIT_DRAW_PENDING Window{1854b4 u0 com.adam.app.demoset/com.adam.app.demoset.database.DemoDatabaseAct} in Surface(name=com.adam.app.demoset/com.adam.app.demoset.database.DemoDatabaseAct)
10-31 15:25:20.226 D/ViewRootImpl@57401e7[DemoDatabaseAct](16925): MSG_RESIZED_REPORT: frame=Rect(0, 0 - 1440, 2560) ci=Rect(0, 96 - 0, 0) vi=Rect(0, 96 - 0, 0) or=1
10-31 15:25:20.226 D/ViewRootImpl@57401e7[DemoDatabaseAct](16925): MSG_WINDOW_FOCUS_CHANGED 1
10-31 15:25:20.232 V/InputMethodManager(16925): Starting input: tba=android.view.inputmethod.EditorInfo@67cdb5c nm : com.adam.app.demoset ic=null
10-31 15:25:20.232 I/InputMethodManager(16925): startInputInner - mService.startInputOrWindowGainedFocus
10-31 15:25:20.232 D/InputMethodManagerService( 3648): startInputOrWindowGainedFocus : windowGainedFocus 
10-31 15:25:20.233 D/InputMethodManagerService( 3648): windowGainedFocus: destinationUserId (getCallingUid) = 0
10-31 15:25:20.233 D/InputMethodManagerService( 3648): windowGainedFocus: currentUserId=0
10-31 15:25:20.233 D/InputMethodManagerService( 3648): windowGainedFocus: mCurrentFocusedUserId=0
10-31 15:25:20.233 D/InputMethodManagerService( 3648): windowGainedFocus : lock - currentUserId = 0 destinationUserId = 0
10-31 15:25:20.233 D/InputMethodManagerService( 3648): windowGainedFocus : mCurrentFocusedUserId - 0 and mSecureKeypadEnabled - false, userSwitched - false
10-31 15:25:20.240 I/SurfaceFlinger( 3191): id=1345 createSurf (1440x2560),-1 flag=20004, com.adam.app.demoset/com.adam.app.demoset.database.DemoDatabaseAct_dim#0
10-31 15:25:20.242 V/InputMethodManagerService( 3648): windowGainedFocus : reason=WINDOW_FOCUS_GAIN client=android.os.BinderProxy@5dbf0c1 inputContext=null missingMethods= attribute=android.view.inputmethod.EditorInfo@d6d864c nm = com.adam.app.demoset controlFlags=#105 softInputMode=#110 windowFlags=#81810100
10-31 15:25:20.242 V/InputMethodManagerService( 3648): hideCurrentInputLocked : shouldHideSoftInput is false
10-31 15:25:20.242 D/InputMethodManagerService( 3648): setCurrentInputInfo - inputContext : null eidtorInfo : android.view.inputmethod.EditorInfo@d6d864c missingMethods : 0
10-31 15:25:20.242 I/InputMethodWrapper( 4029):  call dispatchStartInputWithToken
10-31 15:25:20.243 I/InputMethodService( 4029): dispatchStartInputWithToken
10-31 15:25:20.244 I/SKBD    ( 4029): SamsungKeypad [IMI] onStartInput - caller pid : 16925, caller uid : 10417
10-31 15:25:20.245 I/ActivityManager( 3648): Displayed com.adam.app.demoset/.database.DemoDatabaseAct: +271ms
10-31 15:25:20.257 D/SurfaceFlinger( 3191):   Display[0] configurations (* current):
10-31 15:25:20.257 D/SurfaceFlinger( 3191):     * 0: 1440x2560, xdpi=580.570984, ydpi=575.432983, refresh=16949152
10-31 15:25:20.257 D/SurfaceFlinger( 3191):   numHwLayers=5, flags=00000000
10-31 15:25:20.257 D/SurfaceFlinger( 3191):     type   |  handle  | hint | flag | tr | blnd |   format    |     source crop (l,t,r,b)      |          frame         | name 
10-31 15:25:20.257 D/SurfaceFlinger( 3191): -----------+----------+------+------+----+------+-------------+--------------------------------+------------------------+------
10-31 15:25:20.257 D/SurfaceFlinger( 3191):        HWC | 738942d600 | 0000 | 0020 | 00 | 0100 | RGBA_8888   |    0.0,    0.0, 1440.0, 2560.0 |    0,    0, 1440, 2560 | com.adam.app.demoset/com.adam.app.demoset.MainActivity#0
10-31 15:25:20.257 D/SurfaceFlinger( 3191):       GLES | 73851ee980 | 0000 | 0020 | 00 | 0100 | RGBA_8888   |    0.0,    0.0,   61.0, 2560.0 | 1379,    0, 1440, 2560 | com.adam.app.demoset/com.adam.app.demoset.database.DemoDatabaseAct#0
10-31 15:25:20.257 D/SurfaceFlinger( 3191):        HWC | 738514cf40 | 0000 | 0000 | 00 | 0105 | RGBA_8888   |    0.0,    0.0, 1440.0,   96.0 |    0,    0, 1440,   96 | StatusBar#0
10-31 15:25:20.257 D/SurfaceFlinger( 3191):        HWC | 738942d300 | 0000 | 0000 | 00 | 0105 | RGBA_8888   |    0.0,    0.0,  868.0,  176.0 |  286, 2128, 11
10-31 15:25:20.257 D/SurfaceFlinger( 3191): 54, 2304 | Toast#0
10-31 15:25:20.257 D/SurfaceFlinger( 3191):  FB TARGET | 73853f5d80 | 0000 | 0000 | 00 | 0105 | RGBA_8888   |    0.0,    0.0, 1440.0, 2560.0 |    0,    0, 1440, 2560 | HWC_FRAMEBUFFER_TARGET
10-31 15:25:20.264 D/OpenGLRenderer(16925): eglDestroySurface = 0x7846429860
10-31 15:25:20.264 D/OpenGLRenderer(16925): endAllActiveAnimators on 0x783464cc00 (ListView) with handle 0x783473c5e0
10-31 15:25:20.265 V/WindowManager( 3648): Relayout Window{8f5d7fd u0 com.adam.app.demoset/com.adam.app.demoset.MainActivity}: viewVisibility=8 req=1440x2560 WM.LayoutParams{(0,0)(fillxfill) sim=#110 ty=1 fl=#81810100 pfl=0x20000 wanim=0x10302fd vsysui=0x600 needsMenuKey=2 colorMode=0 naviIconColor=0}
10-31 15:25:20.268 D/ViewRootImpl@29f5902[MainActivity](16925): Relayout returned: old=[0,0][1440,2560] new=[0,0][1440,2560] result=0x5 surface={valid=false 0} changed=true
10-31 15:25:20.291 D/SurfaceFlinger( 3191):   Display[0] configurations (* current):
10-31 15:25:20.291 D/SurfaceFlinger( 3191):     * 0: 1440x2560, xdpi=580.570984, ydpi=575.432983, refresh=16949152
10-31 15:25:20.291 D/SurfaceFlinger( 3191):   numHwLayers=6, flags=00000000
10-31 15:25:20.291 D/SurfaceFlinger( 3191):     type   |  handle  | hint | flag | tr | blnd |   format    |     source crop (l,t,r,b)      |          frame         | name 
10-31 15:25:20.291 D/SurfaceFlinger( 3191): -----------+----------+------+------+----+------+-------------+--------------------------------+------------------------+------
10-31 15:25:20.291 D/SurfaceFlinger( 3191):        HWC | 73850c2fc0 | 0000 | 0020 | 00 | 0100 | RGBA_8888   |    4.0,    0.0, 1440.0, 2560.0 |    0,    0, 1436, 2560 | com.adam.app.demoset/com.adam.app.demoset.MainActivity#0
10-31 15:25:20.291 D/SurfaceFlinger( 3191):       GLES | 00000000 | 0000 | 0200 | 00 | 0105 | ? ffffffff  |    0.0,    0.0,   -1.0,   -1.0 |    0,    0, 1440, 2560 | com.adam.app.demoset/com.adam.app.demoset.database.DemoDatabaseAct_dim#0
10-31 15:25:20.291 D/SurfaceFlinger( 3191):        HWC | 7380f2a4c0 | 0000 | 0020 | 00 | 0100 | RGBA_8888   |    0.0,    0.0,  216.0, 2560.0 | 1224,    0, 1440, 2560 | com.adam.app.demoset/com.adam.app.demoset.database.DemoDatabaseAct#0
10-31 15:25:20.291 D/SurfaceFlinger( 3191):        HWC | 738514cf40 | 0000 | 0000 | 00 | 0105 | RG
10-31 15:25:20.291 D/SurfaceFlinger( 3191): BA_8888   |    0.0,    0.0, 1440.0,   96.0 |    0,    0, 1440,   96 | StatusBar#0
10-31 15:25:20.291 D/SurfaceFlinger( 3191):        HWC | 738942d300 | 0000 | 0000 | 00 | 0105 | RGBA_8888   |    0.0,    0.0,  868.0,  176.0 |  286, 2128, 1154, 2304 | Toast#0
10-31 15:25:20.291 D/SurfaceFlinger( 3191):  FB TARGET | 73853f5f00 | 0000 | 0000 | 00 | 0105 | RGBA_8888   |    0.0,    0.0, 1440.0, 2560.0 |    0,    0, 1440, 2560 | HWC_FRAMEBUFFER_TARGET
10-31 15:25:20.353 D/ConnectivityService( 3648): filterNetworkStateForUid() uid: 10031 networkInfo: [type: WIFI[] - WIFI, state: CONNECTED/CONNECTED, reason: (unspecified), extra: "altek", failover: false, available: true, roaming: false, metered: false]
10-31 15:25:20.354 D/ConnectivityService( 3648): filterNetworkStateForUid() uid: 10031 networkInfo: [type: WIFI[] - WIFI, state: CONNECTED/CONNECTED, reason: (unspecified), extra: "altek", failover: false, available: true, roaming: false, metered: false]
10-31 15:25:20.629 I/WindowManager( 3648): Destroying surface Surface(name=com.adam.app.demoset/com.adam.app.demoset.database.DemoDatabaseAct_dim) called by com.android.server.wm.WindowStateAnimator.destroyTransitionDimSurface:2733 com.android.server.wm.WindowState.onExitAnimationDone:5262 com.android.server.wm.AppWindowAnimator.stepAnimationLocked:508 com.android.server.wm.AppWindowToken.stepAppWindowsAnimation:1659 com.android.server.wm.WindowContainer.stepAppWindowsAnimation:521 com.android.server.wm.WindowContainer.stepAppWindowsAnimation:521 com.android.server.wm.TaskStack.stepAppWindowsAnimation:1948 com.android.server.wm.WindowContainer.stepAppWindowsAnimation:521 
10-31 15:25:20.630 I/SurfaceFlinger( 3191): id=1345 Removed com.adam.app.demoset/com.adam.app.demoset.database.DemoDatabaseAct_dim#0 (3/8)
10-31 15:25:20.630 I/SurfaceFlinger( 3191): id=1345 Removed com.adam.app.demoset/com.adam.app.demoset.database.DemoDatabaseAct_dim#0 (-2/8)
10-31 15:25:20.630 I/WindowManager( 3648): Destroying surface Surface(name=com.adam.app.demoset/com.adam.app.demoset.MainActivity) called by com.android.server.wm.WindowStateAnimator.destroySurface:2501 com.android.server.wm.WindowStateAnimator.destroySurfaceLocked:985 com.android.server.wm.WindowState.destroyOrSaveSurfaceUnchecked:3680 com.android.server.wm.WindowState.destroySurface:3628 com.android.server.wm.AppWindowToken.destroySurfaces:722 com.android.server.wm.AppWindowToken.destroySurfaces:706 com.android.server.wm.WindowState.onExitAnimationDone:5335 com.android.server.wm.WindowStateAnimator.stepAnimationLocked:550 
10-31 15:25:20.630 I/SurfaceFlinger( 3191): id=1342 Removed com.adam.app.demoset/com.adam.app.demoset.MainActivity#0 (2/7)
10-31 15:25:20.631 D/CustomFrequencyManagerService( 3648): acquireDVFSLockLocked : type : DVFS_MIN_LIMIT  frequency : 1768000  uid : 1000  pid : 3648  pkgName : AMS_RESUME_TAIL@CPU_MIN@31
10-31 15:25:20.631 D/ActivityManagerPerformance( 3648): AMP_acquire() TAIL
10-31 15:25:20.631 D/CustomFrequencyManagerService( 3648): FrequencyrequestList.getNextMaxCPUCoreRequest, index: 2
10-31 15:25:20.631 D/CustomFrequencyManagerService( 3648): releaseDVFSLockLocked : Getting Lock type frm List : DVFS_MIN_LIMIT  frequency : 1976000  uid : 1000  pid : 3648  tag : AMS_ACT_START@CPU_MIN@39
10-31 15:25:20.631 D/ActivityManagerPerformance( 3648): AMP_release() ACT_START
10-31 15:25:20.633 I/SurfaceFlinger( 3191): id=1342 Removed com.adam.app.demoset/com.adam.app.demoset.MainActivity#0 (-2/7)
10-31 15:25:20.643 D/SurfaceFlinger( 3191):   Display[0] configurations (* current):
10-31 15:25:20.643 D/SurfaceFlinger( 3191):     * 0: 1440x2560, xdpi=580.570984, ydpi=575.432983, refresh=16949152
10-31 15:25:20.643 D/SurfaceFlinger( 3191):   numHwLayers=4, flags=00000000
10-31 15:25:20.643 D/SurfaceFlinger( 3191):     type   |  handle  | hint | flag | tr | blnd |   format    |     source crop (l,t,r,b)      |          frame         | name 
10-31 15:25:20.643 D/SurfaceFlinger( 3191): -----------+----------+------+------+----+------+-------------+--------------------------------+------------------------+------
10-31 15:25:20.643 D/SurfaceFlinger( 3191):        HWC | 7380f2a4c0 | 0000 | 0020 | 00 | 0100 | RGBA_8888   |    0.0,    0.0, 1440.0, 2560.0 |    0,    0, 1440, 2560 | com.adam.app.demoset/com.adam.app.demoset.database.DemoDatabaseAct#0
10-31 15:25:20.643 D/SurfaceFlinger( 3191):        HWC | 738514cf40 | 0000 | 0000 | 00 | 0105 | RGBA_8888   |    0.0,    0.0, 1440.0,   96.0 |    0,    0, 1440,   96 | StatusBar#0
10-31 15:25:20.643 D/SurfaceFlinger( 3191):        HWC | 738942d300 | 0000 | 0000 | 00 | 0105 | RGBA_8888   |    0.0,    0.0,  868.0,  176.0 |  286, 2128, 1154, 2304 | Toast#0
10-31 15:25:20.643 D/SurfaceFlinger( 3191):  FB TARGET | 73853f5d80 | 0000 | 0000 | 00 | 0105 | RGBA_8888   |    0.0,    0.0, 1440.0, 2560.0 |    0,    0, 1440, 2560 | HWC_FRAMEBUFFER_TARGET
10-31 15:25:20.646 I/Layer   ( 3191): id=1342 onRemoved com.adam.app.demoset/com.adam.app.demoset.MainActivity#0 
10-31 15:25:20.647 I/Layer   ( 3191): id=1345 onRemoved com.adam.app.demoset/com.adam.app.demoset.database.DemoDatabaseAct_dim#0 
10-31 15:25:20.650 V/WindowManager( 3648): Relayout Window{8f5d7fd u0 com.adam.app.demoset/com.adam.app.demoset.MainActivity}: viewVisibility=8 req=1440x2560 WM.LayoutParams{(0,0)(fillxfill) sim=#20 ty=1 fl=#81810100 pfl=0x20000 wanim=0x10302fd vsysui=0x600 needsMenuKey=2 colorMode=0 naviIconColor=0}
10-31 15:25:20.654 D/ViewRootImpl@29f5902[MainActivity](16925): Relayout returned: old=[0,0][1440,2560] new=[0,0][1440,2560] result=0x1 surface={valid=false 0} changed=false
10-31 15:25:20.714 I/zygote64(16925): Compiler allocated 8MB to compile void android.view.ViewRootImpl.performTraversals()
10-31 15:25:20.937 D/CustomFrequencyManagerService( 3648): releaseDVFSLockLocked : Getting Lock type frm List : DVFS_MIN_LIMIT  frequency : 1768000  uid : 1000  pid : 3648  tag : AMS_RESUME_TAIL@CPU_MIN@31
10-31 15:25:21.479 I/android.hardware.wifi@1.0-service( 3182): getLinkLayerStats
10-31 15:25:21.741 V/APM_AudioPolicyManager( 3298): getAudioPolicyConfig: audioParam;outDevice
10-31 15:25:21.742 V/APM_AudioPolicyManager( 3298): getNewOutputDevice() selected device 0
10-31 15:25:21.742 V/APM_AudioPolicyManager( 3298): ### curdevice : 2
10-31 15:25:21.742 V/APM_AudioPolicyManager( 3298): getAudioPolicyConfig: audioParam;outDevice
10-31 15:25:21.743 V/APM_AudioPolicyManager( 3298): getNewOutputDevice() selected device 0
10-31 15:25:21.743 V/APM_AudioPolicyManager( 3298): ### curdevice : 2
10-31 15:25:21.744 V/APM_AudioPolicyManager( 3298): getAudioPolicyConfig: audioParam;outDevice
10-31 15:25:21.744 V/APM_AudioPolicyManager( 3298): getNewOutputDevice() selected device 0
10-31 15:25:21.744 V/APM_AudioPolicyManager( 3298): ### curdevice : 2
10-31 15:25:21.761 V/APM_AudioPolicyManager( 3298): getAudioPolicyConfig: audioParam;activeStream
10-31 15:25:21.762 V/APM_AudioPolicyManager( 3298): ### active stream : 0
10-31 15:25:21.762 D/AudioService( 3648): active stream is 0x0
10-31 15:25:21.949 W/WindowManager( 3648): removeWindowToken: Attempted to remove non-existing token: android.os.Binder@dc85e1c
10-31 15:25:21.953 D/ViewRootImpl@dc78062[Toast](16925): dispatchDetachedFromWindow
10-31 15:25:21.954 D/InputEventReceiver(16925): channel '40b4008 Toast (client)' ~ Disposing input event receiver.
10-31 15:25:21.955 D/InputEventReceiver(16925): channel '40b4008 Toast (client)' ~NativeInputEventReceiver.
10-31 15:25:21.962 D/PreBindingService( 3648): handleMessage : 1
10-31 15:25:22.061 D/io_stats( 4711): !@   8,0 r 998645 45795248 w 632936 14792424 d 85163 16929860 f 174879 174819 iot 1489660 1347363 th 393840 0 0 pt 0 inp 0 0 92770.325
10-31 15:25:22.144 D/InputReader( 3648): Input event(3): value=1 when=92770409960000
10-31 15:25:22.145 D/InputReader( 3648): Input event(3): value=1 when=92770409960000
10-31 15:25:22.145 I/InputReader( 3648): Touch event's action is 0x0 (deviceType=0) [pCnt=1, s=0.2641 ] when=92770409960000
10-31 15:25:22.145 I/InputDispatcher( 3648): Delivering touch to (4051): action: 0x4, toolType: 1
10-31 15:25:22.146 I/InputDispatcher( 3648): Delivering touch to (16925): action: 0x0, toolType: 1
10-31 15:25:22.147 D/ViewRootImpl@57401e7[DemoDatabaseAct](16925): ViewPostIme pointer 0
10-31 15:25:22.150 I/DemoSet (16925): MyTouchItemListener: onInterceptTouchEvent enter
10-31 15:25:22.150 I/DemoSet (16925): MyTouchItemListener: Start long click timer
10-31 15:25:22.175 I/DemoSet (16925): MyTouchItemListener: onInterceptTouchEvent enter
10-31 15:25:22.480 I/WindowManager( 3648): Destroying surface Surface(name=Toast) called by com.android.server.wm.WindowStateAnimator.destroySurface:2501 com.android.server.wm.WindowStateAnimator.destroySurfaceLocked:985 com.android.server.wm.WindowState.destroyOrSaveSurfaceUnchecked:3680 com.android.server.wm.RootWindowContainer.performSurfacePlacement:826 com.android.server.wm.WindowSurfacePlacer.performSurfacePlacementLoop:233 com.android.server.wm.WindowSurfacePlacer.performSurfacePlacement:168 com.android.server.wm.WindowSurfacePlacer.performSurfacePlacement:158 com.android.server.wm.WindowSurfacePlacer.lambda$-com_android_server_wm_WindowSurfacePlacer_6459:135 
10-31 15:25:22.481 I/SurfaceFlinger( 3191): id=1343 Removed Toast#0 (5/6)
10-31 15:25:22.481 I/SurfaceFlinger( 3191): id=1343 Removed Toast#0 (-2/6)
10-31 15:25:22.483 D/PowerManagerService( 3648): [api] release WakeLock SCREEN_BRIGHT_WAKE_LOCK        'WindowManager' ON_AFTER_RELEASE ACQ=-2s405ms (uid=1000 pid=3648 ws=WorkSource{10417}) (0x0)
10-31 15:25:22.483 D/PowerManagerService( 3648): [api] applyWakeLockFlagsOnReleaseLocked : userActivityNoUpdateLocked is called : SCREEN_BRIGHT_WAKE_LOCK        'WindowManager' ON_AFTER_RELEASE (uid=1000 pid=3648 ws=WorkSource{10417})
10-31 15:25:22.488 D/SurfaceFlinger( 3191):   Display[0] configurations (* current):
10-31 15:25:22.488 D/SurfaceFlinger( 3191):     * 0: 1440x2560, xdpi=580.570984, ydpi=575.432983, refresh=16949152
10-31 15:25:22.488 D/SurfaceFlinger( 3191):   numHwLayers=3, flags=00000000
10-31 15:25:22.488 D/SurfaceFlinger( 3191):     type   |  handle  | hint | flag | tr | blnd |   format    |     source crop (l,t,r,b)      |          frame         | name 
10-31 15:25:22.488 D/SurfaceFlinger( 3191): -----------+----------+------+------+----+------+-------------+--------------------------------+------------------------+------
10-31 15:25:22.488 D/SurfaceFlinger( 3191):        HWC | 73851ee980 | 0000 | 0020 | 00 | 0100 | RGBA_8888   |    0.0,    0.0, 1440.0, 2560.0 |    0,    0, 1440, 2560 | com.adam.app.demoset/com.adam.app.demoset.database.DemoDatabaseAct#0
10-31 15:25:22.488 D/SurfaceFlinger( 3191):        HWC | 738514cf40 | 0000 | 0000 | 00 | 0105 | RGBA_8888   |    0.0,    0.0, 1440.0,   96.0 |    0,    0, 1440,   96 | StatusBar#0
10-31 15:25:22.488 D/SurfaceFlinger( 3191):  FB TARGET | 73853f5d80 | 0000 | 0000 | 00 | 0105 | RGBA_8888   |    0.0,    0.0, 1440.0, 2560.0 |    0,    0, 1440, 2560 | HWC_FRAMEBUFFER_TARGET
10-31 15:25:22.491 I/Layer   ( 3191): id=1343 onRemoved Toast#0 
10-31 15:25:22.589 W/StorageManager( 3648): getStorageLowBytes lowPercent : 5, lowBytes : 1334851584, maxLowBytes : 524288000
10-31 15:25:22.591 E/Finsky  (16620): [5086] com.google.android.finsky.at.c.a(27): Unable to build selector: /storage/emulated/0/Download/marketenvs.csv (No such file or directory)
10-31 15:25:22.603 I/ActivityManager( 3648): KPU : put [com.android.printspooler] : 0 K
10-31 15:25:22.604 I/ActivityManager( 3648): Killing 15844:com.android.printspooler/u0a131 (adj 906): DHA:empty #25
10-31 15:25:22.608 I/Finsky  (16620): [5071] com.google.android.finsky.dt.a.a.a.b(29): Triggered update for experiment package com.google.android.finsky.stable.
10-31 15:25:22.637 D/ForegroundUtils( 4319): could not check pending caller
10-31 15:25:22.681 I/DemoSet (16925): MyTouchItemListener: onInterceptTouchEvent enter
10-31 15:25:22.741 I/Finsky  (16620): [5071] com.google.android.finsky.dt.a.a.a.b(49): Already at the latest configurations for experiment package com.google.android.finsky.stable.
10-31 15:25:22.742 I/Finsky  (16620): [5078] com.google.android.finsky.dt.a.a.a.b(29): Triggered update for experiment package com.google.android.finsky.regular.
10-31 15:25:22.878 I/Finsky  (16620): [5088] com.google.android.finsky.wear.eg.a(14): Do not start WearSupportService due to Wear service optimization
10-31 15:25:22.890 I/Finsky  (16620): [5078] com.google.android.finsky.dt.a.a.a.b(49): Already at the latest configurations for experiment package com.google.android.finsky.regular.
10-31 15:25:22.891 I/Finsky  (16620): [5070] com.google.android.finsky.dt.a.a.a.b(29): Triggered update for experiment package com.google.android.finsky.regular.
10-31 15:25:22.925 I/Finsky  (16620): [5070] com.google.android.finsky.dt.a.j.a(5): Started reading experiment flags from file [v6B-2IolLQRBwrwPhscSaeg04As].
10-31 15:25:22.927 I/Finsky  (16620): [5070] com.google.android.finsky.dt.a.j.a(39): Finished reading experiment flags from file [v6B-2IolLQRBwrwPhscSaeg04As].
10-31 15:25:22.927 I/Finsky  (16620): [5070] com.google.android.finsky.dt.a.a.a.b(49): Already at the latest configurations for experiment package com.google.android.finsky.regular.
10-31 15:25:22.929 I/Finsky  (16620): [5074] com.google.android.finsky.dt.a.a.a.b(29): Triggered update for experiment package com.google.android.finsky.regular.
10-31 15:25:22.958 I/Finsky  (16620): [5074] com.google.android.finsky.dt.a.a.a.b(49): Already at the latest configurations for experiment package com.google.android.finsky.regular.
10-31 15:25:23.084 I/Finsky  (16620): [5089] com.google.android.finsky.verifier.impl.dq.e(125): Restoring notifications
10-31 15:25:23.106 I/Finsky  (16620): [5089] com.google.android.finsky.verifier.impl.dq.e(131): Done restoring notifications
10-31 15:25:23.517 I/DemoSet (16925): MyTouchItemListener: onInterceptTouchEvent enter
10-31 15:25:23.792 D/GameManagerService( 3648): identifyGamePackage. com.adam.app.demoset
10-31 15:25:23.792 D/GamePkgDataHelper( 3648): getGamePkgData(). com.adam.app.demoset
10-31 15:25:24.025 D/BatteryService( 3648): !@BatteryListener : batteryPropertiesChanged!
10-31 15:25:24.171 I/chatty  (16925): uid=10417(u0_a417) com.adam.app.demoset identical 3 lines
10-31 15:25:24.205 I/DemoSet (16925): MyTouchItemListener: onInterceptTouchEvent enter
10-31 15:25:24.493 D/SensorHubManager( 3648): onGetSensorHubDataLocked: library(22) = 1, 1, 44, 1, 1, 1, 1, -120, -84, -78, 2, 0, 0, 0, 0, 0, 0, 0, 0, 0, 39, 48
10-31 15:25:24.494 D/CAE     ( 3648): onGetSensorHubData(SensorHubParserProvider.java:91) - onGetSensorHubData Event [event buffer len :22], AP_WAKEUP
10-31 15:25:24.495 I/CAE     ( 3648): parse(SensorHubParserProvider.java:192) - buffer size = 22
10-31 15:25:24.495 I/CAE     ( 3648): parse(SensorHubParserProvider.java:203) - 1, 1, 44, 1, 1, 1, 1, -120, -84, -78, 2, 0, 0, 0, 0, 0, 0, 0, 0, 0, 39, 48,
10-31 15:25:24.496 I/CAE     ( 3648): parse(SLMonitorRunner.java:301) - parse:4
10-31 15:25:24.496 D/CAE     ( 3648): parse(SLMonitorRunner.java:323) - dataSize:1
10-31 15:25:24.497 D/CAE     ( 3648): display(SLMonitorRunner.java:604) - ================= STEP_LEVEL_MONITOR =================
10-31 15:25:24.497 I/CAE     ( 3648): display(SLMonitorRunner.java:721) - DT=[1], DC=[1], TS=[1540969734322], ST=[SE], SC=[0], DI=[0.0], CA=[0.0], DU=[10032]
10-31 15:25:24.498 D/SemContextService( 3648): Service.updateContext() : service = Step Level Monitor
10-31 15:25:24.500 I/Sensor[0x06]( 5385): [0x01] 33
10-31 15:25:24.500 I/Sensor[0x04]( 5385): [0x01] 1540969734322[0x02] 0[0x03] 2[0x04] 10032
10-31 15:25:24.505 I/android.hardware.wifi@1.0-service( 3182): getLinkLayerStats
10-31 15:25:25.152 I/DemoSet (16925): LongClickTask: 3 second has been arrived..
10-31 15:25:25.152 I/DemoSet (16925): : onLongClick
10-31 15:25:25.153 I/DemoSet (16925): : UI handleMessage enter
10-31 15:25:25.153 I/DemoSet (16925): DemoDatabaseAct: showOptionDlg enter position = 1
10-31 15:25:25.153 I/DemoSet (16925): Note: getId enter
10-31 15:25:25.154 I/DemoSet (16925): DemoDatabaseAct: id: 4
10-31 15:25:25.154 I/DemoSet (16925): Note: getTimeStamp enter
10-31 15:25:25.154 I/DemoSet (16925): DemoDatabaseAct: timestamp: 2018-10-31 06:20:00
10-31 15:25:25.155 I/DemoSet (16925): Note: getNote enter
10-31 15:25:25.155 I/DemoSet (16925): DemoDatabaseAct: note: h9m
10-31 15:25:25.158 I/DemoSet (16925): DemoDatabaseAct: showOptionDlg show
10-31 15:25:25.257 D/ScrollView(16925): initGoToTop
10-31 15:25:25.289 I/zygote64(16925): Do full code cache collection, code=223KB, data=194KB
10-31 15:25:25.289 I/zygote64(16925): After code cache collection, code=219KB, data=157KB
10-31 15:25:25.294 D/InputDispatcher( 3648): Focus left window: 16925
10-31 15:25:25.294 D/InputDispatcher( 3648): Focus entered window: 16925
10-31 15:25:25.296 D/ViewRootImpl@b4e8290[DemoDatabaseAct](16925): setView = DecorView@795a789[] TM=true MM=false
10-31 15:25:25.307 D/ViewRootImpl@b4e8290[DemoDatabaseAct](16925): dispatchAttachedToWindow
10-31 15:25:25.332 V/WindowManager( 3648): Relayout Window{854f711 u0 com.adam.app.demoset/com.adam.app.demoset.database.DemoDatabaseAct}: viewVisibility=0 req=1367x755 WM.LayoutParams{(0,0)(wrapxwrap) gr=#11 sim=#120 ty=2 fl=#1820002 fmt=-3 wanim=0x7f0f0002 surfaceInsets=Rect(128, 128 - 128, 128) needsMenuKey=2 colorMode=0 naviIconColor=0}
10-31 15:25:25.345 D/SurfaceFlinger( 3191): duplicate layer name: changing com.adam.app.demoset/com.adam.app.demoset.database.DemoDatabaseAct to com.adam.app.demoset/com.adam.app.demoset.database.DemoDatabaseAct#1
10-31 15:25:25.345 I/SurfaceFlinger( 3191): id=1346 createSurf (1623x1011),1 flag=4, com.adam.app.demoset/com.adam.app.demoset.database.DemoDatabaseAct#1
10-31 15:25:25.348 V/Surface ( 3648): sf_framedrop debug : 0x4f4c, game : false, logging : 0
10-31 15:25:25.352 D/WindowManager( 3648): set systemUiVisibility : systemUiFlags= 0x8 fullscreenStackSysUiFlags= 0x0
10-31 15:25:25.358 V/Surface (16925): sf_framedrop debug : 0x4f4c, game : false, logging : 0
10-31 15:25:25.358 D/WindowManager( 3648): adjustSystemUiVisibilityLw : vis= 0x8
10-31 15:25:25.359 D/ViewRootImpl@b4e8290[DemoDatabaseAct](16925): Relayout returned: old=[0,0][0,0] new=[36,950][1403,1705] result=0x7 surface={valid=true 515951976448} changed=true
10-31 15:25:25.367 D/mali_winsys(16925): EGLint new_window_surface(egl_winsys_display *, void *, EGLSurface, EGLConfig, egl_winsys_surface **, egl_color_buffer_format *, EGLBoolean) returns 0x3000,  [1623x1011]-format:1
10-31 15:25:25.367 D/OpenGLRenderer(16925): eglCreateWindowSurface = 0x7846429860
10-31 15:25:25.393 D/AbsListView(16925):  in onLayout changed 
10-31 15:25:25.396 D/ViewRootImpl@b4e8290[DemoDatabaseAct](16925): MSG_WINDOW_FOCUS_CHANGED 1
10-31 15:25:25.398 V/InputMethodManager(16925): Not IME target window, ignoring
10-31 15:25:25.477 V/WindowManager( 3648): finishDrawingLocked: mDrawState=COMMIT_DRAW_PENDING Window{854f711 u0 com.adam.app.demoset/com.adam.app.demoset.database.DemoDatabaseAct} in Surface(name=com.adam.app.demoset/com.adam.app.demoset.database.DemoDatabaseAct)
10-31 15:25:25.480 D/ViewRootImpl@b4e8290[DemoDatabaseAct](16925): MSG_RESIZED_REPORT: frame=Rect(36, 950 - 1403, 1705) ci=Rect(0, 0 - 0, 0) vi=Rect(0, 0 - 0, 0) or=1
10-31 15:25:25.538 D/ViewRootImpl@57401e7[DemoDatabaseAct](16925): MSG_WINDOW_FOCUS_CHANGED 0
10-31 15:25:25.541 D/SurfaceFlinger( 3191):   Display[0] configurations (* current):
10-31 15:25:25.541 D/SurfaceFlinger( 3191):     * 0: 1440x2560, xdpi=580.570984, ydpi=575.432983, refresh=16949152
10-31 15:25:25.541 D/SurfaceFlinger( 3191):   numHwLayers=4, flags=00000000
10-31 15:25:25.541 D/SurfaceFlinger( 3191):     type   |  handle  | hint | flag | tr | blnd |   format    |     source crop (l,t,r,b)      |          frame         | name 
10-31 15:25:25.541 D/SurfaceFlinger( 3191): -----------+----------+------+------+----+------+-------------+--------------------------------+------------------------+------
10-31 15:25:25.541 D/SurfaceFlinger( 3191):        HWC | 7380f2a4c0 | 0000 | 0020 | 00 | 0100 | RGBA_8888   |    0.0,    0.0, 1440.0, 2560.0 |    0,    0, 1440, 2560 | com.adam.app.demoset/com.adam.app.demoset.database.DemoDatabaseAct#0
10-31 15:25:25.541 D/SurfaceFlinger( 3191):        HWC | 738514a000 | 0000 | 0000 | 00 | 0105 | RGBA_8888   |   92.0,    0.0, 1532.0, 1011.0 |    0,  822, 1440, 1833 | com.adam.app.demoset/com.adam.app.demoset.database.DemoDatabaseAct#1
10-31 15:25:25.541 D/SurfaceFlinger( 3191):        HWC | 738514cf40 | 0000 | 0000 | 00 | 0105 | RGBA_8888   |    0.0,    0.0, 1440.0,   96.0 |    0,    0, 1440,   96 | StatusBar#0
10-31 15:25:25.541 D/SurfaceFlinger( 3191):  FB TARGET | 73853f5d80 | 0000 | 0000 | 00 | 0105 | RGBA_8888   |    0.0,    0.0, 1440.0, 2560.0 |   
10-31 15:25:25.541 D/SurfaceFlinger( 3191):  0,    0, 1440, 2560 | HWC_FRAMEBUFFER_TARGET
10-31 15:25:25.547 I/DemoSet (16925): MyTouchItemListener: onInterceptTouchEvent enter
10-31 15:25:25.558 D/SurfaceFlinger( 3191):   Display[0] configurations (* current):
10-31 15:25:25.558 D/SurfaceFlinger( 3191):     * 0: 1440x2560, xdpi=580.570984, ydpi=575.432983, refresh=16949152
10-31 15:25:25.558 D/SurfaceFlinger( 3191):   numHwLayers=5, flags=00000000
10-31 15:25:25.558 D/SurfaceFlinger( 3191):     type   |  handle  | hint | flag | tr | blnd |   format    |     source crop (l,t,r,b)      |          frame         | name 
10-31 15:25:25.558 D/SurfaceFlinger( 3191): -----------+----------+------+------+----+------+-------------+--------------------------------+------------------------+------
10-31 15:25:25.558 D/SurfaceFlinger( 3191):        HWC | 7380f2a4c0 | 0000 | 0020 | 00 | 0100 | RGBA_8888   |    0.0,    0.0, 1440.0, 2560.0 |    0,    0, 1440, 2560 | com.adam.app.demoset/com.adam.app.demoset.database.DemoDatabaseAct#0
10-31 15:25:25.558 D/SurfaceFlinger( 3191):       GLES | 00000000 | 0000 | 0200 | 00 | 0105 | ? ffffffff  |   -0.2,   -0.2,   -0.8,   -0.8 |    0,    0, 1440, 2560 | DimLayerController/Stack=0#0
10-31 15:25:25.558 D/SurfaceFlinger( 3191):        HWC | 738514ce80 | 0000 | 0000 | 00 | 0105 | RGBA_8888   |   92.0,    0.0, 1532.0, 1011.0 |    0,  822, 1440, 1833 | com.adam.app.demoset/com.adam.app.demoset.database.DemoDatabaseAct#1
10-31 15:25:25.558 D/SurfaceFlinger( 3191):        HWC | 738514cf40 | 0000 | 0000 | 00 | 0105 | RGBA_8888   |    0.0,    0.0, 1440
10-31 15:25:25.558 D/SurfaceFlinger( 3191): .0,   96.0 |    0,    0, 1440,   96 | StatusBar#0
10-31 15:25:25.558 D/SurfaceFlinger( 3191):  FB TARGET | 73853f5f00 | 0000 | 0000 | 00 | 0105 | RGBA_8888   |    0.0,    0.0, 1440.0, 2560.0 |    0,    0, 1440, 2560 | HWC_FRAMEBUFFER_TARGET
10-31 15:25:25.597 I/DemoSet (16925): MyTouchItemListener: onInterceptTouchEvent enter
10-31 15:25:25.603 I/Finsky  (16620): [2] com.google.android.finsky.setup.bf.run(7): Detected restoreservicev2://recovery not needed, will not run
10-31 15:25:25.764 I/DemoSet (16925): MyTouchItemListener: onInterceptTouchEvent enter
10-31 15:25:25.789 I/ReschedulableTimer(16659): [#CMH#] ReschedulableTimer started 
10-31 15:25:25.949 D/InputReader( 3648): Input event(3): value=0 when=92774215255000
10-31 15:25:25.950 D/InputReader( 3648): Input event(3): value=0 when=92774215255000
10-31 15:25:25.950 I/InputReader( 3648): Touch event's action is 0x1 (deviceType=0) [pCnt=1, s=] when=92774215255000
10-31 15:25:25.950 I/InputDispatcher( 3648): Delivering touch to (16925): action: 0x1, toolType: 1
10-31 15:25:25.952 I/DemoSet (16925): MyTouchItemListener: onInterceptTouchEvent enter
10-31 15:25:25.954 D/ViewRootImpl@57401e7[DemoDatabaseAct](16925): ViewPostIme pointer 1
10-31 15:25:25.957 I/DemoSet (16925): MyTouchItemListener: onInterceptTouchEvent enter
10-31 15:25:25.957 I/DemoSet (16925): MyTouchItemListener: cancel long click timer
10-31 15:25:26.384 D/StorageManagerService( 3648): getExternalStorageMountMode : 1
10-31 15:25:26.384 D/StorageManagerService( 3648): getExternalStorageMountMode : 3
10-31 15:25:26.385 D/StorageManagerService( 3648): getExternalStorageMountMode : final mountMode=1, uid : 10123, packageName : com.google.android.apps.photos
10-31 15:25:26.385 I/ApplicationPolicy( 3648): isApplicationExternalStorageWhitelisted:com.google.android.apps.photos user:0
10-31 15:25:26.386 D/ApplicationPolicy( 3648): isApplicationExternalStorageWhitelisted: DO is not enabled on user 0. Allowed.
10-31 15:25:26.386 D/ActivityManager( 3648): package  com.google.android.apps.photos, user - 0 is SDcard whitelisted
10-31 15:25:26.386 I/ApplicationPolicy( 3648): isApplicationExternalStorageBlacklisted:com.google.android.apps.photos user:0
10-31 15:25:26.386 D/ApplicationPolicy( 3648): isApplicationExternalStorageBlacklisted: DO is not enabled on user 0. Allowed.
10-31 15:25:26.408 E/Zygote  (16980): isWhitelistProcess - Process is Whitelisted
10-31 15:25:26.410 E/libpersona(16980): scanKnoxPersonas
10-31 15:25:26.410 E/libpersona(16980): Couldn't open the File - /data/system/users/0/personalist.xml - No such file or directory
10-31 15:25:26.410 I/ActivityManager( 3648): Start proc 16980:com.google.android.apps.photos/u0a123 for service com.google.android.apps.photos/com.google.android.libraries.social.mediamonitor.MediaMonitorJobSchedulerService
10-31 15:25:26.414 W/SELinux (16980): SELinux selinux_android_compute_policy_index : Policy Index[2],  Con:u:r:zygote:s0 RAM:SEPF_SM-G930F_8.0.0_0011, [-1 -1 -1 -1 0 1]
10-31 15:25:26.416 I/SELinux (16980): SELinux: seapp_context_lookup: seinfo=untrusted, level=s0:c512,c768, pkgname=com.google.android.apps.photos 
10-31 15:25:26.451 D/TimaKeyStoreProvider(16980): TimaKeyStore is not enabled: cannot add TimaSignature Service and generateKeyPair Service
10-31 15:25:26.451 D/ActivityThread(16980): Added TimaKeyStore provider
10-31 15:25:26.460 I/ActivityManager( 3648): DSS on for com.google.android.apps.photos and scale is 1.0
10-31 15:25:26.530 I/zygote64(16980): no shared libraies, dex_files: 1
10-31 15:25:26.546 W/ResourceType(16980): ResTable_typeSpec entry count inconsistent: given 467, previously 1288
10-31 15:25:26.641 D/SamsungAlarmManager( 3648): Expired : 4
10-31 15:25:26.641 I/SamsungAlarmManager( 3648): setLocked to kernel - T:2 / 20181031T153028, SetElapsed=341749181, nowELAPSED=341447162
10-31 15:25:26.642 I/SamsungAlarmManager( 3648): setLocked to kernel - T:3 / 20181031T152559, SetElapsed=341480520, nowELAPSED=341447162
10-31 15:25:26.658 V/SamsungAlarmManager( 3648): Sending to uid : 10233 action=null alarm=Alarm{2563313 type 0 when 1540970726641 zyosoft.tw.ijxt}
10-31 15:25:26.676 D/SamsungAlarmManager( 3648): setExact Intent (T:0/F:1/AC:false) 20181031T153026 - CU:10233/CP:25771
10-31 15:25:26.676 I/SamsungAlarmManager( 3648): setLocked to kernel - T:2 / 20181031T153026, SetElapsed=341747116, nowELAPSED=341447197
10-31 15:25:26.687 D/ConnectivityService( 3648): filterNetworkStateForUid() uid: 10233 networkInfo: [type: WIFI[] - WIFI, state: DISCONNECTED/BLOCKED, reason: (unspecified), extra: (none), failover: false, available: true, roaming: false, metered: false]
10-31 15:25:26.694 D/DnsProxyListener( 3309): DNSDBG::dns addrinfo af 2
10-31 15:25:26.808 D/JobServiceContext( 3648): sendStopMessageLocked stop reason: job rescheduled by app
10-31 15:25:26.814 D/InputReader( 3648): Input event(3): value=1 when=92775079710000
10-31 15:25:26.814 D/InputReader( 3648): Input event(3): value=1 when=92775079710000
10-31 15:25:26.814 I/InputReader( 3648): Touch event's action is 0x0 (deviceType=0) [pCnt=1, s=0.2642 ] when=92775079710000
10-31 15:25:26.815 I/InputDispatcher( 3648): Delivering touch to (4051): action: 0x4, toolType: 1
10-31 15:25:26.815 I/InputDispatcher( 3648): Delivering touch to (16925): action: 0x0, toolType: 1
10-31 15:25:26.817 D/ViewRootImpl@b4e8290[DemoDatabaseAct](16925): ViewPostIme pointer 0
10-31 15:25:26.822 I/ActivityManager( 3648): KPU : put [com.samsung.android.airtel.stubapp] : 0 K
10-31 15:25:26.822 I/ActivityManager( 3648): Killing 16376:com.samsung.android.airtel.stubapp/u0a408 (adj 906): DHA:empty #25
