10-31 15:25:14.937 W/StorageManager( 3648): getStorageLowBytes lowPercent : 5, lowBytes : 1334851584, maxLowBytes : 524288000
10-31 15:25:14.940 W/StorageManager( 3648): getStorageLowBytes lowPercent : 5, lowBytes : 1334851584, maxLowBytes : 524288000
10-31 15:25:14.943 I/EventCloudSyncController(16659): [#CMH#] [SCS]There is no deleted event data to sync so response is_success is false 
10-31 15:25:14.945 I/CloudAgentService(16659): [#CMH#] Intent action: com.samsung.cmh.action.CMH_EXECUTE
10-31 15:25:14.945 I/CloudAgentService(16659): [#CMH#] getOperation Type op : 500 
10-31 15:25:14.945 I/EventCloudSyncController(16659): [#CMH#] In exceute() function com.samsung.cmh.push Operation :StoryDownSync 
10-31 15:25:14.948 D/RCPManagerService( 3648): exchangeData() failure , invalid userId
10-31 15:25:15.028 D/StorageManagerService( 3648): getExternalStorageMountMode : 1
10-31 15:25:15.028 D/StorageManagerService( 3648): getExternalStorageMountMode : 3
10-31 15:25:15.029 D/StorageManagerService( 3648): getExternalStorageMountMode : final mountMode=1, uid : 1000, packageName : com.samsung.android.lool
10-31 15:25:15.029 I/ApplicationPolicy( 3648): isApplicationExternalStorageWhitelisted:com.samsung.android.lool user:0
10-31 15:25:15.029 D/ApplicationPolicy( 3648): isApplicationExternalStorageWhitelisted: DO is not enabled on user 0. Allowed.
10-31 15:25:15.029 D/ActivityManager( 3648): package  com.samsung.android.lool, user - 0 is SDcard whitelisted
10-31 15:25:15.029 I/ApplicationPolicy( 3648): isApplicationExternalStorageBlacklisted:com.samsung.android.lool user:0
10-31 15:25:15.029 D/ApplicationPolicy( 3648): isApplicationExternalStorageBlacklisted: DO is not enabled on user 0. Allowed.
10-31 15:25:15.047 D/HealthAnalytics(16637): [HAnalytics] setInformation(public), key : mcc, value : *** release mode
10-31 15:25:15.048 D/HealthAnalytics(16637): [HAnalytics] checkMandatoryProperty(), result : true
10-31 15:25:15.049 E/Zygote  (16883): isWhitelistProcess - Process is Whitelisted
10-31 15:25:15.050 E/libpersona(16883): scanKnoxPersonas
10-31 15:25:15.050 E/libpersona(16883): Couldn't open the File - /data/system/users/0/personalist.xml - No such file or directory
10-31 15:25:15.053 W/SELinux (16883): SELinux selinux_android_compute_policy_index : Policy Index[2],  Con:u:r:zygote:s0 RAM:SEPF_SM-G930F_8.0.0_0011, [-1 -1 -2 -1 0 1]
10-31 15:25:15.054 I/SELinux (16883): SELinux: seapp_context_lookup: seinfo=platform, pkgname=com.samsung.android.lool 
10-31 15:25:15.055 I/ActivityManager( 3648): Start proc 16883:com.samsung.android.lool/1000 for broadcast com.samsung.android.lool/com.samsung.android.sm.ui.security.NotificationReceiver
10-31 15:25:15.080 D/TimaKeyStoreProvider(16883): TimaKeyStore is not enabled: cannot add TimaSignature Service and generateKeyPair Service
10-31 15:25:15.081 D/ActivityThread(16883): Added TimaKeyStore provider
10-31 15:25:15.083 I/ActivityManager( 3648): DSS on for com.samsung.android.lool and scale is 1.0
10-31 15:25:15.149 I/zygote64(16883): find the special shared library, skip check
10-31 15:25:15.150 E/audit   ( 3279): type=1400 audit(1540970715.135:1586): avc:  denied  { write } for  pid=16883 comm="ng.android.lool" name="com.samsung.android.lool-Gmyoxl13O9RjZ231urVlEQ==" dev="dm-1" ino=197550 scontext=u:r:system_app:s0 tcontext=u:object_r:apk_data_file:s0 tclass=dir permissive=0 SEPF_SM-G930F_8.0.0_0011 audit_filtered
10-31 15:25:15.151 E/audit   ( 3279): type=1400 audit(1540970715.135:1587): avc:  denied  { write } for  pid=16883 comm="ng.android.lool" name="com.samsung.android.lool-Gmyoxl13O9RjZ231urVlEQ==" dev="dm-1" ino=197550 scontext=u:r:system_app:s0 tcontext=u:object_r:apk_data_file:s0 tclass=dir permissive=0 SEPF_SM-G930F_8.0.0_0011 audit_filtered
10-31 15:25:15.160 I/NetworkUtils(16659): [#CMH#] Is SCloud Package installed status : true 
10-31 15:25:15.164 I/[SC]CloudProvider(15208): Call: cloud_available
10-31 15:25:15.166 I/[SC]CloudProvider(15208): isValidPackage: com.samsung.cmh, cloud_available
10-31 15:25:15.171 I/SEMS:SamsungAccount(16842): [[OCP] ]  URI : content://com.msc.openprovider.openContentProvider/tncRequest
10-31 15:25:15.173 I/SEMS:SamsungAccount(16842): [AccountManagerUtil] isHaveSA() - true
10-31 15:25:15.175 I/SEMS:SamsungAccount(16842): [[OCP] ]  Cursor is not null
10-31 15:25:15.186 I/[SC]CloudProvider(15208): KEY_CLOUD_AVAILABLE: true
10-31 15:25:15.192 I/[SC]CloudProvider(15208): Call: get_cloud_settings_value
10-31 15:25:15.194 I/[SC]CloudProvider(15208): isValidPackage: com.samsung.cmh, get_cloud_settings_value
10-31 15:25:15.201 I/SEMS:SamsungAccount(16842): [[OCP] ]  URI : content://com.msc.openprovider.openContentProvider/tncRequest
10-31 15:25:15.202 I/SEMS:SamsungAccount(16842): [AccountManagerUtil] isHaveSA() - true
10-31 15:25:15.204 I/SEMS:SamsungAccount(16842): [[OCP] ]  Cursor is not null
10-31 15:25:15.205 D/CapsuleProvider_1.0.1(16883): onCreate
10-31 15:25:15.222 I/[SC]CloudProvider(15208): KEY_GET_CLOUD_SETTINGS_VALUE: settings_wifi_only, 1, true
10-31 15:25:15.224 D/ConnectivityService( 3648): filterNetworkStateForUid() uid: 5004 networkInfo: [type: WIFI[] - WIFI, state: CONNECTED/CONNECTED, reason: (unspecified), extra: "altek", failover: false, available: true, roaming: false, metered: false]
10-31 15:25:15.225 I/CloudUtils(16659): [#CMH#] getUserPreference : 1 currentNetworkInfo : 1 
10-31 15:25:15.225 I/CloudUtils(16659): [#CMH#] User preference : WIFI   :Connected to Wifi,return true 
10-31 15:25:15.226 I/[SCSDK] (16659): [SamsungCloudStory]version : 1.2.14
10-31 15:25:15.228 I/[SCSDK] (16659): [SamsungCloudQuota]version : 1.2.14
10-31 15:25:15.228 I/EventCloudSyncController(16659): [#CMH#] The lastDownSyncTimestamp value from shared pref = 1540970714941 
10-31 15:25:15.228 I/[SCSDK] (16659): [Stories]listChangedStories(1540970714941)
10-31 15:25:15.228 I/[SCSDK] (16659): [NetworkImpl]get
10-31 15:25:15.228 I/[SCSDK] (16659): [NetworkImpl][CHANGED_STORIES][173969073][https://api.samsungcloud.com/media/v1/photos/collections/changes?modifiedAfter=1540970714941&count=500&]
10-31 15:25:15.229 I/[SCSDK] (16659): [NetworkImpl]protected network
10-31 15:25:15.229 I/[SCSDK] (16659): [NetworkImpl]Connection is added.
10-31 15:25:15.230 D/ConnectivityService( 3648): filterNetworkStateForUid() uid: 5004 networkInfo: [type: WIFI[] - WIFI, state: CONNECTED/CONNECTED, reason: (unspecified), extra: "altek", failover: false, available: true, roaming: false, metered: false]
10-31 15:25:15.231 I/EventCloudSyncController(16659): [#CMH#] In NetworkStatusListener :: onStarted() Connection Value :128114582 
10-31 15:25:15.231 I/System.out(16659): (HTTPLog)-Static: isSBSettingEnabled false
10-31 15:25:15.232 I/System.out(16659): (HTTPLog)-Static: isSBSettingEnabled false
10-31 15:25:15.268 W/StorageManager( 3648): getStorageLowBytes lowPercent : 5, lowBytes : 1334851584, maxLowBytes : 524288000
10-31 15:25:15.280 W/StorageManager( 3648): getStorageLowBytes lowPercent : 5, lowBytes : 1334851584, maxLowBytes : 524288000
10-31 15:25:15.286 W/StorageManager( 3648): getStorageLowBytes lowPercent : 5, lowBytes : 1334851584, maxLowBytes : 524288000
10-31 15:25:15.330 D/SamsungAnalytics111040(16883): cf feature is supported
10-31 15:25:15.345 D/SamsungAnalytics111040(16883): newThread on Executor
10-31 15:25:15.346 D/SamsungAnalytics111040(16883): [Tracker] Tracker start:1.11.040
10-31 15:25:15.451 I/android.hardware.wifi@1.0-service( 3182): getLinkLayerStats
10-31 15:25:15.467 W/StorageManager( 3648): getStorageLowBytes lowPercent : 5, lowBytes : 1334851584, maxLowBytes : 524288000
10-31 15:25:15.471 I/PPS_SemPrivateModeManager(16827): isKnoxMode : -1
10-31 15:25:15.472 I/PPS_SemPrivateModeManager(16827): PROPERTY_KEY_PRIVATE_MODE[0] : return false
10-31 15:25:15.478 D/MediaProvider(16827): Attached volume: internal
10-31 15:25:15.480 D/MediaProvider(16827): new PersonDataBaseHelper()
10-31 15:25:15.485 I/ContentSyncInterface(16827): Request sync on/off state
10-31 15:25:15.493 I/[SC]CloudProvider(15208): Call: get_cloud_settings_value
10-31 15:25:15.494 I/chatty  ( 3648): uid=1000(system) Binder:3648_1B identical 3 lines
10-31 15:25:15.494 I/[SC]CloudProvider(15208): isValidPackage: com.android.providers.downloads, get_cloud_settings_value
10-31 15:25:15.497 W/StorageManager( 3648): getStorageLowBytes lowPercent : 5, lowBytes : 1334851584, maxLowBytes : 524288000
10-31 15:25:15.500 I/SEMS:SamsungAccount(16842): [[OCP] ]  URI : content://com.msc.openprovider.openContentProvider/tncRequest
10-31 15:25:15.500 W/StorageManager( 3648): getStorageLowBytes lowPercent : 5, lowBytes : 1334851584, maxLowBytes : 524288000
10-31 15:25:15.500 I/PPS_SemPrivateModeManager(16827): isKnoxMode : -1
10-31 15:25:15.500 I/PPS_SemPrivateModeManager(16827): PROPERTY_KEY_PRIVATE_MODE[0] : return false
10-31 15:25:15.501 I/SEMS:SamsungAccount(16842): [AccountManagerUtil] isHaveSA() - true
10-31 15:25:15.502 W/StorageManager( 3648): getStorageLowBytes lowPercent : 5, lowBytes : 1334851584, maxLowBytes : 524288000
10-31 15:25:15.503 I/SEMS:SamsungAccount(16842): [[OCP] ]  Cursor is not null
10-31 15:25:15.506 D/VolumeInfo(16827): VolumeInfo from Parcel: id private ,type 1 ,disk null
10-31 15:25:15.506 D/VolumeInfo(16827): VolumeInfo from Parcel: id emulated ,type 2 ,disk null
10-31 15:25:15.511 I/[SC]CloudProvider(15208): KEY_GET_CLOUD_SETTINGS_VALUE: settings_is_sync_on, 1, true
10-31 15:25:15.512 I/ContentSyncInterface(16827): mSCloud?: true
10-31 15:25:15.527 I/chatty  ( 3648): uid=1000(system) Binder:3648_1B identical 2 lines
10-31 15:25:15.545 D/MediaProvider(16827): Attached volume: external
10-31 15:25:15.547 W/StorageManager( 3648): getStorageLowBytes lowPercent : 5, lowBytes : 1334851584, maxLowBytes : 524288000
10-31 15:25:15.555 D/MediaProvider(16827): EmergencyMode is enabled: false
10-31 15:25:15.556 D/MediaProvider(16827): MTP is enabled: true
10-31 15:25:15.565 I/[SCSDK] (16659): [NetworkImpl]Connection is removed.
10-31 15:25:15.565 I/EventCloudSyncController(16659): [#CMH#] In NetworkStatusListener :: onClosed() Connection Value :128114582 
10-31 15:25:15.565 I/EventCloudSyncController(16659): [#CMH#] listChangedStories failed as count is <=0 
10-31 15:25:15.566 I/EventCloudSyncController(16659): [#CMH#] [SCS]There is no deleted event data to sync so response is_success is false 
10-31 15:25:15.568 I/CloudAgentService(16659): [#CMH#] onDestroy() 
10-31 15:25:15.590 I/ActivityManager( 3648): KPU : put [ACMS.Process] : 0 K
10-31 15:25:15.590 I/ActivityManager( 3648): Killing 16304:ACMS.Process/1000 (adj 906): DHA:empty #25
10-31 15:25:15.593 D/ConnectivityService( 3648): filterNetworkStateForUid() uid: 10031 networkInfo: [type: WIFI[] - WIFI, state: CONNECTED/CONNECTED, reason: (unspecified), extra: "altek", failover: false, available: true, roaming: false, metered: false]
10-31 15:25:15.594 I/chatty  ( 3648): uid=1000(system) Binder:3648_13 identical 1 line
10-31 15:25:15.595 D/ConnectivityService( 3648): filterNetworkStateForUid() uid: 10031 networkInfo: [type: WIFI[] - WIFI, state: CONNECTED/CONNECTED, reason: (unspecified), extra: "altek", failover: false, available: true, roaming: false, metered: false]
10-31 15:25:15.598 I/Finsky  (16620): [2] com.google.android.finsky.splitinstallservice.di.a(10): Connecting InstallListener to SplitInstallService broadcaster...
10-31 15:25:15.617 D/ForegroundUtils( 4319): could not check pending caller
10-31 15:25:15.842 E/Watchdog( 3648): !@Sync 3090 [2018-10-31 15:25:15.842]
10-31 15:25:15.849 E/adbd    (22683): recv: OPEN 000000fc 00000000 003f:73 68 65 6C 6C 2C 76 32 3A 65 78 70 6F 72 74 20 41 4E 44 52 4F 49 44 5F 4C 4F 47 5F 54 41 47 53 3D 22 27 27 22 3B 20 65 78 65 63 20 6C 6F 67 63 61 74 20 27 2D 76 27 20 27 74 69 6D 65 27 00 
10-31 15:25:15.849 E/adbd    (22683): service_to_fd: shell,v2:export ANDROID_LOG_TAGS="''"; exec logcat '-v' 'time'
10-31 15:25:15.960 I/SEMS:SamsungAccount(16842): [SS] Check SA EF Mapping
10-31 15:25:15.960 I/SEMS:SamsungAccount(16842): [ODM] isRequireEmailVerify
10-31 15:25:15.960 I/SEMS:SamsungAccount(16842): [ODM] getTncCursor
10-31 15:25:15.961 I/SEMS:SamsungAccount(16842): [[OCP] ]  URI : content://com.msc.openprovider.openContentProvider/tncRequest
10-31 15:25:15.962 I/SEMS:SamsungAccount(16842): [AccountManagerUtil] isHaveSA() - true
10-31 15:25:15.965 I/SEMS:SamsungAccount(16842): [[OCP] ]  Cursor is not null
10-31 15:25:15.969 I/SEMS:SamsungAccount(16842): [ODM] isRequireNameValid
10-31 15:25:15.969 I/SEMS:SamsungAccount(16842): [ODM] getTncCursor
10-31 15:25:15.970 I/SEMS:SamsungAccount(16842): [[OCP] ]  URI : content://com.msc.openprovider.openContentProvider/tncRequest
10-31 15:25:15.971 I/SEMS:SamsungAccount(16842): [AccountManagerUtil] isHaveSA() - true
10-31 15:25:15.974 I/SEMS:SamsungAccount(16842): [[OCP] ]  Cursor is not null
10-31 15:25:15.976 I/SEMS:SamsungAccount(16842): [DBMV2] getMccFromDB
10-31 15:25:15.977 I/SEMS:SamsungAccount(16842): [DBMV2] getDataV02ForItems
10-31 15:25:15.977 I/SEMS:SamsungAccount(16842): [SSP] query invoked
10-31 15:25:16.010 D/SoftKeymaster( 3099): system/keymaster/auth_encrypted_key_blob.cpp, Line 130: Failed to deserialize versioned key blob.  Assuming unversioned.
10-31 15:25:16.010 D/SoftKeymaster( 3099): system/keymaster/auth_encrypted_key_blob.cpp, Line 74: Failed to deserialize unversioned blob (may be a HW-backed key)
10-31 15:25:16.010 I/keymaster_tee( 3099): [INFO]:  (nwd_keymaster_mdfpp.cpp:790) entered get_key_characteristics function.
10-31 15:25:16.020 D/keymaster_tee( 3099): [DEBUG]: (nwd_keymaster_mobicore.c:353) TLC_COMMAND(e): cmd = 0x00000009, ret = 0x00000000
10-31 15:25:16.020 D/keymaster_tee( 3099): [DEBUG]: (keymaster_params_log.c:270) KEY_PARAMS: SIZE:128 AES ENC DEC CBC PKCS7 AUTH NONCE 
10-31 15:25:16.020 D/keymaster_tee( 3099): [DEBUG]: (keymaster_params_log.c:270) KEY_PARAMS: 20180706210810 
10-31 15:25:16.020 I/keymaster_tee( 3099): [INFO]:  (nwd_keymaster_mdfpp.cpp:804) exit get_key_characteristics function, returns 0
10-31 15:25:16.020 D/SoftKeymaster( 3099): system/keymaster/soft_keymaster_context.cpp, Line 884: Module "Keymaster MDFPP Mobicore HAL" accepted key
10-31 15:25:16.030 D/SoftKeymaster( 3099): system/keymaster/auth_encrypted_key_blob.cpp, Line 130: Failed to deserialize versioned key blob.  Assuming unversioned.
10-31 15:25:16.030 D/SoftKeymaster( 3099): system/keymaster/auth_encrypted_key_blob.cpp, Line 74: Failed to deserialize unversioned blob (may be a HW-backed key)
10-31 15:25:16.030 I/keymaster_tee( 3099): [INFO]:  (nwd_keymaster_mdfpp.cpp:790) entered get_key_characteristics function.
10-31 15:25:16.037 D/keymaster_tee( 3099): [DEBUG]: (nwd_keymaster_mobicore.c:353) TLC_COMMAND(e): cmd = 0x00000009, ret = 0x00000000
10-31 15:25:16.037 D/keymaster_tee( 3099): [DEBUG]: (keymaster_params_log.c:270) KEY_PARAMS: SIZE:128 AES ENC DEC CBC PKCS7 AUTH NONCE 
10-31 15:25:16.037 D/keymaster_tee( 3099): [DEBUG]: (keymaster_params_log.c:270) KEY_PARAMS: 20180706210810 
10-31 15:25:16.037 I/keymaster_tee( 3099): [INFO]:  (nwd_keymaster_mdfpp.cpp:804) exit get_key_characteristics function, returns 0
10-31 15:25:16.037 D/SoftKeymaster( 3099): system/keymaster/soft_keymaster_context.cpp, Line 884: Module "Keymaster MDFPP Mobicore HAL" accepted key
10-31 15:25:16.038 D/SoftKeymaster( 3099): system/keymaster/auth_encrypted_key_blob.cpp, Line 130: Failed to deserialize versioned key blob.  Assuming unversioned.
10-31 15:25:16.038 D/SoftKeymaster( 3099): system/keymaster/auth_encrypted_key_blob.cpp, Line 74: Failed to deserialize unversioned blob (may be a HW-backed key)
10-31 15:25:16.038 I/keymaster_tee( 3099): [INFO]:  (nwd_keymaster_mdfpp.cpp:790) entered get_key_characteristics function.
10-31 15:25:16.044 D/keymaster_tee( 3099): [DEBUG]: (nwd_keymaster_mobicore.c:353) TLC_COMMAND(e): cmd = 0x00000009, ret = 0x00000000
10-31 15:25:16.044 D/keymaster_tee( 3099): [DEBUG]: (keymaster_params_log.c:270) KEY_PARAMS: SIZE:128 AES ENC DEC CBC PKCS7 AUTH NONCE 
10-31 15:25:16.044 D/keymaster_tee( 3099): [DEBUG]: (keymaster_params_log.c:270) KEY_PARAMS: 20180706210810 
10-31 15:25:16.044 I/keymaster_tee( 3099): [INFO]:  (nwd_keymaster_mdfpp.cpp:804) exit get_key_characteristics function, returns 0
10-31 15:25:16.044 D/SoftKeymaster( 3099): system/keymaster/soft_keymaster_context.cpp, Line 884: Module "Keymaster MDFPP Mobicore HAL" accepted key
10-31 15:25:16.044 D/SoftKeymaster( 3099): system/keymaster/soft_keymaster_device.cpp, Line 700: Not performing software digesting for AES keys
10-31 15:25:16.044 D/SoftKeymaster( 3099): system/keymaster/soft_keymaster_device.cpp, Line 1245: Operation supported by Keymaster MDFPP Mobicore HAL, passing through to keymaster1 module
10-31 15:25:16.044 I/keymaster_tee( 3099): [INFO]:  (nwd_keymaster_mdfpp.cpp:879) entered begin function.
10-31 15:25:16.051 D/keymaster_tee( 3099): [DEBUG]: (nwd_keymaster_mobicore.c:353) TLC_COMMAND(e): cmd = 0x0000000E, ret = 0x00000000
10-31 15:25:16.051 I/keymaster_tee( 3099): [INFO]:  (nwd_keymaster_mdfpp.cpp:888) exit begin function, returns 0
10-31 15:25:16.053 I/keymaster_tee( 3099): [INFO]:  (nwd_keymaster_mdfpp.cpp:899) entered update function.
10-31 15:25:16.055 D/keymaster_tee( 3099): [DEBUG]: (nwd_keymaster_mobicore.c:353) TLC_COMMAND(e): cmd = 0x0000000F, ret = 0x00000000
10-31 15:25:16.055 I/keymaster_tee( 3099): [INFO]:  (nwd_keymaster_mdfpp.cpp:909) exit update function, returns 0
10-31 15:25:16.057 I/keymaster_tee( 3099): [INFO]:  (nwd_keymaster_mdfpp.cpp:919) entered finish function.
10-31 15:25:16.059 D/keymaster_tee( 3099): [DEBUG]: (nwd_keymaster_mobicore.c:353) TLC_COMMAND(e): cmd = 0x00000010, ret = 0x00000000
10-31 15:25:16.059 I/keymaster_tee( 3099): [INFO]:  (nwd_keymaster_mdfpp.cpp:929) exit finish function, returns 0
10-31 15:25:16.060 W/keystore( 3304): ENTER remove operation from uid 10296
10-31 15:25:16.066 I/zygote  (16563): Waiting for a blocking GC ProfileSaver
10-31 15:25:16.069 I/SEMS:SamsungAccount(16842): Not Skip Name Validation by accountMCC
10-31 15:25:16.071 I/SEMS:SamsungAccount(16842): [ODM] mIsRequireEmailorNameVerification : false
10-31 15:25:16.071 I/SEMS:MSFramework_4.3.0.000(16842): [2][DeviceUtils] isMultiSimDevice : true
10-31 15:25:16.073 I/Controller(16659): [#CMH#] startRebuilder In 
10-31 15:25:16.073 I/SEMS:MSFramework_4.3.0.000(16842): [ELog][2][EasySignUpDBHandler] query end
10-31 15:25:16.073 I/SEMS:MSFramework_4.3.0.000(16842): [2][DeviceUtils] isMultiSimDevice : true
10-31 15:25:16.073 I/ControllerEventHandler(16659): [#CMH#] onSystemRebooted 
10-31 15:25:16.074 I/BaseThreadPoolExecutor(16659): [#CMH#] Task com.samsung.cmh.database.DatabaseRebuilderTask@6a55f22 is submitted
10-31 15:25:16.079 I/SEMS:MSFramework_4.3.0.000(16842): [NetworkCommon][SSF][2][EasySignUpInterface] isAuth is false
10-31 15:25:16.079 I/SEMS:SamsungAccount(16842): [SS] result : false
10-31 15:25:16.079 I/SEMS:SamsungAccount(16842): [SS] No need to call EF Mapping API
10-31 15:25:16.087 I/ReschedulableTimer(16659): [#CMH#] ReschedulableTimer started 
10-31 15:25:16.343 I/DatabaseRebuilderTask(16659): [#CMH#] Time taken to check MediaProvider installed 226
10-31 15:25:16.343 I/DatabaseRebuilderTask(16659): [#CMH#] syncCMHDB started  
10-31 15:25:16.363 I/DatabaseRebuilderTask(16659): [#CMH#] MP Bucket count : 9
10-31 15:25:16.373 I/DatabaseRebuilderTask(16659): [#CMH#] CMH Bucket count : 9
10-31 15:25:16.373 I/DatabaseRebuilderTask(16659): [#CMH#] No of Uris that are present in media :  504
10-31 15:25:16.373 I/DatabaseRebuilderTask(16659): [#CMH#] No of Uris that are present in CMH :  504
10-31 15:25:16.384 D/ConnectivityService( 3648): filterNetworkStateForUid() uid: 10018 networkInfo: [type: WIFI[] - WIFI, state: CONNECTED/CONNECTED, reason: (unspecified), extra: "altek", failover: false, available: true, roaming: false, metered: false]
10-31 15:25:16.386 D/ConnectivityService( 3648): filterNetworkStateForUid() uid: 10018 networkInfo: [type: WIFI[] - WIFI, state: CONNECTED/CONNECTED, reason: (unspecified), extra: "altek", failover: false, available: true, roaming: false, metered: false]
10-31 15:25:16.389 D/SamsungAlarmManager( 3648): Cancel Alarm calling from uid:10018 pid :4531 / op:PendingIntent{8dae7cf: PendingIntentRecord{68f51e com.google.android.gms broadcastIntent}}
10-31 15:25:16.392 I/DatabaseRebuilderTask(16659): [#CMH#] Finished MP dummy delete in  16 milliseceonds
10-31 15:25:16.393 I/DatabaseRebuilderTask(16659): [#CMH#] No of Uris that are present in both Media and CMH:  504
10-31 15:25:16.394 I/DatabaseRebuilderTask(16659): [#CMH#] Insert =  0 Delete =  0
10-31 15:25:16.394 I/DatabaseRebuilderTask(16659): [#CMH#] syncCMHDB ended  0
10-31 15:25:16.407 I/CMHService(16659): [#CMH#] onCreate() 
10-31 15:25:16.410 I/Controller(16659): [#CMH#] com.android.providers.media Insert
10-31 15:25:16.416 I/ControllerEventHandler(16659): [#CMH#] Cancel DatabaseRebuilderTask if already running before file insert  
10-31 15:25:16.417 I/Controller(16659): [#CMH#] startSmartClustering starting clustering 
10-31 15:25:16.418 I/ClusteringTask(16659): [#CMH#] before mutex 
10-31 15:25:16.418 I/ClusteringTask(16659): [#CMH#] after mutex 
10-31 15:25:16.418 I/MomentClusteringAlgo(16659): [#CMH#] performClustering images deleted false
10-31 15:25:16.418 I/ClusteringDBUtils(16659): [#CMH#] updateClusterTable In nothing to update 
10-31 15:25:16.419 I/Controller(16659): [#CMH#] startDaywiseClustering starting day clustering 
10-31 15:25:16.420 I/DayAndMonthTask(16659): [#CMH#] before mutex 
10-31 15:25:16.420 I/DayAndMonthTask(16659): [#CMH#] after mutex 
10-31 15:25:16.426 I/CMHService(16659): [#CMH#] onDestroy() 
10-31 15:25:16.428 I/BaseThreadPoolExecutor(16659): [#CMH#] afterExecute FutureTask
10-31 15:25:16.432 I/DayAndMonthTask(16659): [#CMH#] after mutex release 
10-31 15:25:16.433 I/MomentClusteringAlgo(16659): [#CMH#] performClustering In 0 
10-31 15:25:16.434 I/ClusteringTask(16659): [#CMH#] Cluster size: 0
10-31 15:25:16.434 I/ClusteringDBUtils(16659): [#CMH#] updateClusterTable In nothing to update 
10-31 15:25:16.434 I/ClusteringTask(16659): [#CMH#] after mutex release 
10-31 15:25:16.469 E/NetworkScheduler( 4531): Invalid component specified.
10-31 15:25:16.476 D/SamsungAlarmManager( 3648): setInexact Intent (T:2/F:0/AC:false) 20181031T153600 - CU:10018/CP:4531
10-31 15:25:16.918 D/ConnectivityService( 3648): filterNetworkStateForUid() uid: 10169 networkInfo: [type: WIFI[] - WIFI, state: DISCONNECTED/BLOCKED, reason: (unspecified), extra: (none), failover: false, available: true, roaming: false, metered: false]
10-31 15:25:17.056 D/io_stats( 4711): !@   8,0 r 998642 45795236 w 632830 14790064 d 85154 16929016 f 174859 174799 iot 1489460 1347223 th 408544 0 0 pt 0 inp 0 0 92765.320
10-31 15:25:17.252 D/SamsungAlarmManager( 3648): Expired : 4
10-31 15:25:17.253 I/SamsungAlarmManager( 3648): setLocked to kernel - T:2 / 20181031T152526, SetElapsed=341447162, nowELAPSED=341437773
10-31 15:25:17.253 V/SamsungAlarmManager( 3648): Sending to uid : 1000 listener=android.app.AlarmManager$ListenerWrapper@bf649ae alarm=Alarm{6f70706 type 2 when 341437773 android}
10-31 15:25:17.259 D/SamsungAlarmManager( 3648): setInexact Listener (T:2/F:0/AC:false) 20181031T153233 - CU:1000/CP:3648
10-31 15:25:17.282 I/Finsky  (16620): [2] com.google.android.finsky.scheduler.bp.<init>(19): Resetting scheduler db
10-31 15:25:17.293 I/Finsky  (16620): [2] com.google.android.finsky.scheduler.JobSchedulerEngine$PhoneskyJobSchedulerJobService.onStartJob(7): onJobSchedulerWakeup with jobId 9001
10-31 15:25:17.302 D/SamsungAlarmManager( 3648): setInexact Listener (T:2/F:0/AC:false) 20181031T153233 - CU:1000/CP:3648
10-31 15:25:17.309 D/SamsungAlarmManager( 3648): setInexact Listener (T:2/F:0/AC:false) 20181031T154202 - CU:1000/CP:3648
10-31 15:25:17.311 I/Finsky  (16620): [2] com.google.android.finsky.scheduler.ae.a(29): Scheduling fallback job with id: 9034, and delay: 43200000 ms
10-31 15:25:17.324 D/SamsungAlarmManager( 3648): setInexact Intent (T:2/F:0/AC:false) 20181101T092517 - CU:10031/CP:16620
10-31 15:25:17.325 I/Finsky  (16620): [2] com.google.android.finsky.scheduler.ae.a(39): Scheduling fallback in 64799988 (absolute: 406237833)
10-31 15:25:17.331 D/ConnectivityService( 3648): filterNetworkStateForUid() uid: 10031 networkInfo: [type: WIFI[] - WIFI, state: CONNECTED/CONNECTED, reason: (unspecified), extra: "altek", failover: false, available: true, roaming: false, metered: false]
10-31 15:25:17.343 I/Finsky  (16620): [2] com.google.android.finsky.scheduler.am.handleMessage(16): DeviceState: DeviceState{currentTime=1540970717336, isCharging=true, isIdle=false, netAny=true, netNotRoaming=true, netUnmetered=true}
10-31 15:25:17.351 I/Finsky  (16620): [2] com.google.android.finsky.scheduler.bp.a(66): Jobs in database: 1-1337 12-1 26-1414141414 
10-31 15:25:17.361 I/Finsky  (16620): [2] com.google.android.finsky.scheduler.ah.a(59): Running job: 12-1
10-31 15:25:17.362 I/Finsky  (16620): [2] com.google.android.finsky.contentsync.ContentSyncJob.a(30): ContentSyncJob started
10-31 15:25:17.372 I/Finsky  (16620): [2] com.google.android.finsky.scheduler.ah.a(105): RunningQueue size: 1, PendingQueue size: 0
10-31 15:25:17.373 I/Finsky  (16620): [2] com.google.android.finsky.scheduler.ah.a(116): Running queue: 12-1 
10-31 15:25:17.637 D/InputReader( 3648): Input event(3): value=1 when=92765902505000
10-31 15:25:17.637 D/InputReader( 3648): Input event(3): value=1 when=92765902505000
10-31 15:25:17.637 I/InputReader( 3648): Touch event's action is 0x0 (deviceType=0) [pCnt=1, s=0.2638 ] when=92765902505000
10-31 15:25:17.638 I/InputDispatcher( 3648): Delivering touch to (4051): action: 0x4, toolType: 1
10-31 15:25:17.638 I/InputDispatcher( 3648): Delivering touch to (5024): action: 0x0, toolType: 1
10-31 15:25:17.638 I/InputDispatcher( 3648): Delivering touch to (4051): action: 0x0, toolType: 1
10-31 15:25:17.639 D/ViewRootImpl@6a09967[LauncherActivity]( 5024): ViewPostIme pointer 0
10-31 15:25:17.639 D/PowerManagerService( 3648): [s] UserActivityState : 4 -> 1
10-31 15:25:17.639 D/PowerManagerService( 3648): mDisplayReady: false
10-31 15:25:17.640 D/DisplayPowerController( 3648): animateScreenStateChange: target2
10-31 15:25:17.640 I/System.out( 5024): Rect(0, 0 - 1440, 300)
10-31 15:25:17.640 D/DisplayPowerController( 3648): Tracking Direct to etc : 102
10-31 15:25:17.640 D/DisplayPowerController( 3648): getFinalBrightness : Summary is 102 -> 102
10-31 15:25:17.640 D/DisplayPowerController( 3648): Animating brightness: target=102, rate=0 (PSM:false, AB limit:(-1 ~ -1) MB Limit:(-1 ~ -1))
10-31 15:25:17.641 D/DisplayPowerController( 3648): animateScreenStateChange: target2
10-31 15:25:17.641 D/DisplayPowerController( 3648): getFinalBrightness : Summary is 102 -> 102
10-31 15:25:17.641 D/DisplayPowerController( 3648): Animating brightness: target=102, rate=500 (PSM:false, AB limit:(-1 ~ -1) MB Limit:(-1 ~ -1))
10-31 15:25:17.641 D/PowerManagerService( 3648): [s] DisplayPowerCallbacks : onStateChanged()
10-31 15:25:17.641 D/PowerManagerService( 3648): mDisplayReady: true
10-31 15:25:17.641 D/PagedView( 5024): reset touch state case 1
10-31 15:25:17.641 E/ProActivieLaunch( 5024): Sending Broadcast
10-31 15:25:17.642 D/SEC LightsHAL( 3179): lcd : 102 +
10-31 15:25:17.644 I/MARsPolicyManager( 3648): AR not enabled
10-31 15:25:17.644 D/ActivityManager( 3648): Checking for the Active launch isPkgEverLaunched :true, isPkgStopped : false, isDataCleared :false, isAutoRunBlocked : false
10-31 15:25:17.645 W/ContextImpl( 3648): Calling a method in the system process without a qualified user: android.app.ContextImpl.startActivity:856 com.android.server.am.ActivityManagerService$ActiveLaunchReceiver.onReceive:18039 android.app.LoadedApk$ReceiverDispatcher$Args.lambda$-android_app_LoadedApk$ReceiverDispatcher$Args_52226:1319 android.app.-$Lambda$FilBqgnXJrN9Mgyks1XHeAxzSTk.$m$0:4 android.app.-$Lambda$FilBqgnXJrN9Mgyks1XHeAxzSTk.run:0 
10-31 15:25:17.649 D/SEC LightsHAL( 3179): lcd : 102 -
10-31 15:25:17.651 E/ActivityManager( 3648): TouchDown intent received, starting ActiveLaunch
10-31 15:25:17.652 D/StorageManagerService( 3648): getExternalStorageMountMode : 1
10-31 15:25:17.652 D/StorageManagerService( 3648): getExternalStorageMountMode : 3
10-31 15:25:17.653 D/StorageManagerService( 3648): getExternalStorageMountMode : final mountMode=1, uid : 10417, packageName : com.adam.app.demoset
10-31 15:25:17.653 I/ApplicationPolicy( 3648): isApplicationExternalStorageWhitelisted:com.adam.app.demoset user:0
10-31 15:25:17.653 D/ApplicationPolicy( 3648): isApplicationExternalStorageWhitelisted: DO is not enabled on user 0. Allowed.
10-31 15:25:17.653 D/ActivityManager( 3648): package  com.adam.app.demoset, user - 0 is SDcard whitelisted
10-31 15:25:17.653 I/ApplicationPolicy( 3648): isApplicationExternalStorageBlacklisted:com.adam.app.demoset user:0
10-31 15:25:17.653 D/ApplicationPolicy( 3648): isApplicationExternalStorageBlacklisted: DO is not enabled on user 0. Allowed.
10-31 15:25:17.679 E/Zygote  (16925): isWhitelistProcess - Process is Whitelisted
10-31 15:25:17.680 E/libpersona(16925): scanKnoxPersonas
10-31 15:25:17.680 E/libpersona(16925): Couldn't open the File - /data/system/users/0/personalist.xml - No such file or directory
10-31 15:25:17.682 I/ActivityManager( 3648): Start proc 16925:com.adam.app.demoset/u0a417 for activity com.adam.app.demoset/.MainActivity
10-31 15:25:17.682 D/ActivityManager( 3648): starting Active launch
10-31 15:25:17.685 W/SELinux (16925): SELinux selinux_android_compute_policy_index : Policy Index[2],  Con:u:r:zygote:s0 RAM:SEPF_SM-G930F_8.0.0_0011, [-1 -1 -1 -1 0 1]
10-31 15:25:17.686 I/SELinux (16925): SELinux: seapp_context_lookup: seinfo=untrusted, level=s0:c512,c768, pkgname=com.adam.app.demoset 
10-31 15:25:17.690 I/zygote64(16925): Late-enabling -Xcheck:jni
10-31 15:25:17.700 D/InputReader( 3648): Input event(3): value=0 when=92765966239000
10-31 15:25:17.700 D/InputReader( 3648): Input event(3): value=0 when=92765966239000
10-31 15:25:17.700 I/InputReader( 3648): Touch event's action is 0x1 (deviceType=0) [pCnt=1, s=] when=92765966239000
10-31 15:25:17.701 I/InputDispatcher( 3648): Delivering touch to (5024): action: 0x1, toolType: 1
10-31 15:25:17.701 I/InputDispatcher( 3648): Delivering touch to (4051): action: 0x1, toolType: 1
10-31 15:25:17.701 D/ViewRootImpl@6a09967[LauncherActivity]( 5024): ViewPostIme pointer 1
10-31 15:25:17.702 D/PagedView( 5024): resetTouchState()
10-31 15:25:17.707 D/CustomFrequencyManagerService( 3648): acquireDVFSLockLocked : type : DVFS_MIN_LIMIT  frequency : 2600000  uid : 1000  pid : 3648  pkgName : APP_LAUNCH@CPU_MIN@7
10-31 15:25:17.710 D/ActivityOptions( 5024): semMakeCustomScaleUpAnimation, width : 336, height : 416, opts.mStartX : 30, opts.mStartY : 2028, opts.mIsHomeItem : false
10-31 15:25:17.716 I/ActivityManager( 3648): START u0 {act=android.intent.action.MAIN typ=null flg=0x10200000 cmp=ComponentInfo{com.adam.app.demoset/com.adam.app.demoset.MainActivity}} from uid 10064
10-31 15:25:17.721 D/CustomFrequencyManagerService( 3648): acquireDVFSLockLocked : type : DVFS_MIN_LIMIT  frequency : 2600000  uid : 1000  pid : 3648  pkgName : AMS_APP_SWITCH@CPU_MIN@25
10-31 15:25:17.721 D/ActivityManagerPerformance( 3648): AMP_acquire() APP_SWITCH
10-31 15:25:17.721 D/ActivityManagerPerformance( 3648): Received MSG_CFMS_HINT_AMS_SWITCH pkgName: com.adam.app.demoset
10-31 15:25:17.723 V/APM_AudioPolicyManager( 3298): getAudioPolicyConfig: audioParam;outDevice
10-31 15:25:17.723 V/APM_AudioPolicyManager( 3298): getNewOutputDevice() selected device 0
10-31 15:25:17.723 V/APM_AudioPolicyManager( 3298): ### curdevice : 2
10-31 15:25:17.724 V/APM_AudioPolicyManager( 3298): getAudioPolicyConfig: audioParam;outDevice
10-31 15:25:17.724 V/APM_AudioPolicyManager( 3298): getNewOutputDevice() selected device 0
10-31 15:25:17.724 V/APM_AudioPolicyManager( 3298): ### curdevice : 2
10-31 15:25:17.724 V/APM_AudioPolicyManager( 3298): getAudioPolicyConfig: audioParam;outDevice
10-31 15:25:17.724 V/APM_AudioPolicyManager( 3298): getNewOutputDevice() selected device 0
10-31 15:25:17.724 V/APM_AudioPolicyManager( 3298): ### curdevice : 2
10-31 15:25:17.728 D/MdnieScenarioControlService( 3648): Listener Real Multi Window State : false
10-31 15:25:17.730 E/adbd    (22683): recv: OPEN 000000fd 00000000 000b:6A 64 77 70 3A 31 36 39 32 35 00 
10-31 15:25:17.730 E/adbd    (22683): service_to_fd: jdwp:16925
10-31 15:25:17.731 V/APM_AudioPolicyManager( 3298): getAudioPolicyConfig: audioParam;activeStream
10-31 15:25:17.731 W/BroadcastQueue( 3648): Permission Denial: receiving Intent { act=com.android.launcher3.action.LAUNCH flg=0x10 (has extras) } to com.google.android.gms/.chimera.GmsIntentOperationService$GmsExternalReceiver requires com.android.launcher.permission.RECEIVE_LAUNCH_BROADCASTS due to sender com.sec.android.app.launcher (uid 10064)
10-31 15:25:17.731 V/APM_AudioPolicyManager( 3298): ### active stream : 0
10-31 15:25:17.731 V/Launcher( 5024): Launcher.onPause()
10-31 15:25:17.731 D/Launcher( 5024): setHotWordDetection : call requestHotWordDetection false
10-31 15:25:17.731 D/AudioService( 3648): active stream is 0x0
10-31 15:25:17.733 D/ViewRootImpl@538718d[demoset]( 3648): setView = DecorView@18b7b53[demoset] TM=true MM=false
10-31 15:25:17.733 I/MicroDetector( 3690): Keeping mic open: false
10-31 15:25:17.733 I/DeviceStateChecker( 3690): DeviceStateChecker cancelled
10-31 15:25:17.734 I/AudioController( 3690): internalShutdown
10-31 15:25:17.734 I/MicroRecognitionRunner( 3690): Stopping hotword detection.
10-31 15:25:17.737 I/audio_hw_primary( 3173): do_in_standby : in->standby 0
10-31 15:25:17.741 V/audio_hw_primary( 3173): select_devices output_scenario:-1 input_scenario:-1 out_snd_device 0x0 in_snd_device:0x0
10-31 15:25:17.741 I/audio_route( 3173): > audio_route_reset :
10-31 15:25:17.742 I/audio_route( 3173): > audio_route_update_mixer : +
10-31 15:25:17.746 D/TimaKeyStoreProvider(16925): TimaKeyStore is not enabled: cannot add TimaSignature Service and generateKeyPair Service
10-31 15:25:17.746 D/ViewRootImpl@538718d[demoset]( 3648): dispatchAttachedToWindow
10-31 15:25:17.746 D/ActivityManager( 3648): isScaleDownAnimationEnabled() : false
10-31 15:25:17.747 D/ActivityThread(16925): Added TimaKeyStore provider
10-31 15:25:17.747 D/ActivityManager( 3648): applyOptionsLocked, ANIM_CUSTOM_SCALE_UP, x : 30, y : 2028, isHomeItem : false
10-31 15:25:17.747 V/WindowManager( 3648): Relayout Window{baf7f42 u0 Splash Screen com.adam.app.demoset}: viewVisibility=0 req=1440x2464 WM.LayoutParams{(0,0)(fillxfill) sim=#20 ty=3 fl=#81830118 pfl=0x20011 wanim=0x10302fd vsysui=0x600 needsMenuKey=2 colorMode=0 naviIconColor=0}
10-31 15:25:17.752 I/audio_route( 3173): > audio_route_update_mixer : changed(5) -
10-31 15:25:17.752 I/audio_hw_primary( 3173): select_devices - 
10-31 15:25:17.753 I/APM_AudioPolicyManager( 3298): stopInput() input 1198
10-31 15:25:17.753 I/SurfaceFlinger( 3191): id=1341 createSurf (1440x2560),1 flag=404, Splash Screen com.adam.app.demoset#0
10-31 15:25:17.753 D/audio_hw_primary( 3173): in_set_parameters: enter: kvpairs: routing=0
10-31 15:25:17.753 I/samsungRecord( 3173): [samsungrecord] MicCalonoff 1
10-31 15:25:17.754 V/audio_hw_primary( 3173): in_set_parameters: exit: status(0)
10-31 15:25:17.754 V/APM_AudioPolicyManager( 3298): resetInputDevice() releaseAudioPatch returned 0
10-31 15:25:17.754 V/APM_AudioPolicyManager( 3298): listAudioPorts() role 0 type 0 num_ports 0 ports 0xe8894248
10-31 15:25:17.754 V/APM_AudioPolicyManager( 3298): listAudioPorts() got 0 ports needed 10
10-31 15:25:17.754 V/APM_AudioPolicyManager( 3298): releaseInput() 1198
10-31 15:25:17.754 V/APM_AudioPolicyManager( 3298): closeInput(1198)
10-31 15:25:17.755 V/Surface ( 3648): sf_framedrop debug : 0x4f4c, game : false, logging : 0
10-31 15:25:17.755 D/MultiRecordManager( 3298): closeInputStream() moduleHandle:10, modulename:primary, stream_in:0xe88b8540, source:6, dev:0xe8c32950
10-31 15:25:17.755 I/MultiRecordManager( 3298): closeInputStream() skipMultiRecord
10-31 15:25:17.756 I/MicrophoneInputStream( 3690): mic_close  SR : 16000 CC : 16 SO : 1999
10-31 15:25:17.756 V/audio_hw_primary( 3173): stop_voice_note_recording
10-31 15:25:17.756 E/audio_hw_primary( 3173): adev_close_input_stream, set jack_in to null
10-31 15:25:17.756 V/APM_AudioPolicyManager( 3298): releaseInput() exit
10-31 15:25:17.756 V/APM_AudioPolicyManager( 3298): listAudioPorts() role 0 type 0 num_ports 10 ports 0xe5328000
10-31 15:25:17.756 V/APM_AudioPolicyManager( 3298): listAudioPorts() got 9 ports needed 9
10-31 15:25:17.756 V/APM_AudioPolicyManager( 3298): listAudioPorts() role 0 type 0 num_ports 0 ports 0xe88940d8
10-31 15:25:17.756 V/APM_AudioPolicyManager( 3298): listAudioPorts() got 0 ports needed 9
10-31 15:25:17.756 V/APM_AudioPolicyManager( 3298): listAudioPorts() role 0 type 0 num_ports 9 ports 0xe8c10000
10-31 15:25:17.756 V/APM_AudioPolicyManager( 3298): listAudioPorts() got 9 ports needed 9
10-31 15:25:17.757 V/APM_AudioPolicyManager( 3298): listAudioPorts() role 0 type 0 num_ports 0 ports 0xe88940d8
10-31 15:25:17.757 V/APM_AudioPolicyManager( 3298): listAudioPorts() got 0 ports needed 9
10-31 15:25:17.757 V/APM_AudioPolicyManager( 3298): listAudioPorts() role 0 type 0 num_ports 9 ports 0xe5353000
10-31 15:25:17.757 V/APM_AudioPolicyManager( 3298): listAudioPorts() got 9 ports needed 9
10-31 15:25:17.757 V/APM_AudioPolicyManager( 3298): listAudioPorts() role 0 type 0 num_ports 0 ports 0xe88940d8
10-31 15:25:17.757 V/APM_AudioPolicyManager( 3298): listAudioPorts() got 0 ports needed 9
10-31 15:25:17.757 V/APM_AudioPolicyManager( 3298): listAudioPorts() role 0 type 0 num_ports 9 ports 0xe586e000
10-31 15:25:17.757 V/APM_AudioPolicyManager( 3298): listAudioPorts() got 9 ports needed 9
10-31 15:25:17.758 V/APM_AudioPolicyManager( 3298): listAudioPorts() role 0 type 0 num_ports 0 ports 0xe88940d8
10-31 15:25:17.758 V/APM_AudioPolicyManager( 3298): listAudioPorts() got 0 ports needed 9
10-31 15:25:17.758 V/APM_AudioPolicyManager( 3298): listAudioPorts() role 0 type 0 num_ports 9 ports 0xe586e000
10-31 15:25:17.758 V/APM_AudioPolicyManager( 3298): listAudioPorts() got 9 ports needed 9
10-31 15:25:17.760 D/SamsungAnimationCreator( 3648): updateAppTransitionStartValues frame Rect(30, 2028 - 366, 2444)
10-31 15:25:17.760 D/ActivityManager( 3648): applyOptionsLocked, ANIM_CUSTOM_SCALE_UP, task.getRootActivity() : ActivityRecord{e496d8c u0 com.adam.app.demoset/.MainActivity t163}, task.getTaskToReturnTo() : 1
10-31 15:25:17.760 D/ViewRootImpl@538718d[demoset]( 3648): Relayout returned: old=[0,0][0,0] new=[0,0][1440,2560] result=0x7 surface={valid=true 515828670464} changed=true
10-31 15:25:17.760 D/ActivityManager( 3648): setAppIconInfo(), x : 30, y : 2028, width : 336, height : 416, isHomeItem : false
10-31 15:25:17.760 D/SamsungAnimationCreator( 3648): setAnimationFromLauncher : apps 2
10-31 15:25:17.760 D/TAG     ( 3648): there was set displayTime of last activity. so it should be cleared.
10-31 15:25:17.761 I/MicroRecognitionRunner( 3690): Detection finished
10-31 15:25:17.766 I/ActivityManager( 3648): DSS on for com.adam.app.demoset and scale is 1.0
10-31 15:25:17.769 V/WindowManager( 3648): rotationForOrientationLw(orient=-1, last=0); user=0  sensorRotation=-1 mLidState=-1 mDockMode=0 mHdmiPlugged=false
10-31 15:25:17.774 D/PersonaManagerService( 3648): Current focused persona service handled id set to : 0
10-31 15:25:17.774 D/InputDispatcher( 3648): Focused application set to: xxxx
10-31 15:25:17.775 D/InputDispatcher( 3648): Focus left window: 5024
10-31 15:25:17.776 D/ViewRootImpl@6a09967[LauncherActivity]( 5024): MSG_WINDOW_FOCUS_CHANGED 0
10-31 15:25:17.777 D/GameManagerService( 3648): handleForegroundChange(). pkgName: com.adam.app.demoset, clsName: com.adam.app.demoset.MainActivity,FgActivityName:com.adam.app.demoset/.MainActivity
10-31 15:25:17.777 D/GameManagerService( 3648): sem_perfomance_mode: 0
10-31 15:25:17.777 D/GameManagerService( 3648): notifyResumePause(). pkg: com.adam.app.demoset, type: 4, isMinimized: false, isTunableApp: false
10-31 15:25:17.777 D/GameManagerService( 3648):   notifyResumePause(). do nothing. mKillNotiCount: 3
10-31 15:25:17.778 D/MARsPolicyManager( 3648): onPackageResumedFG pkgName = com.adam.app.demoset, userId = 0
10-31 15:25:17.779 V/WindowManager( 3648): finishDrawingLocked: mDrawState=COMMIT_DRAW_PENDING Window{baf7f42 u0 Splash Screen com.adam.app.demoset} in Surface(name=Splash Screen com.adam.app.demoset)
10-31 15:25:17.781 D/SamsungAnimationCreator( 3648): createAnimation type:LowEnd transit:12 enter:false wallpaperXoffset:-560 split:false fixedOri:false
10-31 15:25:17.781 D/SamsungAnimationCreator( 3648): createAnimation displayFrame:Rect(0, 0 - 1440, 2560) frame:null insets:null
10-31 15:25:17.781 D/SamsungAnimationCreator( 3648): createAnimation type:LowEnd transit:1001 enter:false wallpaperXoffset:-1 split:false fixedOri:false
10-31 15:25:17.781 D/SamsungAnimationCreator( 3648): createAnimation displayFrame:Rect(0, 0 - 1440, 2560) frame:Rect(0, 0 - 1440, 2560) insets:Rect(0, 0 - 0, 0)
10-31 15:25:17.782 D/SamsungAnimationCreator( 3648): createAppOpenHomeExitAnimation
10-31 15:25:17.782 D/SamsungAnimationCreator( 3648): createAnimation type:LowEnd transit:1001 enter:true wallpaperXoffset:-1 split:false fixedOri:false
10-31 15:25:17.782 D/SamsungAnimationCreator( 3648): createAnimation displayFrame:Rect(0, 0 - 1440, 2560) frame:Rect(0, 0 - 1440, 2560) insets:Rect(0, 96 - 0, 0)
10-31 15:25:17.782 D/SamsungAnimationCreator( 3648): createAppOpenAppEnterAnimation
10-31 15:25:17.783 D/WallpaperService( 4051): updateSurface forceRelayout=true redrawNeeded=false myWidth=2560 myHeight=2560 fixedSize=true x = 0 y = 0 mWidth=2560 mHeight=2560 mIsSleepMode=false
10-31 15:25:17.784 D/SamsungAnalytics111040( 5024): [DLC Sender] send result success : 0
10-31 15:25:17.785 D/GamePkgDataHelper( 3648): getGamePkgDataIncServer(). com.adam.app.demoset
10-31 15:25:17.787 D/ForegroundUtils( 4319): could not check pending caller
10-31 15:25:17.788 D/GameManagerService( 3648): identifyGamePackage. com.adam.app.demoset
10-31 15:25:17.788 D/GamePkgDataHelper( 3648): getGamePkgData(). com.adam.app.demoset
10-31 15:25:17.788 V/WindowManager( 3648): Relayout Window{24013f2 u0 com.android.systemui.ImageWallpaper}: viewVisibility=0 req=2560x2560 WM.LayoutParams{(0,0)(2560x2560) gr=#800033 ty=2013 fl=#10318 fmt=2 wanim=0x103030e colorMode=0 naviIconColor=0 sfl=0x8}
10-31 15:25:17.791 D/ImageWallpaper( 4051): onOffsetsChanged: xOffset=0.0, yOffset=0.0, xOffsetStep=0.0, yOffsetStep=0.0, xPixels=0, yPixels=0
10-31 15:25:17.791 D/GameManagerService( 3648): identifyGamePackage. com.adam.app.demoset
10-31 15:25:17.791 D/GamePkgDataHelper( 3648): getGamePkgData(). com.adam.app.demoset
10-31 15:25:17.791 D/ImageWallpaper( 4051): newRotation : 0,mLastRotation : 0
10-31 15:25:17.791 W/SemDesktopModeManager( 4051): Desktop Mode feature not available or SemDesktopModeManager not instantiated. Please check Configuration.semDesktopModeEnabled instead.
10-31 15:25:17.791 D/ImageWallpaper( 4051): drawFrame:[frame.width()]2560[frame.height()]2560
10-31 15:25:17.791 D/ImageWallpaper( 4051): surfaceDimensionsChanged=false mDisplayWidth=1440 mDisplayHeight=2560
10-31 15:25:17.791 D/ImageWallpaper( 4051): mNewKeyboard : 0 mLastKeyboard : 0 mForceDraw = false
10-31 15:25:17.791 D/ImageWallpaper( 4051): redrawNeeded = false, mOffsetsChanged = false
10-31 15:25:17.791 D/ImageWallpaper( 4051): Suppressed drawFrame since redraw is not needed and offsets have not changed.
10-31 15:25:17.792 D/GameManagerService( 3648): identifyGamePackage. com.adam.app.demoset
10-31 15:25:17.792 D/GamePkgDataHelper( 3648): getGamePkgData(). com.adam.app.demoset
10-31 15:25:17.792 I/Rubin   (12816): [19817] LoggingEventHelper.notifyUpdatedWithValue(LoggingEventHelper.java:58) : Notify AppUsageLogger's database is updated.
10-31 15:25:17.793 D/GameManagerService( 3648): identifyGamePackage. com.adam.app.demoset
10-31 15:25:17.793 D/GamePkgDataHelper( 3648): getGamePkgData(). com.adam.app.demoset
10-31 15:25:17.794 I/Launcher( 5024): onWindowVisibilityChanged : false
10-31 15:25:17.797 D/WindowManager( 3648): set systemUiVisibility : systemUiFlags= 0x608 fullscreenStackSysUiFlags= 0x0
10-31 15:25:17.798 D/GameManagerService( 3648): identifyGamePackage. com.adam.app.demoset
10-31 15:25:17.798 D/GamePkgDataHelper( 3648): getGamePkgData(). com.adam.app.demoset
10-31 15:25:17.799 D/WindowManager( 3648): adjustSystemUiVisibilityLw : vis= 0x608
10-31 15:25:17.800 D/OpenGLRenderer( 5024): eglDestroySurface = 0x7830bc2ab0
10-31 15:25:17.800 V/WindowManager( 3648): Relayout Window{7b4e705 u0 com.sec.android.app.launcher/com.sec.android.app.launcher.activities.LauncherActivity}: viewVisibility=8 req=1440x2560 WM.LayoutParams{(0,0)(fillxfill) sim=#130 ty=1 fl=#81910d02 pfl=0x20000 fmt=-2 wanim=0x10302ea vsysui=0x700 needsMenuKey=2 colorMode=0 dimDuration=444 naviIconColor=0 sfl=0x40}
10-31 15:25:17.803 D/SSRM:k  ( 3648): SIOP:: AP = 350, PST = 326 (W:6), BAT = 296, CHG = 334, CP = 278
10-31 15:25:17.804 D/ViewRootImpl@6a09967[LauncherActivity]( 5024): Relayout returned: old=[0,0][1440,2560] new=[0,0][1440,2560] result=0x5 surface={valid=false 0} changed=true
10-31 15:25:17.842 D/SurfaceFlinger( 3191):   Display[0] configurations (* current):
10-31 15:25:17.842 D/SurfaceFlinger( 3191):     * 0: 1440x2560, xdpi=580.570984, ydpi=575.432983, refresh=16949152
10-31 15:25:17.842 D/SurfaceFlinger( 3191):   numHwLayers=5, flags=00000000
10-31 15:25:17.842 D/SurfaceFlinger( 3191):     type   |  handle  | hint | flag | tr | blnd |   format    |     source crop (l,t,r,b)      |          frame         | name 
10-31 15:25:17.842 D/SurfaceFlinger( 3191): -----------+----------+------+------+----+------+-------------+--------------------------------+------------------------+------
10-31 15:25:17.842 D/SurfaceFlinger( 3191):        HWC | 73851ed9c0 | 0000 | 0000 | 00 | 0100 | RGBA_8888   |    0.0,    0.0,  360.0,  640.0 |    0,    0, 1440, 2560 | com.sec.android.app.launcher/com.sec.android.app.launcher.activities.LauncherActivity#0
10-31 15:25:17.842 D/SurfaceFlinger( 3191):        HWC | 738942d3c0 | 0000 | 0000 | 00 | 0105 | RGBA_8888   |   28.0,  322.0, 1261.0, 2513.0 |    0,    0, 1440, 2560 | com.sec.android.app.launcher/com.sec.android.app.launcher.activities.LauncherActivity#0
10-31 15:25:17.842 D/SurfaceFlinger( 3191):       GLES | 73850c29c0 | 0000 | 0020 | 00 | 0105 | RGBA_8888   |    0.0,    0.0, 1440.0, 2560.0 |   66,  742, 1028, 2453 | Splash Screen com.adam.app.demoset#0
10-31 15:25:17.842 D/SurfaceFlinger( 3191):        HWC | 7380f2ab80 | 0000 | 0000 
10-31 15:25:17.842 D/SurfaceFlinger( 3191): | 00 | 0105 | RGBA_8888   |    0.0,    0.0, 1440.0,   96.0 |    0,    0, 1440,   96 | StatusBar#0
10-31 15:25:17.842 D/SurfaceFlinger( 3191):  FB TARGET | 73853f5f00 | 0000 | 0000 | 00 | 0105 | RGBA_8888   |    0.0,    0.0, 1440.0, 2560.0 |    0,    0, 1440, 2560 | HWC_FRAMEBUFFER_TARGET
10-31 15:25:17.854 I/PBSessionCacheImpl( 3690): Deleted sessionId[16230332578271090] from persistence.
10-31 15:25:17.856 I/zygote64(16925): no shared libraies, dex_files: 1
10-31 15:25:17.870 D/SystemServicesProxy( 4051): updateOverviewLastStackActiveTimeAsync: newTime=1540632178539
10-31 15:25:17.870 D/SecContentProvider( 3648): query(), uri = 17 selection = isSettingsChangesAllowed
10-31 15:25:17.870 D/SecContentProvider( 3648): called from android.uid.systemui:10061
10-31 15:25:17.871 D/SystemServicesProxy( 4051): updateOverviewLastStackActiveTimeAsync: done.
10-31 15:25:17.874 I/zygote64(16925): Do partial code cache collection, code=30KB, data=22KB
10-31 15:25:17.874 I/zygote64(16925): After code cache collection, code=30KB, data=22KB
10-31 15:25:17.874 I/zygote64(16925): Increasing code cache capacity to 128KB
10-31 15:25:17.886 W/SearchServiceCore( 3690): Abort, client detached.
10-31 15:25:17.888 I/DemoSet (16925): MyDBProvider: onCreate enter
10-31 15:25:17.888 I/DemoSet (16925): MyDBHelper: MyDbHelper constructor...
10-31 15:25:17.899 I/WorkerManager( 3690): dispose()
10-31 15:25:17.899 I/WorkerManager( 3690): Disposing handler for worker [legacyui] (manager: c2c312d, handler: bdebc76)
10-31 15:25:17.900 I/WorkerManager( 3690): Disposing handler for worker [networkmonitor] (manager: c2c312d, handler: e478198)
10-31 15:25:17.900 I/WorkerManager( 3690): Disposing handler for worker [logo_header] (manager: c2c312d, handler: 42a29)
10-31 15:25:17.900 I/WorkerManager( 3690): Disposing handler for worker [transcription] (manager: c2c312d, handler: 460cf36)
10-31 15:25:17.901 I/WorkerManager( 3690): Disposing handler for worker [screensearch] (manager: c2c312d, handler: b3f8d8d)
10-31 15:25:17.901 I/WorkerManager( 3690): Disposing handler for worker [optin] (manager: c2c312d, handler: ee1bdc7)
10-31 15:25:17.901 I/WorkerManager( 3690): Disposing handler for worker [sharebear] (manager: c2c312d, handler: e4d69b6)
10-31 15:25:17.902 I/WorkerManager( 3690): Disposing handler for worker [searchplate] (manager: c2c312d, handler: 29aaaf7)
10-31 15:25:17.902 I/WorkerManager( 3690): Disposing handler for worker [sharedmicrodetection] (manager: c2c312d, handler: 3cd2f26)
10-31 15:25:17.902 I/WorkerManager( 3690): Disposing handler for worker [message] (manager: c2c312d, handler: ef4af13)
10-31 15:25:17.902 I/WorkerManager( 3690): Disposing handler for worker [searchwidget] (manager: c2c312d, handler: e876c82)
10-31 15:25:17.903 I/WorkerManager( 3690): Disposing handler for worker [service] (manager: c2c312d, handler: b9ad662)
10-31 15:25:17.903 I/WorkerManager( 3690): Disposing handler for worker [context] (manager: c2c312d, handler: 6dce44e)
10-31 15:25:17.903 I/WorkerManager( 3690): Disposing handler for worker [progress] (manager: c2c312d, handler: b1f2278)
10-31 15:25:17.904 I/WorkerManager( 3690): Disposing handler for worker [searchboxroot] (manager: c2c312d, handler: ac34faa)
