10-31 15:25:17.904 I/WorkerManager( 3690): Disposing handler for worker [audio] (manager: c2c312d, handler: 555add6)
10-31 15:25:17.904 I/WorkerManager( 3690): Disposing handler for worker [actions] (manager: c2c312d, handler: 9780738)
10-31 15:25:17.905 I/WorkerManager( 3690): Disposing handler for worker [conversation] (manager: c2c312d, handler: 3840f4d)
10-31 15:25:17.905 I/WorkerManager( 3690): Disposing handler for worker [actionvelogging] (manager: c2c312d, handler: e26f75a)
10-31 15:25:17.918 D/MdnieScenarioControlService( 3648):  packageName : com.adam.app.demoset    className : com.adam.app.demoset.MainActivity
10-31 15:25:17.918 V/MdnieScenarioControlService( 3648): setUIMode from UI function(3)
10-31 15:25:17.954 I/zygote64(16925): Rejecting re-init on previously-failed class java.lang.Class<android.support.v4.view.ViewCompat$OnUnhandledKeyEventListenerWrapper>: java.lang.NoClassDefFoundError: Failed resolution of: Landroid/view/View$OnUnhandledKeyEventListener;
10-31 15:25:17.954 I/zygote64(16925):   at void android.support.v4.view.ViewCompat.setBackground(android.view.View, android.graphics.drawable.Drawable) (ViewCompat.java:2341)
10-31 15:25:17.954 I/zygote64(16925):   at void android.support.v7.widget.ActionBarContainer.<init>(android.content.Context, android.util.AttributeSet) (ActionBarContainer.java:62)
10-31 15:25:17.954 I/zygote64(16925):   at java.lang.Object java.lang.reflect.Constructor.newInstance0(java.lang.Object[]) (Constructor.java:-2)
10-31 15:25:17.954 I/zygote64(16925):   at java.lang.Object java.lang.reflect.Constructor.newInstance(java.lang.Object[]) (Constructor.java:334)
10-31 15:25:17.954 I/zygote64(16925):   at android.view.View android.view.LayoutInflater.createView(java.lang.String, java.lang.String, android.util.AttributeSet) (LayoutInflater.java:647)
10-31 15:25:17.954 I/zygote64(16925):   at android.view.View android.view.LayoutInflater.createViewFromTag(android.view.View, java.lang.String, android.content.Context, android.util.AttributeSet, boolean) (LayoutInflater.java:790)
10-31 15:25:17.954 I/zygote64(16925):   at android.view.View android.view.LayoutInflater.createViewFromTag(android.view.View, java.lang.String, android.content.Context, android.util.AttributeSet) (LayoutInflater.java:730)
10-31 15:25:17.954 I/zygote64(16925):   at void android.view.LayoutInflater.rInflate(org.xmlpull.v1.XmlPullParser, android.view.View, android.content.Context, android.util.AttributeSet, boolean) (LayoutInflater.java:863)
10-31 15:25:17.954 I/zygote64(16925):   at void android.view.LayoutInflater.rInflateChildren(org.xmlpull.v1.XmlPullParser, android.view.View, android.util.AttributeSet, boolean) (LayoutInflater.java:824)
10-31 15:25:17.954 I/zygote64(16925):   at android.view.View android.view.LayoutInflater.inflate(org.xmlpull.v1.XmlPullParser, android.view.ViewGroup, boolean) (LayoutInflater.java:515)
10-31 15:25:17.954 I/zygote64(16925):   at android.view.View android.view.LayoutInflater.inflate(int, android.view.ViewGroup, boolean) (LayoutInflater.java:423)
10-31 15:25:17.954 I/zygote64(16925):   at android.view.View android.view.LayoutInflater.inflate(int, android.view.ViewGroup) (LayoutInflater.java:374)
10-31 15:25:17.954 I/zygote64(16925):   at android.view.ViewGroup android.support.v7.app.AppCompatDelegateImpl.createSubDecor() (AppCompatDelegateImpl.java:607)
10-31 15:25:17.954 I/zygote64(16925):   at void android.support.v7.app.AppCompatDelegateImpl.ensureSubDecor() (AppCompatDelegateImpl.java:518)
10-31 15:25:17.954 I/zygote64(16925):   at void android.support.v7.app.AppCompatDelegateImpl.setContentView(int) (AppCompatDelegateImpl.java:466)
10-31 15:25:17.954 I/zygote64(16925):   at void android.support.v7.app.AppCompatActivity.setContentView(int) (AppCompatActivity.java:140)
10-31 15:25:17.954 I/zygote64(16925):   at void com.adam.app.demoset.MainActivity.onCreate(android.os.Bundle) (MainActivity.java:45)
10-31 15:25:17.954 I/zygote64(16925):   at void android.app.Activity.performCreate(android.os.Bundle) (Activity.java:7174)
10-31 15:25:17.954 I/zygote64(16925):   at void android.app.Instrumentation.callActivityOnCreate(android.app.Activity, android.os.Bundle) (Instrumentation.java:1220)
10-31 15:25:17.954 I/zygote64(16925):   at android.app.Activity android.app.ActivityThread.performLaunchActivity(android.app.ActivityThread$ActivityClientRecord, android.content.Intent) (ActivityThread.java:2910)
10-31 15:25:17.954 I/zygote64(16925):   at void android.app.ActivityThread.handleLaunchActivity(android.app.ActivityThread$ActivityClientRecord, android.content.Intent, java.lang.String) (ActivityThread.java:3032)
10-31 15:25:17.954 I/zygote64(16925):   at void android.app.ActivityThread.-wrap11(android.app.ActivityThread, android.app.ActivityThread$ActivityClientRecord, android.content.Intent, java.lang.String) (ActivityThread.java:-1)
10-31 15:25:17.954 I/zygote64(16925):   at void android.app.ActivityThread$H.handleMessage(android.os.Message) (ActivityThread.java:1696)
10-31 15:25:17.954 I/zygote64(16925):   at void android.os.Handler.dispatchMessage(android.os.Message) (Handler.java:105)
10-31 15:25:17.954 I/zygote64(16925):   at void android.os.Looper.loop() (Looper.java:164)
10-31 15:25:17.954 I/zygote64(16925):   at void android.app.ActivityThread.main(java.lang.String[]) (ActivityThread.java:6944)
10-31 15:25:17.954 I/zygote64(16925):   at java.lang.Object java.lang.reflect.Method.invoke(java.lang.Object, java.lang.Object[]) (Method.java:-2)
10-31 15:25:17.954 I/zygote64(16925):   at void com.android.internal.os.Zygote$MethodAndArgsCaller.run() (Zygote.java:327)
10-31 15:25:17.954 I/zygote64(16925):   at void com.android.internal.os.ZygoteInit.main(java.lang.String[]) (ZygoteInit.java:1374)
10-31 15:25:17.954 I/zygote64(16925): Caused by: java.lang.ClassNotFoundException: Didn't find class "android.view.View$OnUnhandledKeyEventListener" on path: DexPathList[[zip file "/data/app/com.adam.app.demoset-c-BrvTvNkHFax8lzbJA4XA==/base.apk"],nativeLibraryDirectories=[/data/app/com.adam.app.demoset-c-BrvTvNkHFax8lzbJA4XA==/lib/arm64, /data/app/com.adam.app.demoset-c-BrvTvNkHFax8lzbJA4XA==/base.apk!/lib/arm64-v8a, /system/lib64, /system/vendor/lib64]]
10-31 15:25:17.954 I/zygote64(16925):   at java.lang.Class dalvik.system.BaseDexClassLoader.findClass(java.lang.String) (BaseDexClassLoader.java:93)
10-31 15:25:17.954 I/zygote64(16925):   at java.lang.Class java.lang.ClassLoader.loadClass(java.lang.String, boolean) (ClassLoader.java:379)
10-31 15:25:17.954 I/zygote64(16925):   at java.lang.Class java.lang.ClassLoader.loadClass(java.lang.String) (ClassLoader.java:312)
10-31 15:25:17.954 I/zygote64(16925):   at void android.support.v4.view.ViewCompat.setBackground(android.view.View, android.graphics.drawable.Drawable) (ViewCompat.java:2341)
10-31 15:25:17.954 I/zygote64(16925):   at void android.support.v7.widget.ActionBarContainer.<init>(android.content.Context, android.util.AttributeSet) (ActionBarContainer.java:62)
10-31 15:25:17.954 I/zygote64(16925):   at java.lang.Object java.lang.reflect.Constructor.newInstance0(java.lang.Object[]) (Constructor.java:-2)
10-31 15:25:17.954 I/zygote64(16925):   at java.lang.Object java.lang.reflect.Constructor.newInstance(java.lang.Object[]) (Constructor.java:334)
10-31 15:25:17.954 I/zygote64(16925):   at android.view.View android.view.LayoutInflater.createView(java.lang.String, java.lang.String, android.util.AttributeSet) (LayoutInflater.java:647)
10-31 15:25:17.954 I/zygote64(16925):   at android.view.View android.view.LayoutInflater.createViewFromTag(android.view.View, java.lang.String, android.content.Context, android.util.AttributeSet, boolean) (LayoutInflater.java:790)
10-31 15:25:17.954 I/zygote64(16925):   at android.view.View android.view.LayoutInflater.createViewFromTag(android.view.View, java.lang.String, android.content.Context, android.util.AttributeSet) (LayoutInflater.java:730)
10-31 15:25:17.954 I/zygote64(16925):   at void android.view.LayoutInflater.rInflate(org.xmlpull.v1.XmlPullParser, android.view.View, android.content.Context, android.util.AttributeSet, boolean) (LayoutInflater.java:863)
10-31 15:25:17.954 I/zygote64(16925):   at void android.view.LayoutInflater.rInflateChildren(org.xmlpull.v1.XmlPullParser, android.view.View, android.util.AttributeSet, boolean) (LayoutInflater.java:824)
10-31 15:25:17.954 I/zygote64(16925):   at android.view.View android.view.LayoutInflater.inflate(org.xmlpull.v1.XmlPullParser, android.view.ViewGroup, boolean) (LayoutInflater.java:515)
10-31 15:25:17.954 I/zygote64(16925):   at android.view.View android.view.LayoutInflater.inflate(int, android.view.ViewGroup, boolean) (LayoutInflater.java:423)
10-31 15:25:17.954 I/zygote64(16925):   at android.view.View android.view.LayoutInflater.inflate(int, android.view.ViewGroup) (LayoutInflater.java:374)
10-31 15:25:17.954 I/zygote64(16925):   at android.view.ViewGroup android.support.v7.app.AppCompatDelegateImpl.createSubDecor() (AppCompatDelegateImpl.java:607)
10-31 15:25:17.954 I/zygote64(16925):   at void android.support.v7.app.AppCompatDelegateImpl.ensureSubDecor() (AppCompatDelegateImpl.java:518)
10-31 15:25:17.954 I/zygote64(16925):   at void android.support.v7.app.AppCompatDelegateImpl.setContentView(int) (AppCompatDelegateImpl.java:466)
10-31 15:25:17.954 I/zygote64(16925):   at void android.support.v7.app.AppCompatActivity.setContentView(int) (AppCompatActivity.java:140)
10-31 15:25:17.954 I/zygote64(16925):   at void com.adam.app.demoset.MainActivity.onCreate(android.os.Bundle) (MainActivity.java:45)
10-31 15:25:17.954 I/zygote64(16925):   at void android.app.Activity.performCreate(android.os.Bundle) (Activity.java:7174)
10-31 15:25:17.954 I/zygote64(16925):   at void android.app.Instrumentation.callActivityOnCreate(android.app.Activity, android.os.Bundle) (Instrumentation.java:1220)
10-31 15:25:17.954 I/zygote64(16925):   at android.app.Activity android.app.ActivityThread.performLaunchActivity(android.app.ActivityThread$ActivityClientRecord, android.content.Intent) (ActivityThread.java:2910)
10-31 15:25:17.954 I/zygote64(16925):   at void android.app.ActivityThread.handleLaunchActivity(android.app.ActivityThread$ActivityClientRecord, android.content.Intent, java.lang.String) (ActivityThread.java:3032)
10-31 15:25:17.954 I/zygote64(16925):   at void android.app.ActivityThread.-wrap11(android.app.ActivityThread, android.app.ActivityThread$ActivityClientRecord, android.content.Intent, java.lang.String) (ActivityThread.java:-1)
10-31 15:25:17.954 I/zygote64(16925):   at void android.app.ActivityThread$H.handleMessage(android.os.Message) (ActivityThread.java:1696)
10-31 15:25:17.954 I/zygote64(16925):   at void android.os.Handler.dispatchMessage(android.os.Message) (Handler.java:105)
10-31 15:25:17.954 I/zygote64(16925):   at void android.os.Looper.loop() (Looper.java:164)
10-31 15:25:17.954 I/zygote64(16925):   at void android.app.ActivityThread.main(java.lang.String[]) (ActivityThread.java:6944)
10-31 15:25:17.954 I/zygote64(16925):   at java.lang.Object java.lang.reflect.Method.invoke(java.lang.Object, java.lang.Object[]) (Method.java:-2)
10-31 15:25:17.954 I/zygote64(16925):   at void com.android.internal.os.Zygote$MethodAndArgsCaller.run() (Zygote.java:327)
10-31 15:25:17.954 I/zygote64(16925):   at void com.android.internal.os.ZygoteInit.main(java.lang.String[]) (ZygoteInit.java:1374)
10-31 15:25:17.954 I/zygote64(16925): 
10-31 15:25:17.955 I/zygote64(16925): Rejecting re-init on previously-failed class java.lang.Class<android.support.v4.view.ViewCompat$OnUnhandledKeyEventListenerWrapper>: java.lang.NoClassDefFoundError: Failed resolution of: Landroid/view/View$OnUnhandledKeyEventListener;
10-31 15:25:17.955 I/zygote64(16925):   at void android.support.v4.view.ViewCompat.setBackground(android.view.View, android.graphics.drawable.Drawable) (ViewCompat.java:2341)
10-31 15:25:17.955 I/zygote64(16925):   at void android.support.v7.widget.ActionBarContainer.<init>(android.content.Context, android.util.AttributeSet) (ActionBarContainer.java:62)
10-31 15:25:17.955 I/zygote64(16925):   at java.lang.Object java.lang.reflect.Constructor.newInstance0(java.lang.Object[]) (Constructor.java:-2)
10-31 15:25:17.955 I/zygote64(16925):   at java.lang.Object java.lang.reflect.Constructor.newInstance(java.lang.Object[]) (Constructor.java:334)
10-31 15:25:17.955 I/zygote64(16925):   at android.view.View android.view.LayoutInflater.createView(java.lang.String, java.lang.String, android.util.AttributeSet) (LayoutInflater.java:647)
10-31 15:25:17.955 I/zygote64(16925):   at android.view.View android.view.LayoutInflater.createViewFromTag(android.view.View, java.lang.String, android.content.Context, android.util.AttributeSet, boolean) (LayoutInflater.java:790)
10-31 15:25:17.955 I/zygote64(16925):   at android.view.View android.view.LayoutInflater.createViewFromTag(android.view.View, java.lang.String, android.content.Context, android.util.AttributeSet) (LayoutInflater.java:730)
10-31 15:25:17.955 I/zygote64(16925):   at void android.view.LayoutInflater.rInflate(org.xmlpull.v1.XmlPullParser, android.view.View, android.content.Context, android.util.AttributeSet, boolean) (LayoutInflater.java:863)
10-31 15:25:17.955 I/zygote64(16925):   at void android.view.LayoutInflater.rInflateChildren(org.xmlpull.v1.XmlPullParser, android.view.View, android.util.AttributeSet, boolean) (LayoutInflater.java:824)
10-31 15:25:17.955 I/zygote64(16925):   at android.view.View android.view.LayoutInflater.inflate(org.xmlpull.v1.XmlPullParser, android.view.ViewGroup, boolean) (LayoutInflater.java:515)
10-31 15:25:17.955 I/zygote64(16925):   at android.view.View android.view.LayoutInflater.inflate(int, android.view.ViewGroup, boolean) (LayoutInflater.java:423)
10-31 15:25:17.955 I/zygote64(16925):   at android.view.View android.view.LayoutInflater.inflate(int, android.view.ViewGroup) (LayoutInflater.java:374)
10-31 15:25:17.955 I/zygote64(16925):   at android.view.ViewGroup android.support.v7.app.AppCompatDelegateImpl.createSubDecor() (AppCompatDelegateImpl.java:607)
10-31 15:25:17.955 I/zygote64(16925):   at void android.support.v7.app.AppCompatDelegateImpl.ensureSubDecor() (AppCompatDelegateImpl.java:518)
10-31 15:25:17.955 I/zygote64(16925):   at void android.support.v7.app.AppCompatDelegateImpl.setContentView(int) (AppCompatDelegateImpl.java:466)
10-31 15:25:17.955 I/zygote64(16925):   at void android.support.v7.app.AppCompatActivity.setContentView(int) (AppCompatActivity.java:140)
10-31 15:25:17.955 I/zygote64(16925):   at void com.adam.app.demoset.MainActivity.onCreate(android.os.Bundle) (MainActivity.java:45)
10-31 15:25:17.955 I/zygote64(16925):   at void android.app.Activity.performCreate(android.os.Bundle) (Activity.java:7174)
10-31 15:25:17.955 I/zygote64(16925):   at void android.app.Instrumentation.callActivityOnCreate(android.app.Activity, android.os.Bundle) (Instrumentation.java:1220)
10-31 15:25:17.955 I/zygote64(16925):   at android.app.Activity android.app.ActivityThread.performLaunchActivity(android.app.ActivityThread$ActivityClientRecord, android.content.Intent) (ActivityThread.java:2910)
10-31 15:25:17.956 I/zygote64(16925):   at void android.app.ActivityThread.handleLaunchActivity(android.app.ActivityThread$ActivityClientRecord, android.content.Intent, java.lang.String) (ActivityThread.java:3032)
10-31 15:25:17.956 I/zygote64(16925):   at void android.app.ActivityThread.-wrap11(android.app.ActivityThread, android.app.ActivityThread$ActivityClientRecord, android.content.Intent, java.lang.String) (ActivityThread.java:-1)
10-31 15:25:17.956 I/zygote64(16925):   at void android.app.ActivityThread$H.handleMessage(android.os.Message) (ActivityThread.java:1696)
10-31 15:25:17.956 I/zygote64(16925):   at void android.os.Handler.dispatchMessage(android.os.Message) (Handler.java:105)
10-31 15:25:17.956 I/zygote64(16925):   at void android.os.Looper.loop() (Looper.java:164)
10-31 15:25:17.956 I/zygote64(16925):   at void android.app.ActivityThread.main(java.lang.String[]) (ActivityThread.java:6944)
10-31 15:25:17.956 I/zygote64(16925):   at java.lang.Object java.lang.reflect.Method.invoke(java.lang.Object, java.lang.Object[]) (Method.java:-2)
10-31 15:25:17.956 I/zygote64(16925):   at void com.android.internal.os.Zygote$MethodAndArgsCaller.run() (Zygote.java:327)
10-31 15:25:17.956 I/zygote64(16925):   at void com.android.internal.os.ZygoteInit.main(java.lang.String[]) (ZygoteInit.java:1374)
10-31 15:25:17.956 I/zygote64(16925): Caused by: java.lang.ClassNotFoundException: Didn't find class "android.view.View$OnUnhandledKeyEventListener" on path: DexPathList[[zip file "/data/app/com.adam.app.demoset-c-BrvTvNkHFax8lzbJA4XA==/base.apk"],nativeLibraryDirectories=[/data/app/com.adam.app.demoset-c-BrvTvNkHFax8lzbJA4XA==/lib/arm64, /data/app/com.adam.app.demoset-c-BrvTvNkHFax8lzbJA4XA==/base.apk!/lib/arm64-v8a, /system/lib64, /system/vendor/lib64]]
10-31 15:25:17.956 I/zygote64(16925):   at java.lang.Class dalvik.system.BaseDexClassLoader.findClass(java.lang.String) (BaseDexClassLoader.java:93)
10-31 15:25:17.956 I/zygote64(16925):   at java.lang.Class java.lang.ClassLoader.loadClass(java.lang.String, boolean) (ClassLoader.java:379)
10-31 15:25:17.956 I/zygote64(16925):   at java.lang.Class java.lang.ClassLoader.loadClass(java.lang.String) (ClassLoader.java:312)
10-31 15:25:17.956 I/zygote64(16925):   at void android.support.v4.view.ViewCompat.setBackground(android.view.View, android.graphics.drawable.Drawable) (ViewCompat.java:2341)
10-31 15:25:17.956 I/zygote64(16925):   at void android.support.v7.widget.ActionBarContainer.<init>(android.content.Context, android.util.AttributeSet) (ActionBarContainer.java:62)
10-31 15:25:17.956 I/zygote64(16925):   at java.lang.Object java.lang.reflect.Constructor.newInstance0(java.lang.Object[]) (Constructor.java:-2)
10-31 15:25:17.956 I/zygote64(16925):   at java.lang.Object java.lang.reflect.Constructor.newInstance(java.lang.Object[]) (Constructor.java:334)
10-31 15:25:17.956 I/zygote64(16925):   at android.view.View android.view.LayoutInflater.createView(java.lang.String, java.lang.String, android.util.AttributeSet) (LayoutInflater.java:647)
10-31 15:25:17.956 I/zygote64(16925):   at android.view.View android.view.LayoutInflater.createViewFromTag(android.view.View, java.lang.String, android.content.Context, android.util.AttributeSet, boolean) (LayoutInflater.java:790)
10-31 15:25:17.956 I/zygote64(16925):   at android.view.View android.view.LayoutInflater.createViewFromTag(android.view.View, java.lang.String, android.content.Context, android.util.AttributeSet) (LayoutInflater.java:730)
10-31 15:25:17.956 I/zygote64(16925):   at void android.view.LayoutInflater.rInflate(org.xmlpull.v1.XmlPullParser, android.view.View, android.content.Context, android.util.AttributeSet, boolean) (LayoutInflater.java:863)
10-31 15:25:17.956 I/zygote64(16925):   at void android.view.LayoutInflater.rInflateChildren(org.xmlpull.v1.XmlPullParser, android.view.View, android.util.AttributeSet, boolean) (LayoutInflater.java:824)
10-31 15:25:17.956 I/zygote64(16925):   at android.view.View android.view.LayoutInflater.inflate(org.xmlpull.v1.XmlPullParser, android.view.ViewGroup, boolean) (LayoutInflater.java:515)
10-31 15:25:17.956 I/zygote64(16925):   at android.view.View android.view.LayoutInflater.inflate(int, android.view.ViewGroup, boolean) (LayoutInflater.java:423)
10-31 15:25:17.956 I/zygote64(16925):   at android.view.View android.view.LayoutInflater.inflate(int, android.view.ViewGroup) (LayoutInflater.java:374)
10-31 15:25:17.956 I/zygote64(16925):   at android.view.ViewGroup android.support.v7.app.AppCompatDelegateImpl.createSubDecor() (AppCompatDelegateImpl.java:607)
10-31 15:25:17.956 I/zygote64(16925):   at void android.support.v7.app.AppCompatDelegateImpl.ensureSubDecor() (AppCompatDelegateImpl.java:518)
10-31 15:25:17.956 I/zygote64(16925):   at void android.support.v7.app.AppCompatDelegateImpl.setContentView(int) (AppCompatDelegateImpl.java:466)
10-31 15:25:17.956 I/zygote64(16925):   at void android.support.v7.app.AppCompatActivity.setContentView(int) (AppCompatActivity.java:140)
10-31 15:25:17.956 I/zygote64(16925):   at void com.adam.app.demoset.MainActivity.onCreate(android.os.Bundle) (MainActivity.java:45)
10-31 15:25:17.956 I/zygote64(16925):   at void android.app.Activity.performCreate(android.os.Bundle) (Activity.java:7174)
10-31 15:25:17.956 I/zygote64(16925):   at void android.app.Instrumentation.callActivityOnCreate(android.app.Activity, android.os.Bundle) (Instrumentation.java:1220)
10-31 15:25:17.956 I/zygote64(16925):   at android.app.Activity android.app.ActivityThread.performLaunchActivity(android.app.ActivityThread$ActivityClientRecord, android.content.Intent) (ActivityThread.java:2910)
10-31 15:25:17.956 I/zygote64(16925):   at void android.app.ActivityThread.handleLaunchActivity(android.app.ActivityThread$ActivityClientRecord, android.content.Intent, java.lang.String) (ActivityThread.java:3032)
10-31 15:25:17.956 I/zygote64(16925):   at void android.app.ActivityThread.-wrap11(android.app.ActivityThread, android.app.ActivityThread$ActivityClientRecord, android.content.Intent, java.lang.String) (ActivityThread.java:-1)
10-31 15:25:17.956 I/zygote64(16925):   at void android.app.ActivityThread$H.handleMessage(android.os.Message) (ActivityThread.java:1696)
10-31 15:25:17.956 I/zygote64(16925):   at void android.os.Handler.dispatchMessage(android.os.Message) (Handler.java:105)
10-31 15:25:17.956 I/zygote64(16925):   at void android.os.Looper.loop() (Looper.java:164)
10-31 15:25:17.956 I/zygote64(16925):   at void android.app.ActivityThread.main(java.lang.String[]) (ActivityThread.java:6944)
10-31 15:25:17.956 I/zygote64(16925):   at java.lang.Object java.lang.reflect.Method.invoke(java.lang.Object, java.lang.Object[]) (Method.java:-2)
10-31 15:25:17.956 I/zygote64(16925):   at void com.android.internal.os.Zygote$MethodAndArgsCaller.run() (Zygote.java:327)
10-31 15:25:17.956 I/zygote64(16925):   at void com.android.internal.os.ZygoteInit.main(java.lang.String[]) (ZygoteInit.java:1374)
10-31 15:25:17.956 I/zygote64(16925): 
10-31 15:25:17.956 I/zygote64(16925): Rejecting re-init on previously-failed class java.lang.Class<android.support.v4.view.ViewCompat$OnUnhandledKeyEventListenerWrapper>: java.lang.NoClassDefFoundError: Failed resolution of: Landroid/view/View$OnUnhandledKeyEventListener;
10-31 15:25:17.956 I/zygote64(16925):   at void android.support.v4.view.ViewCompat.setBackground(android.view.View, android.graphics.drawable.Drawable) (ViewCompat.java:2341)
10-31 15:25:17.956 I/zygote64(16925):   at void android.support.v7.widget.ActionBarContainer.<init>(android.content.Context, android.util.AttributeSet) (ActionBarContainer.java:62)
10-31 15:25:17.956 I/zygote64(16925):   at java.lang.Object java.lang.reflect.Constructor.newInstance0(java.lang.Object[]) (Constructor.java:-2)
10-31 15:25:17.956 I/zygote64(16925):   at java.lang.Object java.lang.reflect.Constructor.newInstance(java.lang.Object[]) (Constructor.java:334)
10-31 15:25:17.956 I/zygote64(16925):   at android.view.View android.view.LayoutInflater.createView(java.lang.String, java.lang.String, android.util.AttributeSet) (LayoutInflater.java:647)
10-31 15:25:17.956 I/zygote64(16925):   at android.view.View android.view.LayoutInflater.createViewFromTag(android.view.View, java.lang.String, android.content.Context, android.util.AttributeSet, boolean) (LayoutInflater.java:790)
10-31 15:25:17.956 I/zygote64(16925):   at android.view.View android.view.LayoutInflater.createViewFromTag(android.view.View, java.lang.String, android.content.Context, android.util.AttributeSet) (LayoutInflater.java:730)
10-31 15:25:17.956 I/zygote64(16925):   at void android.view.LayoutInflater.rInflate(org.xmlpull.v1.XmlPullParser, android.view.View, android.content.Context, android.util.AttributeSet, boolean) (LayoutInflater.java:863)
10-31 15:25:17.956 I/zygote64(16925):   at void android.view.LayoutInflater.rInflateChildren(org.xmlpull.v1.XmlPullParser, android.view.View, android.util.AttributeSet, boolean) (LayoutInflater.java:824)
10-31 15:25:17.957 I/zygote64(16925):   at android.view.View android.view.LayoutInflater.inflate(org.xmlpull.v1.XmlPullParser, android.view.ViewGroup, boolean) (LayoutInflater.java:515)
10-31 15:25:17.957 I/zygote64(16925):   at android.view.View android.view.LayoutInflater.inflate(int, android.view.ViewGroup, boolean) (LayoutInflater.java:423)
10-31 15:25:17.957 I/zygote64(16925):   at android.view.View android.view.LayoutInflater.inflate(int, android.view.ViewGroup) (LayoutInflater.java:374)
10-31 15:25:17.957 I/zygote64(16925):   at android.view.ViewGroup android.support.v7.app.AppCompatDelegateImpl.createSubDecor() (AppCompatDelegateImpl.java:607)
10-31 15:25:17.957 I/zygote64(16925):   at void android.support.v7.app.AppCompatDelegateImpl.ensureSubDecor() (AppCompatDelegateImpl.java:518)
10-31 15:25:17.957 I/zygote64(16925):   at void android.support.v7.app.AppCompatDelegateImpl.setContentView(int) (AppCompatDelegateImpl.java:466)
10-31 15:25:17.957 I/zygote64(16925):   at void android.support.v7.app.AppCompatActivity.setContentView(int) (AppCompatActivity.java:140)
10-31 15:25:17.957 I/zygote64(16925):   at void com.adam.app.demoset.MainActivity.onCreate(android.os.Bundle) (MainActivity.java:45)
10-31 15:25:17.957 I/zygote64(16925):   at void android.app.Activity.performCreate(android.os.Bundle) (Activity.java:7174)
10-31 15:25:17.957 I/zygote64(16925):   at void android.app.Instrumentation.callActivityOnCreate(android.app.Activity, android.os.Bundle) (Instrumentation.java:1220)
10-31 15:25:17.957 I/zygote64(16925):   at android.app.Activity android.app.ActivityThread.performLaunchActivity(android.app.ActivityThread$ActivityClientRecord, android.content.Intent) (ActivityThread.java:2910)
10-31 15:25:17.957 I/zygote64(16925):   at void android.app.ActivityThread.handleLaunchActivity(android.app.ActivityThread$ActivityClientRecord, android.content.Intent, java.lang.String) (ActivityThread.java:3032)
10-31 15:25:17.957 I/zygote64(16925):   at void android.app.ActivityThread.-wrap11(android.app.ActivityThread, android.app.ActivityThread$ActivityClientRecord, android.content.Intent, java.lang.String) (ActivityThread.java:-1)
10-31 15:25:17.957 I/zygote64(16925):   at void android.app.ActivityThread$H.handleMessage(android.os.Message) (ActivityThread.java:1696)
10-31 15:25:17.957 I/zygote64(16925):   at void android.os.Handler.dispatchMessage(android.os.Message) (Handler.java:105)
10-31 15:25:17.957 I/zygote64(16925):   at void android.os.Looper.loop() (Looper.java:164)
10-31 15:25:17.957 I/zygote64(16925):   at void android.app.ActivityThread.main(java.lang.String[]) (ActivityThread.java:6944)
10-31 15:25:17.957 I/zygote64(16925):   at java.lang.Object java.lang.reflect.Method.invoke(java.lang.Object, java.lang.Object[]) (Method.java:-2)
10-31 15:25:17.957 I/zygote64(16925):   at void com.android.internal.os.Zygote$MethodAndArgsCaller.run() (Zygote.java:327)
10-31 15:25:17.957 I/zygote64(16925):   at void com.android.internal.os.ZygoteInit.main(java.lang.String[]) (ZygoteInit.java:1374)
10-31 15:25:17.957 I/zygote64(16925): Caused by: java.lang.ClassNotFoundException: Didn't find class "android.view.View$OnUnhandledKeyEventListener" on path: DexPathList[[zip file "/data/app/com.adam.app.demoset-c-BrvTvNkHFax8lzbJA4XA==/base.apk"],nativeLibraryDirectories=[/data/app/com.adam.app.demoset-c-BrvTvNkHFax8lzbJA4XA==/lib/arm64, /data/app/com.adam.app.demoset-c-BrvTvNkHFax8lzbJA4XA==/base.apk!/lib/arm64-v8a, /system/lib64, /system/vendor/lib64]]
10-31 15:25:17.957 I/zygote64(16925):   at java.lang.Class dalvik.system.BaseDexClassLoader.findClass(java.lang.String) (BaseDexClassLoader.java:93)
10-31 15:25:17.957 I/zygote64(16925):   at java.lang.Class java.lang.ClassLoader.loadClass(java.lang.String, boolean) (ClassLoader.java:379)
10-31 15:25:17.957 I/zygote64(16925):   at java.lang.Class java.lang.ClassLoader.loadClass(java.lang.String) (ClassLoader.java:312)
10-31 15:25:17.957 I/zygote64(16925):   at void android.support.v4.view.ViewCompat.setBackground(android.view.View, android.graphics.drawable.Drawable) (ViewCompat.java:2341)
10-31 15:25:17.957 I/zygote64(16925):   at void android.support.v7.widget.ActionBarContainer.<init>(android.content.Context, android.util.AttributeSet) (ActionBarContainer.java:62)
10-31 15:25:17.957 I/zygote64(16925):   at java.lang.Object java.lang.reflect.Constructor.newInstance0(java.lang.Object[]) (Constructor.java:-2)
10-31 15:25:17.957 I/zygote64(16925):   at java.lang.Object java.lang.reflect.Constructor.newInstance(java.lang.Object[]) (Constructor.java:334)
10-31 15:25:17.957 I/zygote64(16925):   at android.view.View android.view.LayoutInflater.createView(java.lang.String, java.lang.String, android.util.AttributeSet) (LayoutInflater.java:647)
10-31 15:25:17.957 I/zygote64(16925):   at android.view.View android.view.LayoutInflater.createViewFromTag(android.view.View, java.lang.String, android.content.Context, android.util.AttributeSet, boolean) (LayoutInflater.java:790)
10-31 15:25:17.957 I/zygote64(16925):   at android.view.View android.view.LayoutInflater.createViewFromTag(android.view.View, java.lang.String, android.content.Context, android.util.AttributeSet) (LayoutInflater.java:730)
10-31 15:25:17.957 I/zygote64(16925):   at void android.view.LayoutInflater.rInflate(org.xmlpull.v1.XmlPullParser, android.view.View, android.content.Context, android.util.AttributeSet, boolean) (LayoutInflater.java:863)
10-31 15:25:17.957 I/zygote64(16925):   at void android.view.LayoutInflater.rInflateChildren(org.xmlpull.v1.XmlPullParser, android.view.View, android.util.AttributeSet, boolean) (LayoutInflater.java:824)
10-31 15:25:17.957 I/zygote64(16925):   at android.view.View android.view.LayoutInflater.inflate(org.xmlpull.v1.XmlPullParser, android.view.ViewGroup, boolean) (LayoutInflater.java:515)
10-31 15:25:17.957 I/zygote64(16925):   at android.view.View android.view.LayoutInflater.inflate(int, android.view.ViewGroup, boolean) (LayoutInflater.java:423)
10-31 15:25:17.957 I/zygote64(16925):   at android.view.View android.view.LayoutInflater.inflate(int, android.view.ViewGroup) (LayoutInflater.java:374)
10-31 15:25:17.957 I/zygote64(16925):   at android.view.ViewGroup android.support.v7.app.AppCompatDelegateImpl.createSubDecor() (AppCompatDelegateImpl.java:607)
10-31 15:25:17.957 I/zygote64(16925):   at void android.support.v7.app.AppCompatDelegateImpl.ensureSubDecor() (AppCompatDelegateImpl.java:518)
10-31 15:25:17.957 I/zygote64(16925):   at void android.support.v7.app.AppCompatDelegateImpl.setContentView(int) (AppCompatDelegateImpl.java:466)
10-31 15:25:17.957 I/zygote64(16925):   at void android.support.v7.app.AppCompatActivity.setContentView(int) (AppCompatActivity.java:140)
10-31 15:25:17.957 I/zygote64(16925):   at void com.adam.app.demoset.MainActivity.onCreate(android.os.Bundle) (MainActivity.java:45)
10-31 15:25:17.957 I/zygote64(16925):   at void android.app.Activity.performCreate(android.os.Bundle) (Activity.java:7174)
10-31 15:25:17.957 I/zygote64(16925):   at void android.app.Instrumentation.callActivityOnCreate(android.app.Activity, android.os.Bundle) (Instrumentation.java:1220)
10-31 15:25:17.957 I/zygote64(16925):   at android.app.Activity android.app.ActivityThread.performLaunchActivity(android.app.ActivityThread$ActivityClientRecord, android.content.Intent) (ActivityThread.java:2910)
10-31 15:25:17.957 I/zygote64(16925):   at void android.app.ActivityThread.handleLaunchActivity(android.app.ActivityThread$ActivityClientRecord, android.content.Intent, java.lang.String) (ActivityThread.java:3032)
10-31 15:25:17.957 I/zygote64(16925):   at void android.app.ActivityThread.-wrap11(android.app.ActivityThread, android.app.ActivityThread$ActivityClientRecord, android.content.Intent, java.lang.String) (ActivityThread.java:-1)
10-31 15:25:17.957 I/zygote64(16925):   at void android.app.ActivityThread$H.handleMessage(android.os.Message) (ActivityThread.java:1696)
10-31 15:25:17.957 I/zygote64(16925):   at void android.os.Handler.dispatchMessage(android.os.Message) (Handler.java:105)
10-31 15:25:17.957 I/zygote64(16925):   at void android.os.Looper.loop() (Looper.java:164)
10-31 15:25:17.957 I/zygote64(16925):   at void android.app.ActivityThread.main(java.lang.String[]) (ActivityThread.java:6944)
10-31 15:25:17.957 I/zygote64(16925):   at java.lang.Object java.lang.reflect.Method.invoke(java.lang.Object, java.lang.Object[]) (Method.java:-2)
10-31 15:25:17.957 I/zygote64(16925):   at void com.android.internal.os.Zygote$MethodAndArgsCaller.run() (Zygote.java:327)
10-31 15:25:17.957 I/zygote64(16925):   at void com.android.internal.os.ZygoteInit.main(java.lang.String[]) (ZygoteInit.java:1374)
10-31 15:25:17.957 I/zygote64(16925): 
10-31 15:25:17.994 I/Finsky  (16620): [5050] com.google.android.finsky.n.c.a(20): Completed 0 account content syncs with 0 successful.
10-31 15:25:17.995 I/Finsky  (16620): [2] com.google.android.finsky.contentsync.ContentSyncJob.a(28): Installation state replication succeeded.
10-31 15:25:17.996 I/Finsky  (16620): [2] com.google.android.finsky.scheduler.bm.b(8): jobFinished: 12-1. TimeElapsed: 634ms
10-31 15:25:17.997 I/Finsky  (16620): [2] com.google.android.finsky.scheduler.ah.a(138): Job 12-1 finished
10-31 15:25:18.001 I/Finsky  (16620): [2] com.google.android.finsky.scheduler.ah.a(105): RunningQueue size: 0, PendingQueue size: 0
10-31 15:25:18.002 I/Finsky  (16620): [2] com.google.android.finsky.scheduler.am.handleMessage(42): Executor finished
10-31 15:25:18.003 I/zygote64(16925): Do partial code cache collection, code=56KB, data=35KB
10-31 15:25:18.003 I/zygote64(16925): After code cache collection, code=56KB, data=35KB
10-31 15:25:18.003 I/zygote64(16925): Increasing code cache capacity to 256KB
10-31 15:25:18.004 D/ConnectivityService( 3648): filterNetworkStateForUid() uid: 10031 networkInfo: [type: WIFI[] - WIFI, state: CONNECTED/CONNECTED, reason: (unspecified), extra: "altek", failover: false, available: true, roaming: false, metered: false]
10-31 15:25:18.005 D/ConnectivityService( 3648): filterNetworkStateForUid() uid: 10031 networkInfo: [type: WIFI[] - WIFI, state: CONNECTED/CONNECTED, reason: (unspecified), extra: "altek", failover: false, available: true, roaming: false, metered: false]
10-31 15:25:18.011 D/SamsungAlarmManager( 3648): setInexact Listener (T:2/F:0/AC:false) 20181031T153233 - CU:1000/CP:3648
10-31 15:25:18.012 D/SamsungAlarmManager( 3648): setInexact Listener (T:2/F:0/AC:false) 20181031T154202 - CU:1000/CP:3648
10-31 15:25:18.015 I/Finsky  (16620): [2] com.google.android.finsky.scheduler.bp.a(66): Jobs in database: 1-1337 26-1414141414 
10-31 15:25:18.018 I/Finsky  (16620): [2] com.google.android.finsky.scheduler.l.a(70): ConstraintMapping: 1-1337,  -> L: 15904014ms, D: 102304014ms, C: false, I: false, N: 1
10-31 15:25:18.021 I/Finsky  (16620): [2] com.google.android.finsky.scheduler.l.a(70): ConstraintMapping: 26-1414141414,  -> L: 30592034ms, D: 31492034ms, C: false, I: false, N: 0
10-31 15:25:18.023 I/Finsky  (16620): [2] com.google.android.finsky.scheduler.JobSchedulerEngine.a(108): Cancelling existing job with id: 9002
10-31 15:25:18.024 D/SamsungAlarmManager( 3648): setInexact Listener (T:2/F:0/AC:false) 20181031T153233 - CU:1000/CP:3648
10-31 15:25:18.025 I/SamsungAlarmManager( 3648): setLocked to kernel - T:2 / 20181031T152526, SetElapsed=341447161, nowELAPSED=341438546
10-31 15:25:18.025 D/SamsungAlarmManager( 3648): setInexact Listener (T:2/F:0/AC:false) 20181031T154202 - CU:1000/CP:3648
10-31 15:25:18.026 I/Finsky  (16620): [2] com.google.android.finsky.scheduler.JobSchedulerEngine.a(47): Scheduling job Id: 9000, L: 15904014, D: 102304014, C: false, I: false, N: 1
10-31 15:25:18.027 D/ConnectivityService( 3648): filterNetworkStateForUid() uid: 10031 networkInfo: [type: WIFI[] - WIFI, state: CONNECTED/CONNECTED, reason: (unspecified), extra: "altek", failover: false, available: true, roaming: false, metered: false]
10-31 15:25:18.028 I/Finsky  (16620): [2] com.google.android.finsky.scheduler.JobSchedulerEngine.a(47): Scheduling job Id: 9003, L: 30592034, D: 31492034, C: false, I: false, N: 0
10-31 15:25:18.032 D/OpenGLRenderer(16925): HWUI GL Pipeline
10-31 15:25:18.039 D/ViewRootImpl@29f5902[MainActivity](16925): setView = DecorView@483b213[MainActivity] TM=true MM=false
10-31 15:25:18.041 D/ActivityManager( 3648): post active user change for 0 fullscreen true isHomeActivity() false
10-31 15:25:18.050 V/InputMethodManager(16925): Not IME target window, ignoring
10-31 15:25:18.051 D/ViewRootImpl@29f5902[MainActivity](16925): dispatchAttachedToWindow
10-31 15:25:18.063 V/WindowManager( 3648): Relayout Window{8f5d7fd u0 com.adam.app.demoset/com.adam.app.demoset.MainActivity}: viewVisibility=0 req=1440x2464 WM.LayoutParams{(0,0)(fillxfill) sim=#110 ty=1 fl=#81810100 pfl=0x20000 wanim=0x10302fd vsysui=0x600 needsMenuKey=2 colorMode=0 naviIconColor=0}
10-31 15:25:18.076 D/SurfaceFlinger( 3191):   Display[0] configurations (* current):
10-31 15:25:18.076 D/SurfaceFlinger( 3191):     * 0: 1440x2560, xdpi=580.570984, ydpi=575.432983, refresh=16949152
10-31 15:25:18.076 D/SurfaceFlinger( 3191):   numHwLayers=4, flags=00000000
10-31 15:25:18.076 D/SurfaceFlinger( 3191):     type   |  handle  | hint | flag | tr | blnd |   format    |     source crop (l,t,r,b)      |          frame         | name 
10-31 15:25:18.076 D/SurfaceFlinger( 3191): -----------+----------+------+------+----+------+-------------+--------------------------------+------------------------+------
10-31 15:25:18.076 D/SurfaceFlinger( 3191):        HWC | 738942d6c0 | 0000 | 0020 | 00 | 0100 | RGBx_8888   |  560.0,    0.0, 2000.0, 2560.0 |    0,    0, 1440, 2560 | com.android.systemui.ImageWallpaper#0
10-31 15:25:18.076 D/SurfaceFlinger( 3191):        HWC | 73850c29c0 | 0000 | 0020 | 00 | 0100 | RGBA_8888   |    0.0,    0.0, 1440.0, 2560.0 |    0,    1, 1439, 2560 | Splash Screen com.adam.app.demoset#0
10-31 15:25:18.076 D/SurfaceFlinger( 3191):        HWC | 7380f2ab80 | 0000 | 0000 | 00 | 0105 | RGBA_8888   |    0.0,    0.0, 1440.0,   96.0 |    0,    0, 1440,   96 | StatusBar#0
10-31 15:25:18.076 D/SurfaceFlinger( 3191):  FB TARGET | 73853f5e40 | 0000 | 0000 | 00 | 0105 | RGBA_8888   |    0.0,    0.0, 1440.0, 2560.0 |    0,    0, 1440, 2560 | HWC_FRAMEBUFFER_TARGET
10-31 15:25:18.077 I/SurfaceFlinger( 3191): id=1342 createSurf (1440x2560),1 flag=404, com.adam.app.demoset/com.adam.app.demoset.MainActivity#0
10-31 15:25:18.078 V/Surface ( 3648): sf_framedrop debug : 0x4f4c, game : false, logging : 0
10-31 15:25:18.081 D/InputDispatcher( 3648): Focus entered window: 16925
10-31 15:25:18.083 I/WindowManager( 3648): Destroying surface Surface(name=com.sec.android.app.launcher/com.sec.android.app.launcher.activities.LauncherActivity) called by com.android.server.wm.WindowStateAnimator.destroySurface:2501 com.android.server.wm.WindowStateAnimator.destroySurfaceLocked:985 com.android.server.wm.WindowState.destroyOrSaveSurfaceUnchecked:3680 com.android.server.wm.WindowState.destroySurface:3628 com.android.server.wm.AppWindowToken.destroySurfaces:722 com.android.server.wm.AppWindowToken.destroySurfaces:706 com.android.server.wm.WindowState.onExitAnimationDone:5335 com.android.server.wm.AppWindowAnimator.stepAnimationLocked:508 
10-31 15:25:18.083 I/SurfaceFlinger( 3191): id=1340 Removed com.sec.android.app.launcher/com.sec.android.app.launcher.activities.LauncherActivity#0 (1/7)
10-31 15:25:18.083 V/Surface (16925): sf_framedrop debug : 0x4f4c, game : false, logging : 0
10-31 15:25:18.084 D/ViewRootImpl@29f5902[MainActivity](16925): Relayout returned: old=[0,0][0,0] new=[0,0][1440,2560] result=0x7 surface={valid=true 516275077120} changed=true
10-31 15:25:18.086 I/SurfaceFlinger( 3191): id=1340 Removed com.sec.android.app.launcher/com.sec.android.app.launcher.activities.LauncherActivity#0 (-2/7)
10-31 15:25:18.087 D/WallpaperService( 4051): dispatchAppVisibility onVisibilityChanged(): false
10-31 15:25:18.088 D/ImageWallpaper( 4051): onVisibilityChanged: mVisible, visible=true, false
10-31 15:25:18.088 D/ImageWallpaper( 4051): Visibility changed to visible=false
10-31 15:25:18.088 D/WallpaperService( 4051): reportVisibility onVisibilityChanged visible: false
10-31 15:25:18.093 D/SurfaceFlinger( 3191):   Display[0] configurations (* current):
10-31 15:25:18.093 D/SurfaceFlinger( 3191):     * 0: 1440x2560, xdpi=580.570984, ydpi=575.432983, refresh=16949152
10-31 15:25:18.093 D/SurfaceFlinger( 3191):   numHwLayers=3, flags=00000000
10-31 15:25:18.093 D/SurfaceFlinger( 3191):     type   |  handle  | hint | flag | tr | blnd |   format    |     source crop (l,t,r,b)      |          frame         | name 
10-31 15:25:18.093 D/SurfaceFlinger( 3191): -----------+----------+------+------+----+------+-------------+--------------------------------+------------------------+------
10-31 15:25:18.093 D/SurfaceFlinger( 3191):        HWC | 73850c29c0 | 0000 | 0020 | 00 | 0100 | RGBA_8888   |    0.0,    0.0, 1440.0, 2560.0 |    0,    0, 1440, 2560 | Splash Screen com.adam.app.demoset#0
10-31 15:25:18.093 D/SurfaceFlinger( 3191):        HWC | 7380f2ab80 | 0000 | 0000 | 00 | 0105 | RGBA_8888   |    0.0,    0.0, 1440.0,   96.0 |    0,    0, 1440,   96 | StatusBar#0
10-31 15:25:18.093 D/SurfaceFlinger( 3191):  FB TARGET | 73853f5e40 | 0000 | 0000 | 00 | 0105 | RGBA_8888   |    0.0,    0.0, 1440.0, 2560.0 |    0,    0, 1440, 2560 | HWC_FRAMEBUFFER_TARGET
10-31 15:25:18.096 I/Layer   ( 3191): id=1340 onRemoved com.sec.android.app.launcher/com.sec.android.app.launcher.activities.LauncherActivity#0 
10-31 15:25:18.097 I/OpenGLRenderer(16925): Initialized EGL, version 1.4
10-31 15:25:18.097 D/OpenGLRenderer(16925): Swap behavior 2
10-31 15:25:18.101 D/libGLESv1(16925): STS_GLApi : DTS, ODTC are not allowed for Package : com.adam.app.demoset
10-31 15:25:18.102 D/mali_winsys(16925): EGLint new_window_surface(egl_winsys_display *, void *, EGLSurface, EGLConfig, egl_winsys_surface **, egl_color_buffer_format *, EGLBoolean) returns 0x3000,  [1440x2560]-format:1
10-31 15:25:18.102 D/OpenGLRenderer(16925): eglCreateWindowSurface = 0x7846429860
10-31 15:25:18.172 D/AbsListView(16925):  in onLayout changed 
10-31 15:25:18.206 I/zygote64( 3648): Background concurrent copying GC freed 112871(6MB) AllocSpace objects, 13(260KB) LOS objects, 30% free, 54MB/78MB, paused 426us total 171.929ms
10-31 15:25:18.229 I/zygote64(16925): Compiler allocated 9MB to compile void android.widget.TextView.<init>(android.content.Context, android.util.AttributeSet, int, int)
10-31 15:25:18.263 V/WindowManager( 3648): finishDrawingLocked: mDrawState=COMMIT_DRAW_PENDING Window{8f5d7fd u0 com.adam.app.demoset/com.adam.app.demoset.MainActivity} in Surface(name=com.adam.app.demoset/com.adam.app.demoset.MainActivity)
10-31 15:25:18.265 D/ViewRootImpl@29f5902[MainActivity](16925): MSG_RESIZED_REPORT: frame=Rect(0, 0 - 1440, 2560) ci=Rect(0, 96 - 0, 0) vi=Rect(0, 96 - 0, 0) or=1
10-31 15:25:18.265 D/ViewRootImpl@29f5902[MainActivity](16925): MSG_WINDOW_FOCUS_CHANGED 1
10-31 15:25:18.267 D/ViewRootImpl@538718d[demoset]( 3648): dispatchDetachedFromWindow
10-31 15:25:18.267 D/InputEventReceiver( 3648): channel 'baf7f42 Splash Screen com.adam.app.demoset (client)' ~ Disposing input event receiver.
10-31 15:25:18.267 D/InputEventReceiver( 3648): channel 'baf7f42 Splash Screen com.adam.app.demoset (client)' ~NativeInputEventReceiver.
10-31 15:25:18.269 I/ActivityManager( 3648): Displayed com.adam.app.demoset/.MainActivity: +507ms (total +17s329ms)
10-31 15:25:18.270 V/InputMethodManager(16925): Starting input: tba=android.view.inputmethod.EditorInfo@8cde980 nm : com.adam.app.demoset ic=null
10-31 15:25:18.270 I/InputMethodManager(16925): startInputInner - mService.startInputOrWindowGainedFocus
10-31 15:25:18.270 D/CustomFrequencyManagerService( 3648): acquireDVFSLockLocked : type : DVFS_MIN_LIMIT  frequency : 1768000  uid : 1000  pid : 3648  pkgName : AMS_RESUME_TAIL@CPU_MIN@31
10-31 15:25:18.270 D/ActivityManagerPerformance( 3648): AMP_acquire() TAIL
10-31 15:25:18.270 D/CustomFrequencyManagerService( 3648): FrequencyrequestList.getNextSchedTunePolicyRequest, index: 2
10-31 15:25:18.270 D/CustomFrequencyManagerService( 3648): releaseDVFSLockLocked : Getting Lock type frm List : DVFS_MIN_LIMIT  frequency : 2600000  uid : 1000  pid : 3648  tag : AMS_APP_SWITCH@CPU_MIN@25
10-31 15:25:18.270 D/ActivityManagerPerformance( 3648): AMP_release() APP_SWITCH
10-31 15:25:18.271 D/InputMethodManagerService( 3648): startInputOrWindowGainedFocus : windowGainedFocus 
10-31 15:25:18.271 D/InputMethodManagerService( 3648): windowGainedFocus: destinationUserId (getCallingUid) = 0
10-31 15:25:18.271 D/InputMethodManagerService( 3648): windowGainedFocus: currentUserId=0
10-31 15:25:18.271 D/InputMethodManagerService( 3648): windowGainedFocus: mCurrentFocusedUserId=0
10-31 15:25:18.272 D/InputMethodManagerService( 3648): windowGainedFocus : lock - currentUserId = 0 destinationUserId = 0
10-31 15:25:18.272 D/InputMethodManagerService( 3648): windowGainedFocus : mCurrentFocusedUserId - 0 and mSecureKeypadEnabled - false, userSwitched - false
10-31 15:25:18.272 V/InputMethodManagerService( 3648): windowGainedFocus : reason=WINDOW_FOCUS_GAIN client=android.os.BinderProxy@5dbf0c1 inputContext=null missingMethods= attribute=android.view.inputmethod.EditorInfo@accf6f9 nm = com.adam.app.demoset controlFlags=#105 softInputMode=#110 windowFlags=#81810100
10-31 15:25:18.272 V/InputMethodManagerService( 3648): hideCurrentInputLocked : shouldHideSoftInput is false
10-31 15:25:18.273 D/InputMethodManagerService( 3648): isImeSwitcherDisabledPackage : false
10-31 15:25:18.273 V/InputMethodManagerService( 3648): Creating new session for client ClientState{a1b363e uid 10417 pid 16925}
10-31 15:25:18.276 D/InputMethodManagerService( 3648): setCurrentInputInfo - inputContext : null eidtorInfo : android.view.inputmethod.EditorInfo@accf6f9 missingMethods : 0
10-31 15:25:18.276 I/InputMethodWrapper( 4029):  call dispatchStartInputWithToken
10-31 15:25:18.277 I/InputMethodService( 4029): dispatchStartInputWithToken
10-31 15:25:18.277 I/SKBD    ( 4029): SamsungKeypad [IMI] onStartInput - caller pid : 16925, caller uid : 10417
10-31 15:25:18.289 V/InputMethodManager(16925): Starting input: tba=android.view.inputmethod.EditorInfo@5d19bb9 nm : com.adam.app.demoset ic=null
10-31 15:25:18.292 D/StageManager( 5024): saved stages : inStack [1, 2] , outStack[]
10-31 15:25:18.300 D/ForegroundUtils( 4319): could not check pending caller
10-31 15:25:18.328 D/SurfaceFlinger( 3191):   Display[0] configurations (* current):
10-31 15:25:18.328 D/SurfaceFlinger( 3191):     * 0: 1440x2560, xdpi=580.570984, ydpi=575.432983, refresh=16949152
10-31 15:25:18.328 D/SurfaceFlinger( 3191):   numHwLayers=4, flags=00000000
10-31 15:25:18.328 D/SurfaceFlinger( 3191):     type   |  handle  | hint | flag | tr | blnd |   format    |     source crop (l,t,r,b)      |          frame         | name 
10-31 15:25:18.328 D/SurfaceFlinger( 3191): -----------+----------+------+------+----+------+-------------+--------------------------------+------------------------+------
10-31 15:25:18.328 D/SurfaceFlinger( 3191):        HWC | 73850c2780 | 0000 | 0020 | 00 | 0100 | RGBA_8888   |    0.0,    0.0, 1440.0, 2560.0 |    0,    0, 1440, 2560 | com.adam.app.demoset/com.adam.app.demoset.MainActivity#0
10-31 15:25:18.328 D/SurfaceFlinger( 3191):        HWC | 73850c29c0 | 0000 | 0020 | 00 | 0105 | RGBA_8888   |    0.0,    0.0, 1440.0, 2560.0 |    0,    0, 1440, 2560 | Splash Screen com.adam.app.demoset#0
10-31 15:25:18.328 D/SurfaceFlinger( 3191):        HWC | 7380f2ab80 | 0000 | 0000 | 00 | 0105 | RGBA_8888   |    0.0,    0.0, 1440.0,   96.0 |    0,    0, 1440,   96 | StatusBar#0
10-31 15:25:18.328 D/SurfaceFlinger( 3191):  FB TARGET | 73853f5e40 | 0000 | 0000 | 00 | 0105 | RGBA_8888   |    0.0,    0.0, 1440.0, 2560.0 |    0,    0, 1440, 2560 | HWC_FRAMEBUFFER_TARGE
10-31 15:25:18.328 D/SurfaceFlinger( 3191): T
10-31 15:25:18.431 D/MdnieScenarioControlService( 3648):  packageName : com.adam.app.demoset    className : com.adam.app.demoset.MainActivity
10-31 15:25:18.431 V/MdnieScenarioControlService( 3648): setUIMode from UI function(3)
10-31 15:25:18.449 I/WindowManager( 3648): Destroying surface Surface(name=Splash Screen com.adam.app.demoset) called by com.android.server.wm.WindowStateAnimator.destroySurface:2501 com.android.server.wm.WindowStateAnimator.destroySurfaceLocked:985 com.android.server.wm.WindowState.destroyOrSaveSurfaceUnchecked:3680 com.android.server.wm.WindowState.destroySurface:3628 com.android.server.wm.AppWindowToken.destroySurfaces:722 com.android.server.wm.AppWindowToken.destroySurfaces:706 com.android.server.wm.WindowState.onExitAnimationDone:5335 com.android.server.wm.WindowStateAnimator.stepAnimationLocked:550 
10-31 15:25:18.449 I/SurfaceFlinger( 3191): id=1341 Removed Splash Screen com.adam.app.demoset#0 (3/6)
10-31 15:25:18.452 I/SurfaceFlinger( 3191): id=1341 Removed Splash Screen com.adam.app.demoset#0 (-2/6)
10-31 15:25:18.462 D/SurfaceFlinger( 3191):   Display[0] configurations (* current):
10-31 15:25:18.462 D/SurfaceFlinger( 3191):     * 0: 1440x2560, xdpi=580.570984, ydpi=575.432983, refresh=16949152
10-31 15:25:18.462 D/SurfaceFlinger( 3191):   numHwLayers=3, flags=00000000
10-31 15:25:18.462 D/SurfaceFlinger( 3191):     type   |  handle  | hint | flag | tr | blnd |   format    |     source crop (l,t,r,b)      |          frame         | name 
10-31 15:25:18.462 D/SurfaceFlinger( 3191): -----------+----------+------+------+----+------+-------------+--------------------------------+------------------------+------
10-31 15:25:18.462 D/SurfaceFlinger( 3191):        HWC | 73850c2780 | 0000 | 0020 | 00 | 0100 | RGBA_8888   |    0.0,    0.0, 1440.0, 2560.0 |    0,    0, 1440, 2560 | com.adam.app.demoset/com.adam.app.demoset.MainActivity#0
