10-31 15:25:12.890 D/StrictMode(16620): 	at android.os.StrictMode$AndroidBlockGuardPolicy.onReadFromDisk(StrictMode.java:1438)
10-31 15:25:12.890 D/StrictMode(16620): 	at android.database.sqlite.SQLiteConnection.applyBlockGuardPolicy(SQLiteConnection.java:1248)
10-31 15:25:12.890 D/StrictMode(16620): 	at android.database.sqlite.SQLiteConnection.executeForCursorWindow(SQLiteConnection.java:1015)
10-31 15:25:12.890 D/StrictMode(16620): 	at android.database.sqlite.SQLiteSession.executeForCursorWindow(SQLiteSession.java:836)
10-31 15:25:12.890 D/StrictMode(16620): 	at android.database.sqlite.SQLiteQuery.fillWindow(SQLiteQuery.java:62)
10-31 15:25:12.890 D/StrictMode(16620): 	at android.database.sqlite.SQLiteCursor.fillWindow(SQLiteCursor.java:152)
10-31 15:25:12.890 D/StrictMode(16620): 	at android.database.sqlite.SQLiteCursor.getCount(SQLiteCursor.java:141)
10-31 15:25:12.890 D/StrictMode(16620): 	at android.database.AbstractCursor.moveToPosition(AbstractCursor.java:219)
10-31 15:25:12.890 D/StrictMode(16620): 	at android.database.AbstractCursor.moveToFirst(AbstractCursor.java:258)
10-31 15:25:12.890 D/StrictMode(16620): 	at com.android.server.enterprise.storage.EdmStorageProviderBase.getValues(EdmStorageProviderBase.java:389)
10-31 15:25:12.890 D/StrictMode(16620): 	at com.android.server.enterprise.storage.EdmStorageProviderBase.getValuesList(EdmStorageProviderBase.java:1062)
10-31 15:25:12.890 D/StrictMode(16620): 	at com.android.server.enterprise.storage.EdmStorageProvider.getValuesList(EdmStorageProvider.java:300)
10-31 15:25:12.890 D/StrictMode(16620): 	at com.android.server.enterprise.application.ApplicationPolicy.getApplicationStateEnabledAsUser(ApplicationPolicy.java:3707)
10-31 15:25:12.890 D/StrictMode(16620): 	at com.android.server.enterprise.application.ApplicationPolicy.getApplicationStateEnabledAsUser(ApplicationPolicy.java:3659)
10-31 15:25:12.890 D/StrictMode(16620): 	at com.android.server.pm.PackageManagerService.setEnabledSetting(PackageManagerService.java:27506)
10-31 15:25:12.890 D/StrictMode(16620): 	at com.android.server.pm.PackageManagerService.setComponentEnabledSetting(PackageManagerService.java:27486)
10-31 15:25:12.890 D/StrictMode(16620): 	at android.content.pm.IPackageManager$Stub.onTransact(IPackageManager.java:1790)
10-31 15:25:12.890 D/StrictMode(16620): 	at com.android.server.pm.PackageManagerService.onTransact(PackageManagerService.java:5107)
10-31 15:25:12.890 D/StrictMode(16620): 	at android.os.Binder.execTransact(Binder.java:682)
10-31 15:25:12.890 D/StrictMode(16620): # via Binder call with stack:
10-31 15:25:12.890 D/StrictMode(16620): android.os.StrictMode$LogStackTrace
10-31 15:25:12.890 D/StrictMode(16620): 	at android.os.StrictMode.readAndHandleBinderCallViolations(StrictMode.java:2137)
10-31 15:25:12.890 D/StrictMode(16620): 	at android.os.Parcel.readExceptionCode(Parcel.java:1933)
10-31 15:25:12.890 D/StrictMode(16620): 	at android.os.Parcel.readException(Parcel.java:1902)
10-31 15:25:12.890 D/StrictMode(16620): 	at android.content.pm.IPackageManager$Stub$Proxy.setComponentEnabledSetting(IPackageManager.java:5705)
10-31 15:25:12.890 D/StrictMode(16620): 	at android.app.ApplicationPackageManager.setComponentEnabledSetting(ApplicationPackageManager.java:2912)
10-31 15:25:12.890 D/StrictMode(16620): 	at com.google.android.finsky.wear.br.a(SourceFile:10)
10-31 15:25:12.890 D/StrictMode(16620): 	at com.google.android.finsky.application.impl.c.cJ(SourceFile:198)
10-31 15:25:12.890 D/StrictMode(16620): 	at com.google.android.finsky.application.impl.bw.a_(SourceFile:21)
10-31 15:25:12.890 D/StrictMode(16620): 	at b.b.a.f.a(SourceFile:11)
10-31 15:25:12.890 D/StrictMode(16620): 	at com.google.common.util.concurrent.s.a(SourceFile:5)
10-31 15:25:12.890 D/StrictMode(16620): 	at com.google.common.util.concurrent.r.run(SourceFile:17)
10-31 15:25:12.890 D/StrictMode(16620): 	at com.google.common.util.concurrent.bi.run(SourceFile:3)
10-31 15:25:12.890 D/StrictMode(16620): 	at com.google.android.apps.gsa.a.f.a.i.run(SourceFile:7)
10-31 15:25:12.890 D/StrictMode(16620): 	at java.util.concurrent.ThreadPoolExecutor.runWorker(ThreadPoolExecutor.java:1162)
10-31 15:25:12.890 D/StrictMode(16620): 	at java.util.concurrent.ThreadPoolExecutor$Worker.run(ThreadPoolExecutor.java:636)
10-31 15:25:12.890 D/StrictMode(16620): 	at com.google.android.finsky.bo.q.run(Unknown Source:5)
10-31 15:25:12.890 D/StrictMode(16620): 	at java.lang.Thread.run(Thread.java:764)
10-31 15:25:12.890 D/StrictMode(16620): StrictMode policy violation: android.os.StrictMode$StrictModeDiskReadViolation: policy=4259903 violation=2
10-31 15:25:12.890 D/StrictMode(16620): 	at android.os.StrictMode$AndroidBlockGuardPolicy.onReadFromDisk(StrictMode.java:1438)
10-31 15:25:12.890 D/StrictMode(16620): 	at android.database.sqlite.SQLiteConnection.applyBlockGuardPolicy(SQLiteConnection.java:1248)
10-31 15:25:12.890 D/StrictMode(16620): 	at android.database.sqlite.SQLiteConnection.executeForCursorWindow(SQLiteConnection.java:1015)
10-31 15:25:12.890 D/StrictMode(16620): 	at android.database.sqlite.SQLiteSession.executeForCursorWindow(SQLiteSession.java:836)
10-31 15:25:12.890 D/StrictMode(16620): 	at android.database.sqlite.SQLiteQuery.fillWindow(SQLiteQuery.java:62)
10-31 15:25:12.890 D/StrictMode(16620): 	at android.database.sqlite.SQLiteCursor.fillWindow(SQLiteCursor.java:152)
10-31 15:25:12.890 D/StrictMode(16620): 	at android.database.sqlite.SQLiteCursor.getCount(SQLiteCursor.java:141)
10-31 15:25:12.890 D/StrictMode(16620): 	at android.database.AbstractCursor.moveToPosition(AbstractCursor.java:219)
10-31 15:25:12.890 D/StrictMode(16620): 	at android.database.AbstractCursor.moveToFirst(AbstractCursor.java:258)
10-31 15:25:12.890 D/StrictMode(16620): 	at com.android.server.enterprise.storage.EdmStorageProviderBase.getValues(EdmStorageProviderBase.java:389)
10-31 15:25:12.890 D/StrictMode(16620): 	at com.android.server.enterprise.storage.EdmStorageProviderBase.getValuesList(EdmStorageProviderBase.java:1062)
10-31 15:25:12.890 D/StrictMode(16620): 	at com.android.server.enterprise.storage.EdmStorageProvider.getValuesList(EdmStorageProvider.java:300)
10-31 15:25:12.890 D/StrictMode(16620): 	at com.android.server.enterprise.application.ApplicationPolicy.getApplicationComponentState(ApplicationPolicy.java:3117)
10-31 15:25:12.890 D/StrictMode(16620): 	at com.android.server.pm.PackageManagerService.setEnabledSetting(PackageManagerService.java:27514)
10-31 15:25:12.890 D/StrictMode(16620): 	at com.android.server.pm.PackageManagerService.setComponentEnabledSetting(PackageManagerService.java:27486)
10-31 15:25:12.890 D/StrictMode(16620): 	at android.content.pm.IPackageManager$Stub.onTransact(IPackageManager.java:1790)
10-31 15:25:12.890 D/StrictMode(16620): 	at com.android.server.pm.PackageManagerService.onTransact(PackageManagerService.java:5107)
10-31 15:25:12.890 D/StrictMode(16620): 	at android.os.Binder.execTransact(Binder.java:682)
10-31 15:25:12.890 D/StrictMode(16620): # via Binder call with stack:
10-31 15:25:12.890 D/StrictMode(16620): android.os.StrictMode$LogStackTrace
10-31 15:25:12.890 D/StrictMode(16620): 	at android.os.StrictMode.readAndHandleBinderCallViolations(StrictMode.java:2137)
10-31 15:25:12.890 D/StrictMode(16620): 	at android.os.Parcel.readExceptionCode(Parcel.java:1933)
10-31 15:25:12.890 D/StrictMode(16620): 	at android.os.Parcel.readException(Parcel.java:1902)
10-31 15:25:12.890 D/StrictMode(16620): 	at android.content.pm.IPackageManager$Stub$Proxy.setComponentEnabledSetting(IPackageManager.java:5705)
10-31 15:25:12.890 D/StrictMode(16620): 	at android.app.ApplicationPackageManager.setComponentEnabledSetting(ApplicationPackageManager.java:2912)
10-31 15:25:12.890 D/StrictMode(16620): 	at com.google.android.finsky.wear.br.a(SourceFile:10)
10-31 15:25:12.890 D/StrictMode(16620): 	at com.google.android.finsky.application.impl.c.cJ(SourceFile:198)
10-31 15:25:12.890 D/StrictMode(16620): 	at com.google.android.finsky.application.impl.bw.a_(SourceFile:21)
10-31 15:25:12.890 D/StrictMode(16620): 	at b.b.a.f.a(SourceFile:11)
10-31 15:25:12.890 D/StrictMode(16620): 	at com.google.common.util.concurrent.s.a(SourceFile:5)
10-31 15:25:12.890 D/StrictMode(16620): 	at com.google.common.util.concurrent.r.run(SourceFile:17)
10-31 15:25:12.890 D/StrictMode(16620): 	at com.google.common.util.concurrent.bi.run(SourceFile:3)
10-31 15:25:12.890 D/StrictMode(16620): 	at com.google.android.apps.gsa.a.f.a.i.run(SourceFile:7)
10-31 15:25:12.890 D/StrictMode(16620): 	at java.util.concurrent.ThreadPoolExecutor.runWorker(ThreadPoolExecutor.java:1162)
10-31 15:25:12.890 D/StrictMode(16620): 	at java.util.concurrent.ThreadPoolExecutor$Worker.run(ThreadPoolExecutor.java:636)
10-31 15:25:12.890 D/StrictMode(16620): 	at com.google.android.finsky.bo.q.run(Unknown Source:5)
10-31 15:25:12.890 D/StrictMode(16620): 	at java.lang.Thread.run(Thread.java:764)
10-31 15:25:12.891 I/Finsky  (16620): [5033] com.google.android.finsky.wear.br.a(11): Component class com.google.android.finsky.wear.WearSupportService enabled via PackageManager.
10-31 15:25:12.891 I/zygote64(16728): find the special shared library, skip check
10-31 15:25:12.892 D/PackageManager( 3648): setEnabledSetting : userId = 0 packageName = com.android.vending cmp = com.google.android.finsky.wear.WearChangeListenerService newState = 0 callingPackage = 10031/com.android.vending
10-31 15:25:12.892 I/zygote64( 3648): Background concurrent copying GC freed 69587(4MB) AllocSpace objects, 12(304KB) LOS objects, 30% free, 54MB/78MB, paused 1.027ms total 270.829ms
10-31 15:25:12.901 I/Finsky  (16620): [5033] com.google.android.finsky.wear.br.a(11): Component class com.google.android.finsky.wear.WearChangeListenerService enabled via PackageManager.
10-31 15:25:12.943 I/DCMService(16749): [#CMH#] onBind() called 
10-31 15:25:12.951 W/StorageManager( 3648): getStorageLowBytes lowPercent : 5, lowBytes : 1334851584, maxLowBytes : 524288000
10-31 15:25:12.953 W/StorageManager( 3648): getStorageLowBytes lowPercent : 5, lowBytes : 1334851584, maxLowBytes : 524288000
10-31 15:25:12.958 I/Utilities(16749): [#CMH#] Location feature: true
10-31 15:25:12.964 W/DCMTask (16749): [#CMH#] No calendar permission  calendar events not supported
10-31 15:25:12.964 I/EnhanceService(16728): [EnhanceService] onbind () called 
10-31 15:25:12.972 I/NamedPlaceExtractor(16749): [#CMH#] Locale  zh_TW
10-31 15:25:12.976 I/Finsky  (16620): [5068] com.google.android.finsky.library.a.f.j(57): Loaded library for account: [Miq9sMLK_kW8AjEyJCUa6BTYIlM]
10-31 15:25:12.982 W/StorageManager( 3648): getStorageLowBytes lowPercent : 5, lowBytes : 1334851584, maxLowBytes : 524288000
10-31 15:25:12.986 W/StorageManager( 3648): getStorageLowBytes lowPercent : 5, lowBytes : 1334851584, maxLowBytes : 524288000
10-31 15:25:13.009 D/ConnectivityService( 3648): filterNetworkStateForUid() uid: 5004 networkInfo: [type: MOBILE[] - MOBILE, state: DISCONNECTED/DISCONNECTED, reason: (unspecified), extra: (none), failover: false, available: true, roaming: false, metered: false]
10-31 15:25:13.009 D/ConnectivityService( 3648): filterNetworkStateForUid() uid: 5004 networkInfo: [type: WIFI[] - WIFI, state: CONNECTED/CONNECTED, reason: (unspecified), extra: "altek", failover: false, available: true, roaming: false, metered: false]
10-31 15:25:13.010 D/ConnectivityService( 3648): filterNetworkStateForUid() uid: 5004 networkInfo: [type: MOBILE_MMS[] - MOBILE_MMS, state: DISCONNECTED/DISCONNECTED, reason: (unspecified), extra: (none), failover: false, available: true, roaming: false, metered: false]
10-31 15:25:13.010 D/ConnectivityService( 3648): filterNetworkStateForUid() uid: 5004 networkInfo: [type: MOBILE_SUPL[] - MOBILE_SUPL, state: DISCONNECTED/DISCONNECTED, reason: (unspecified), extra: (none), failover: false, available: true, roaming: false, metered: false]
10-31 15:25:13.010 D/ConnectivityService( 3648): filterNetworkStateForUid() uid: 5004 networkInfo: [type: MOBILE_DUN[] - MOBILE_DUN, state: DISCONNECTED/DISCONNECTED, reason: (unspecified), extra: (none), failover: false, available: true, roaming: false, metered: false]
10-31 15:25:13.011 D/ConnectivityService( 3648): filterNetworkStateForUid() uid: 5004 networkInfo: [type: MOBILE_HIPRI[] - MOBILE_HIPRI, state: DISCONNECTED/DISCONNECTED, reason: (unspecified), extra: (none), failover: false, available: true, roaming: false, metered: false]
10-31 15:25:13.011 D/ConnectivityService( 3648): filterNetworkStateForUid() uid: 5004 networkInfo: [type: BLUETOOTH[] - BLUETOOTH, state: DISCONNECTED/DISCONNECTED, reason: (unspecified), extra: (none), failover: false, available: true, roaming: false, metered: false]
10-31 15:25:13.011 D/ConnectivityService( 3648): filterNetworkStateForUid() uid: 5004 networkInfo: [type: ETHERNET[] - ETHERNET, state: DISCONNECTED/DISCONNECTED, reason: (unspecified), extra: (none), failover: false, available: true, roaming: false, metered: false]
10-31 15:25:13.011 D/ConnectivityService( 3648): filterNetworkStateForUid() uid: 5004 networkInfo: [type: MOBILE_FOTA[] - MOBILE_FOTA, state: DISCONNECTED/DISCONNECTED, reason: (unspecified), extra: (none), failover: false, available: true, roaming: false, metered: false]
10-31 15:25:13.011 D/ConnectivityService( 3648): filterNetworkStateForUid() uid: 5004 networkInfo: [type: MOBILE_IMS[] - MOBILE_IMS, state: DISCONNECTED/DISCONNECTED, reason: (unspecified), extra: (none), failover: false, available: true, roaming: false, metered: false]
10-31 15:25:13.011 D/ConnectivityService( 3648): filterNetworkStateForUid() uid: 5004 networkInfo: [type: MOBILE_CBS[] - MOBILE_CBS, state: DISCONNECTED/DISCONNECTED, reason: (unspecified), extra: (none), failover: false, available: true, roaming: false, metered: false]
10-31 15:25:13.012 D/ConnectivityService( 3648): filterNetworkStateForUid() uid: 5004 networkInfo: [type: WIFI_P2P[] - WIFI_P2P, state: UNKNOWN/IDLE, reason: (unspecified), extra: (none), failover: false, available: true, roaming: false, metered: false]
10-31 15:25:13.012 D/ConnectivityService( 3648): filterNetworkStateForUid() uid: 5004 networkInfo: [type: MOBILE_IA[] - MOBILE_IA, state: DISCONNECTED/DISCONNECTED, reason: (unspecified), extra: (none), failover: false, available: true, roaming: false, metered: false]
10-31 15:25:13.012 D/ConnectivityService( 3648): filterNetworkStateForUid() uid: 5004 networkInfo: [type: MOBILE_EMERGENCY[] - MOBILE_EMERGENCY, state: DISCONNECTED/DISCONNECTED, reason: (unspecified), extra: (none), failover: false, available: true, roaming: false, metered: false]
10-31 15:25:13.012 D/ConnectivityService( 3648): filterNetworkStateForUid() uid: 5004 networkInfo: [type: VPN[] - VPN, state: DISCONNECTED/DISCONNECTED, reason: (unspecified), extra: (none), failover: false, available: true, roaming: false, metered: false]
10-31 15:25:13.032 I/Finsky  (16620): [5068] com.google.android.finsky.library.a.f.j(57): Loaded library for account: [9Ah7vrL_MKIC4A48Jce4IwkegKc]
10-31 15:25:13.058 I/Controller(16659): [#CMH#] takeBackupIfNeeded done 
10-31 15:25:13.058 I/Controller(16659): [#CMH#] initializeValidator  
10-31 15:25:13.062 I/Finsky  (16620): [2] com.google.android.finsky.verifier.impl.dq.b(115): Setup app restrictions monitor
10-31 15:25:13.063 I/Finsky  (16620): [5068] com.google.android.finsky.library.a.f.j(81): Finished loading 2 libraries.
10-31 15:25:13.066 D/NetworkSecurityConfig(16637): No Network Security Config specified, using platform default
10-31 15:25:13.067 I/Finsky  (16620): [2] com.google.android.finsky.verifier.impl.ey.a(16): Device wide unknown source restriction is changed.
10-31 15:25:13.077 I/Utilities(16659): [#CMH#] Cursor null 
10-31 15:25:13.077 I/MomentClusteringAlgo(16659): [#CMH#] performClustering In 0 
10-31 15:25:13.077 I/ClusteringTask(16659): [#CMH#] Cluster size: 0
10-31 15:25:13.077 I/ClusteringDBUtils(16659): [#CMH#] updateClusterTable In nothing to update 
10-31 15:25:13.077 I/Controller(16659): [#CMH#] setSuccessState =  true
10-31 15:25:13.077 I/Controller(16659): [#CMH#] setSuccessState latch is down 
10-31 15:25:13.078 I/ClusteringTask(16659): [#CMH#] after mutex release 
10-31 15:25:13.078 I/Controller(16659): [#CMH#] Received EVENT_CLOUDSYNC_FINISH eventBundle[{path=null}] 
10-31 15:25:13.079 I/Initializer(16659): [#CMH#] CMH initialization ends 
10-31 15:25:13.080 I/ServiceManager(16659): [#CMH#] Bound to Package  com.samsung.dcmservice
10-31 15:25:13.082 I/ServiceManager(16659): [#CMH#] Bound to Package  com.samsung.enhanceservice
10-31 15:25:13.083 I/EnhanceService(16728): [EnhanceService] onSetResponseHandler () called 
10-31 15:25:13.087 W/PrimesInit(16620): Primes instant initialization
10-31 15:25:13.087 I/Utilities(16659): [#CMH#] Cursor null 
10-31 15:25:13.093 I/Utilities(16659): [#CMH#] Cursor null 
10-31 15:25:13.094 W/Primes  (16620): background initialization
10-31 15:25:13.095 I/Controller(16659): [#CMH#] Received EVENT_CLOUDSYNC_FINISH eventBundle[{path=null}] 
10-31 15:25:13.105 I/ActivityManager( 3648): KPU : put [com.samsung.android.app.vrsetupwizard] : 0 K
10-31 15:25:13.106 I/ActivityManager( 3648): Killing 16261:com.samsung.android.app.vrsetupwizard/u0a200 (adj 906): DHA:empty #25
10-31 15:25:13.109 I/System.out(16637): (HTTPLog)-Static: isSBSettingEnabled false
10-31 15:25:13.109 I/System.out(16637): (HTTPLog)-Static: isSBSettingEnabled false
10-31 15:25:13.112 D/DnsProxyListener( 3309): DNSDBG::dns addrinfo af 2
10-31 15:25:13.119 W/StorageManager( 3648): getStorageLowBytes lowPercent : 5, lowBytes : 1334851584, maxLowBytes : 524288000
10-31 15:25:13.122 I/ActivityManager( 3648): KPU : put [com.samsung.android.da.daagent] : 0 K
10-31 15:25:13.123 I/ActivityManager( 3648): Killing 16346:com.samsung.android.da.daagent/1000 (adj 906): DHA:empty #25
10-31 15:25:13.123 I/ActivityManager( 3648): KPU : put [com.samsung.android.bbc.bbcagent] : 0 K
10-31 15:25:13.123 I/ActivityManager( 3648): Killing 16320:com.samsung.android.bbc.bbcagent/1000 (adj 906): DHA:empty #25
10-31 15:25:13.123 I/ActivityManager( 3648): KPU : put [com.samsung.aasaservice] : 0 K
10-31 15:25:13.123 I/ActivityManager( 3648): Killing 16279:com.samsung.aasaservice/1000 (adj 906): DHA:empty #25
10-31 15:25:13.141 W/BroadcastQueue( 3648): Background execution not allowed: receiving Intent { act=com.samsung.shealth.REQUEST_CAPABILITY flg=0x10 (has extras) } to com.sec.android.app.shealth/com.samsung.android.app.shealth.wearable.sync.WearableSyncReceiver
10-31 15:25:13.143 W/BroadcastQueue( 3648): Background execution not allowed: receiving Intent { act=com.samsung.shealth.REQUEST_CAPABILITY flg=0x10 (has extras) } to com.sec.android.app.shealth/com.samsung.android.app.shealth.wearable.sync.WearableSyncReceiver
10-31 15:25:13.149 I/Finsky  (16620): [2] com.google.android.finsky.installer.a.t.<init>(15): Not checking if recovering from paused session because experiment is off
10-31 15:25:13.155 I/Utilities(16659): [#CMH#] Cursor null 
10-31 15:25:13.179 I/Controller(16659): [#CMH#] [SCS] After syncing stories on sync now request 
10-31 15:25:13.196 D/ForegroundUtils( 4319): could not check pending caller
10-31 15:25:13.204 I/Controller(16659): [#CMH#] [SCS] After syncing stories on sync now request 
10-31 15:25:13.207 I/DayAndMonthTask(16659): [#CMH#] after mutex release 
10-31 15:25:13.210 I/PrimesTesting(16620): GserviceFlagsSupplier.get()
10-31 15:25:13.215 I/CloudAgentService(16659): [#CMH#] onCreate() 
10-31 15:25:13.218 I/CloudAgentService(16659): [#CMH#] Intent action: com.samsung.cmh.action.CMH_EXECUTE
10-31 15:25:13.218 I/CloudAgentService(16659): [#CMH#] getOperation Type op : 500 
10-31 15:25:13.218 I/EventCloudSyncController(16659): [#CMH#] In exceute() function com.samsung.cmh.push Operation :StoryDownSync 
10-31 15:25:13.227 D/RCPManagerService( 3648): exchangeData() failure , invalid userId
10-31 15:25:13.250 D/ForegroundUtils( 4319): could not check pending caller
10-31 15:25:13.260 I/chatty  ( 4319): uid=1027(nfc) Binder:4319_8 identical 1 line
10-31 15:25:13.268 D/ForegroundUtils( 4319): could not check pending caller
10-31 15:25:13.306 D/ConnectivityService( 3648): filterNetworkStateForUid() uid: 10031 networkInfo: [type: WIFI[] - WIFI, state: CONNECTED/CONNECTED, reason: (unspecified), extra: "altek", failover: false, available: true, roaming: false, metered: false]
10-31 15:25:13.307 D/ConnectivityService( 3648): filterNetworkStateForUid() uid: 10031 networkInfo: [type: WIFI[] - WIFI, state: CONNECTED/CONNECTED, reason: (unspecified), extra: "altek", failover: false, available: true, roaming: false, metered: false]
10-31 15:25:13.325 D/ConnectivityService( 3648): filterNetworkStateForUid() uid: 10169 networkInfo: [type: WIFI[] - WIFI, state: DISCONNECTED/BLOCKED, reason: (unspecified), extra: (none), failover: false, available: true, roaming: false, metered: false]
10-31 15:25:13.332 I/Finsky  (16620): [2] com.google.android.finsky.installer.a.ak.a(530): Installer kick - no action, not running yet
10-31 15:25:13.333 I/Finsky  (16620): [2] com.google.android.finsky.installer.a.ak.a(530): Installer kick - no action, not running yet
10-31 15:25:13.350 I/Finsky  (16620): [5065] com.google.android.finsky.billing.iab.al.b(45): jp.naver.line.android: Account from first account - [Miq9sMLK_kW8AjEyJCUa6BTYIlM]
10-31 15:25:13.351 D/StorageManagerService( 3648): getExternalStorageMountMode : 1
10-31 15:25:13.351 D/StorageManagerService( 3648): getExternalStorageMountMode : 3
10-31 15:25:13.351 D/StorageManagerService( 3648): getExternalStorageMountMode : final mountMode=1, uid : 10047, packageName : com.android.providers.downloads
10-31 15:25:13.351 I/ApplicationPolicy( 3648): isApplicationExternalStorageWhitelisted:com.android.providers.downloads user:0
10-31 15:25:13.351 D/ApplicationPolicy( 3648): isApplicationExternalStorageWhitelisted: DO is not enabled on user 0. Allowed.
10-31 15:25:13.351 D/ActivityManager( 3648): package  com.android.providers.downloads, user - 0 is SDcard whitelisted
10-31 15:25:13.351 I/ApplicationPolicy( 3648): isApplicationExternalStorageBlacklisted:com.android.providers.downloads user:0
10-31 15:25:13.352 D/ApplicationPolicy( 3648): isApplicationExternalStorageBlacklisted: DO is not enabled on user 0. Allowed.
10-31 15:25:13.374 I/ActivityManager( 3648): Start proc 16827:android.process.media/u0a47 for content provider com.android.providers.downloads/.DownloadProvider
10-31 15:25:13.379 E/Zygote  (16827): isWhitelistProcess - Process is Whitelisted
10-31 15:25:13.382 E/libpersona(16827): scanKnoxPersonas
10-31 15:25:13.382 E/libpersona(16827): Couldn't open the File - /data/system/users/0/personalist.xml - No such file or directory
10-31 15:25:13.386 W/SELinux (16827): SELinux selinux_android_compute_policy_index : Policy Index[2],  Con:u:r:zygote:s0 RAM:SEPF_SM-G930F_8.0.0_0011, [-1 -1 -1 -1 0 1]
10-31 15:25:13.388 I/SELinux (16827): SELinux: seapp_context_lookup: seinfo=media, level=s0:c512,c768, pkgname=android.process.media 
10-31 15:25:13.414 D/TimaKeyStoreProvider(16827): TimaKeyStore is not enabled: cannot add TimaSignature Service and generateKeyPair Service
10-31 15:25:13.414 D/ActivityThread(16827): Added TimaKeyStore provider
10-31 15:25:13.419 I/ActivityManager( 3648): DSS on for com.android.providers.downloads and scale is 1.0
10-31 15:25:13.429 I/Finsky  (16620): [5065] com.google.android.finsky.billing.iab.al.b(45): jp.naver.line.android: Account from first account - [Miq9sMLK_kW8AjEyJCUa6BTYIlM]
10-31 15:25:13.436 I/NetworkUtils(16659): [#CMH#] Is SCloud Package installed status : true 
10-31 15:25:13.443 I/[SC]CloudProvider(15208): Call: cloud_available
10-31 15:25:13.447 I/[SC]CloudProvider(15208): isValidPackage: com.samsung.cmh, cloud_available
10-31 15:25:13.451 D/StorageManagerService( 3648): getExternalStorageMountMode : 1
10-31 15:25:13.451 D/StorageManagerService( 3648): getExternalStorageMountMode : 3
10-31 15:25:13.451 D/StorageManagerService( 3648): getExternalStorageMountMode : final mountMode=1, uid : 10296, packageName : com.samsung.android.mobileservice
10-31 15:25:13.451 I/ApplicationPolicy( 3648): isApplicationExternalStorageWhitelisted:com.samsung.android.mobileservice user:0
10-31 15:25:13.451 D/ApplicationPolicy( 3648): isApplicationExternalStorageWhitelisted: DO is not enabled on user 0. Allowed.
10-31 15:25:13.451 D/ActivityManager( 3648): package  com.samsung.android.mobileservice, user - 0 is SDcard whitelisted
10-31 15:25:13.451 I/ApplicationPolicy( 3648): isApplicationExternalStorageBlacklisted:com.samsung.android.mobileservice user:0
10-31 15:25:13.451 D/ApplicationPolicy( 3648): isApplicationExternalStorageBlacklisted: DO is not enabled on user 0. Allowed.
10-31 15:25:13.456 I/Finsky  (16620): [5027] com.google.android.finsky.billing.iab.al.b(45): jp.naver.line.android: Account from first account - [Miq9sMLK_kW8AjEyJCUa6BTYIlM]
10-31 15:25:13.468 I/ActivityManager( 3648): Start proc 16842:com.samsung.android.mobileservice/u0a296 for content provider com.samsung.android.mobileservice/com.samsung.android.samsungaccount.authentication.data.OpenContentProvider
10-31 15:25:13.470 I/zygote64(16827): find the special shared library, skip check
10-31 15:25:13.473 E/Zygote  (16842): isWhitelistProcess - Process is Whitelisted
10-31 15:25:13.475 E/libpersona(16842): scanKnoxPersonas
10-31 15:25:13.476 E/libpersona(16842): Couldn't open the File - /data/system/users/0/personalist.xml - No such file or directory
10-31 15:25:13.481 W/SELinux (16842): SELinux selinux_android_compute_policy_index : Policy Index[2],  Con:u:r:zygote:s0 RAM:SEPF_SM-G930F_8.0.0_0011, [-1 -1 -1 -1 0 1]
10-31 15:25:13.482 I/SELinux (16842): SELinux: seapp_context_lookup: seinfo=platform, level=s0:c512,c768, pkgname=com.samsung.android.mobileservice 
10-31 15:25:13.506 I/zygote64(16827): no shared libraies, dex_files: 1
10-31 15:25:13.515 D/TimaKeyStoreProvider(16842): TimaKeyStore is not enabled: cannot add TimaSignature Service and generateKeyPair Service
10-31 15:25:13.515 D/ActivityThread(16842): Added TimaKeyStore provider
10-31 15:25:13.517 I/ActivityManager( 3648): DSS on for com.samsung.android.mobileservice and scale is 1.0
10-31 15:25:13.564 I/zygote  (16842): find the special shared library, skip check
10-31 15:25:13.649 W/StorageManager( 3648): getStorageLowBytes lowPercent : 5, lowBytes : 1334851584, maxLowBytes : 524288000
10-31 15:25:13.668 D/SEMS:DiagMonProvider(16842): File path: /data/user/0/com.samsung.android.mobileservice/diagmon/diagmon.log
10-31 15:25:13.696 W/StorageManager( 3648): getStorageLowBytes lowPercent : 5, lowBytes : 1334851584, maxLowBytes : 524288000
10-31 15:25:13.697 I/SEMS:SamsungAccount(16842): [SSP] onCreated
10-31 15:25:13.705 D/SEMS:MobileService_4.3.0.035(16842): [ALog][2][ActivityDBHelper] context : null
10-31 15:25:13.705 I/SEMS:EasySignUp(16842): [EasySignUpProviderPublic] onCreate
10-31 15:25:13.707 D/SEMS:MSFramework_4.3.0.000(16842): [2][FloatingFeatureRef] getEnableStatus : SEC_FLOATING_FEATURE_SETTINGS_SUPPORT_SHOW_BUTTON_BG : false
10-31 15:25:13.707 D/SamsungAlarmManager( 3648): Expired : 8
10-31 15:25:13.707 V/SamsungAlarmManager( 3648): Sending to uid : 10018 action=null alarm=Alarm{163c5ef type 3 when 341434228 com.google.android.gms}
10-31 15:25:13.708 I/SEMS:MSFramework_4.3.0.000(16842): [2][SEM_INT : 2601] DeviceUtils
10-31 15:25:13.709 D/SEMS:MSFramework_4.3.0.000(16842): [2][CommonPref] no encryption : S1D4S1D , type : contains
10-31 15:25:13.711 I/SEMS:MSFramework_4.3.0.000(16842): [2][CommonPref] getBoolean - key : crypto_secured , value : true
10-31 15:25:13.711 I/SEMS:MSFramework_4.3.0.000(16842): [2][CommonPref] getBoolean - key : is_enable_profile_sharing , value : false
10-31 15:25:13.711 I/SEMS:MSFramework_4.3.0.000(16842): [2][CommonPref] getBoolean - key : is_enable_profile_sharing_fake , value : false
10-31 15:25:13.711 I/SEMS:MSFramework_4.3.0.000(16842): [2][CommonPref] getBoolean - key : before_is_enable_profile_sharing , value : false
10-31 15:25:13.712 I/SEMS:EasySignUp(16842): [EasySignUpDBHelper] getInstance start null
10-31 15:25:13.712 I/SEMS:EasySignUp(16842): [EasySignUpDBHelper] getInstance end
10-31 15:25:13.714 I/SEMS:MobileService_4.3.0.035(16842): [BLog][2][BuddyProvider] onCreate()
10-31 15:25:13.732 I/MobileServiceApplication(16842): onCreate
10-31 15:25:13.736 I/SEMS:SamsungAccount(16842): [[OCP] ]  URI : content://com.msc.openprovider.openContentProvider/tncRequest
10-31 15:25:13.736 D/SEMS:PreferenceUtils(16842): getMigrationStatus() : 2
10-31 15:25:13.736 D/MobileServiceApplication(16842):  startMigrationService : Migration was completed in the past! status - 2
10-31 15:25:13.743 I/SEMS:SamsungAccount(16842): [AccountManagerUtil] isHaveSA() - true
10-31 15:25:13.749 I/SEMS:SamsungAccount(16842): [[OCP] ]  Cursor is not null
10-31 15:25:13.754 D/SEMS:PreferenceUtils(16842): setVersionToAnalytics() key: sems_version_name value: 4.3.01.11
10-31 15:25:13.754 I/SEMS:MSFramework_4.3.0.000(16842): [2][MobileServiceCommon] init
10-31 15:25:13.758 I/SEMS:MSFramework_4.3.0.000(16842): [2][ConnectivityUtils] init
10-31 15:25:13.760 I/SEMS:MSFramework_4.3.0.000(16842): [2][SEM_INT : 2601] DeviceUtils
10-31 15:25:13.760 D/SEMS:MSFramework_4.3.0.000(16842): [2][CommonPref] no encryption : S1D4S1D , type : contains
10-31 15:25:13.760 I/SEMS:MSFramework_4.3.0.000(16842): [2][CommonPref] getBoolean - key : crypto_secured , value : true
10-31 15:25:13.760 I/SEMS:MSFramework_4.3.0.000(16842): [2][CommonPref] getBoolean - key : is_enable_profile_sharing , value : false
10-31 15:25:13.760 I/SEMS:MSFramework_4.3.0.000(16842): [2][CommonPref] getBoolean - key : is_enable_profile_sharing_fake , value : false
10-31 15:25:13.760 I/SEMS:MSFramework_4.3.0.000(16842): [2][CommonPref] getBoolean - key : before_is_enable_profile_sharing , value : false
10-31 15:25:13.764 I/[SC]CloudProvider(15208): KEY_CLOUD_AVAILABLE: true
10-31 15:25:13.770 I/SEMS:MSFramework_4.3.0.000(16842): [2][SEM_INT : 2601] DeviceUtils
10-31 15:25:13.773 I/SEMS:MSFramework_4.3.0.000(16842): [NetworkCommon][SEMS][ActivateLog][2][MobileServiceActivate] init
10-31 15:25:13.775 I/[SC]CloudProvider(15208): Call: get_cloud_settings_value
10-31 15:25:13.779 I/[SC]CloudProvider(15208): isValidPackage: com.samsung.cmh, get_cloud_settings_value
10-31 15:25:13.789 I/SEMS:SamsungAccount(16842): [[OCP] ]  URI : content://com.msc.openprovider.openContentProvider/tncRequest
10-31 15:25:13.791 I/SEMS:SamsungAccount(16842): [AccountManagerUtil] isHaveSA() - true
10-31 15:25:13.793 I/SEMS:SamsungAccount(16842): [[OCP] ]  Cursor is not null
10-31 15:25:13.803 I/SEMS:MSFramework_4.3.0.000(16842): [NetworkCommon][SEMS][PolicyLog][2][GetPolicyJobService] polling job service was already scheduled (from:86400000 to:86400000)
10-31 15:25:13.804 I/SEMS:MSFramework_4.3.0.000(16842): [2][MobileServiceCommon] registerServiceState done
10-31 15:25:13.805 I/SEMS:SamsungAccount(16842): [BuildInfo] current binary is false
10-31 15:25:13.806 D/SamsungAccount$(16842): init Log Path : /data/user/0/com.samsung.android.mobileservice/Log/
10-31 15:25:13.810 I/[SC]CloudProvider(15208): KEY_GET_CLOUD_SETTINGS_VALUE: settings_wifi_only, 1, true
10-31 15:25:13.820 D/ConnectivityService( 3648): filterNetworkStateForUid() uid: 5004 networkInfo: [type: WIFI[] - WIFI, state: CONNECTED/CONNECTED, reason: (unspecified), extra: "altek", failover: false, available: true, roaming: false, metered: false]
10-31 15:25:13.820 I/CloudUtils(16659): [#CMH#] getUserPreference : 1 currentNetworkInfo : 1 
10-31 15:25:13.821 I/CloudUtils(16659): [#CMH#] User preference : WIFI   :Connected to Wifi,return true 
10-31 15:25:13.838 I/[SCSDK] (16659): [SamsungCloudStory]version : 1.2.14
10-31 15:25:13.840 D/SamsungAlarmManager( 3648): setInexact Intent (T:3/F:0/AC:false) 20181031T152613 - CU:10018/CP:4531
10-31 15:25:13.841 I/[SCSDK] (16659): [SamsungCloudQuota]version : 1.2.14
10-31 15:25:13.842 I/EventCloudSyncController(16659): [#CMH#] The lastDownSyncTimestamp value from shared pref = 1540969855032 
10-31 15:25:13.842 I/[SCSDK] (16659): [Stories]listChangedStories(1540969855032)
10-31 15:25:13.843 I/[SCSDK] (16659): [NetworkImpl]get
10-31 15:25:13.843 I/[SCSDK] (16659): [NetworkImpl][CHANGED_STORIES][214527190][https://api.samsungcloud.com/media/v1/photos/collections/changes?modifiedAfter=1540969855032&count=500&]
10-31 15:25:13.845 D/NetworkSecurityConfig(16659): No Network Security Config specified, using platform default
10-31 15:25:13.852 I/[SCSDK] (16659): [NetworkImpl]protected network
10-31 15:25:13.852 D/ConnectivityService( 3648): filterNetworkStateForUid() uid: 10018 networkInfo: [type: WIFI[] - WIFI, state: CONNECTED/CONNECTED, reason: (unspecified), extra: "altek", failover: false, available: true, roaming: false, metered: false]
10-31 15:25:13.867 D/SamsungAccount$(16842): init success
10-31 15:25:13.872 I/SEMS:SamsungAccount(16842): [DM] init START
10-31 15:25:13.885 I/SEMS:SamsungAccount(16842): [DM] This device is not a Vodafone device
10-31 15:25:13.895 I/SEMS:SamsungAccount(16842): [DM] Supports Ref Jpn : true
10-31 15:25:13.896 I/SEMS:SamsungAccount(16842): [DM] init END
10-31 15:25:13.898 I/SEMS:SamsungAccount(16842): [ODM] saveOpenData( Support_SamsungPass_Integration, true )
10-31 15:25:13.898 I/SEMS:SamsungAccount(16842): [[OCP] ]  URI : content://com.msc.openprovider.openContentProvider/openData
10-31 15:25:13.900 I/SEMS:SamsungAccount(16842): [[OCP] ]  Cursor is not null
10-31 15:25:13.904 I/SEMS:SamsungAccount(16842): [[OCP] ] update openData : true
10-31 15:25:13.906 I/SEMS:SamsungAccount(16842): [AESCryptoBase] AESCrypto creator !!
10-31 15:25:13.910 I/SEMS:SamsungAccount(16842): [AccountManagerUtil] isHaveSA() - true
10-31 15:25:13.917 I/SEMS:SamsungAccount(16842): phone number id is : supported
10-31 15:25:13.918 I/SEMS:SamsungAccount(16842): [AccountManagerUtil] enable all visibility
10-31 15:25:13.920 D/ConnectivityService( 3648): filterNetworkStateForUid() uid: 10296 networkInfo: [type: WIFI[] - WIFI, state: CONNECTED/CONNECTED, reason: (unspecified), extra: "altek", failover: false, available: true, roaming: false, metered: false]
10-31 15:25:13.922 I/SEMS:SamsungAccount(16842): [StateCheckUtil] == networkStateCheck == true
10-31 15:25:13.923 I/SEMS:SamsungAccount(16842): [DirServerUtil] Need to retry to update marketing receive value = true
10-31 15:25:13.923 I/SEMS:SamsungAccount(16842): [DirServerUtil] no success marketing info data
10-31 15:25:13.930 D/PackageManager( 3648): setEnabledSetting : userId = 0 packageName = com.samsung.android.mobileservice cmp = com.samsung.android.samsungaccount.authentication.runestone.SplashActivity newState = 1 callingPackage = 10296/com.samsung.android.mobileservice
10-31 15:25:13.935 D/SensorHubManager( 3648): onGetSensorHubDataLocked: library(22) = 1, 1, 44, 1, 1, 1, 1, -120, -123, -126, 2, 0, 0, 0, 0, 0, 0, 0, 0, 0, 39, 48
10-31 15:25:13.936 D/CAE     ( 3648): onGetSensorHubData(SensorHubParserProvider.java:91) - onGetSensorHubData Event [event buffer len :22], AP_WAKEUP
10-31 15:25:13.936 I/CAE     ( 3648): parse(SensorHubParserProvider.java:192) - buffer size = 22
10-31 15:25:13.937 I/CAE     ( 3648): parse(SensorHubParserProvider.java:203) - 1, 1, 44, 1, 1, 1, 1, -120, -123, -126, 2, 0, 0, 0, 0, 0, 0, 0, 0, 0, 39, 48,
10-31 15:25:13.937 I/CAE     ( 3648): parse(SLMonitorRunner.java:301) - parse:4
10-31 15:25:13.938 D/CAE     ( 3648): parse(SLMonitorRunner.java:323) - dataSize:1
10-31 15:25:13.938 D/CAE     ( 3648): display(SLMonitorRunner.java:604) - ================= STEP_LEVEL_MONITOR =================
10-31 15:25:13.939 I/CAE     ( 3648): display(SLMonitorRunner.java:721) - DT=[1], DC=[1], TS=[1540969724290], ST=[SE], SC=[0], DI=[0.0], CA=[0.0], DU=[10032]
10-31 15:25:13.939 I/SEMS:SamsungAccount(16842): [SS] Start Check SA EF Mapping
10-31 15:25:13.941 D/SemContextService( 3648): Service.updateContext() : service = Step Level Monitor
10-31 15:25:13.942 I/Sensor[0x06]( 5385): [0x01] 33
10-31 15:25:13.942 I/Sensor[0x04]( 5385): [0x01] 1540969724290[0x02] 0[0x03] 2[0x04] 10032
10-31 15:25:13.956 I/SEMS:SamsungAccount(16842): [LocalBusinessException] isLaunchPageServiceList = false
10-31 15:25:13.956 I/SEMS:SamsungAccount(16842): [APAT] NOT controlSoftkey - true
10-31 15:25:13.957 I/SEMS:EasySignUp(16842): [EasySignUpInitService] onEasySignUpCreate
10-31 15:25:13.958 I/SEMS:MSFramework_4.3.0.000(16842): [2][SEM_INT : 2601] DeviceUtils
10-31 15:25:13.958 I/SEMS:MSFramework_4.3.0.000(16842): [2][CommonPref] getBoolean - key : crypto_secured , value : true
10-31 15:25:13.958 I/SEMS:MSFramework_4.3.0.000(16842): [2][CommonPref] getBoolean - key : is_enable_profile_sharing , value : false
10-31 15:25:13.958 I/SEMS:MSFramework_4.3.0.000(16842): [2][CommonPref] getBoolean - key : is_enable_profile_sharing_fake , value : false
10-31 15:25:13.958 I/SEMS:MSFramework_4.3.0.000(16842): [2][CommonPref] getBoolean - key : before_is_enable_profile_sharing , value : false
10-31 15:25:13.958 I/SEMS:MSFramework_4.3.0.000(16842): [2][ConnectivityUtils] init
10-31 15:25:13.960 I/SEMS:MSFramework_4.3.0.000(16842): [Social][2][CoreAppsFeature] CoreAppsFeature init start init flag : false, invalidate : false
10-31 15:25:13.961 D/ConnectivityService( 3648): filterNetworkStateForUid() uid: 10296 networkInfo: [type: MOBILE[] - MOBILE, state: DISCONNECTED/DISCONNECTED, reason: (unspecified), extra: (none), failover: false, available: true, roaming: false, metered: false]
10-31 15:25:13.962 I/SEMS:MSFramework_4.3.0.000(16842): [Social][2][CoreAppsFeature] setSupportService  : 0, true
10-31 15:25:13.962 I/SEMS:MSFramework_4.3.0.000(16842): [Social][2][CoreAppsFeature] setSupportService  : 1, true
10-31 15:25:13.962 I/SEMS:MSFramework_4.3.0.000(16842): [Social][2][CoreAppsFeature] setSupportService  : 2, true
10-31 15:25:13.962 I/SEMS:MSFramework_4.3.0.000(16842): [Social][2][CoreAppsFeature] setSupportService  : 3, true
10-31 15:25:13.962 I/SEMS:MSFramework_4.3.0.000(16842): [Social][2][CoreAppsFeature] setSupportService  : 4, true
10-31 15:25:13.962 I/SEMS:MSFramework_4.3.0.000(16842): [Social][2][CoreAppsFeature] device check : true, false
10-31 15:25:13.962 I/SEMS:MSFramework_4.3.0.000(16842): [Social][2][CoreAppsFeature] setSupportService  : 1, false
10-31 15:25:13.962 I/SEMS:MSFramework_4.3.0.000(16842): [Social][2][CoreAppsFeature] setSupportService  : 3, false
10-31 15:25:13.962 I/SEMS:MSFramework_4.3.0.000(16842): [2][SEM_INT : 2601] DeviceUtils
10-31 15:25:13.962 I/SEMS:MSFramework_4.3.0.000(16842): [2][CommonPref] getBoolean - key : crypto_secured , value : true
10-31 15:25:13.962 I/SEMS:MSFramework_4.3.0.000(16842): [2][CommonPref] getBoolean - key : is_enable_profile_sharing , value : false
10-31 15:25:13.962 I/SEMS:MSFramework_4.3.0.000(16842): [2][CommonPref] getBoolean - key : is_enable_profile_sharing_fake , value : false
10-31 15:25:13.962 I/SEMS:MSFramework_4.3.0.000(16842): [2][CommonPref] getBoolean - key : before_is_enable_profile_sharing , value : false
10-31 15:25:13.962 I/SEMS:MSFramework_4.3.0.000(16842): [Social][2][CoreAppsFeature] setSupportService  : 1, false
10-31 15:25:13.962 I/SEMS:MSFramework_4.3.0.000(16842): [Social][2][CoreAppsFeature] setSupportService  : 3, false
10-31 15:25:13.962 I/SEMS:MSFramework_4.3.0.000(16842): [Social][2][CoreAppsFeature] CoreAppsFeature init end
10-31 15:25:13.963 I/SEMS:MSFramework_4.3.0.000(16842): [Social][2][SDKInterface] initializing EnhancedFeatures start
10-31 15:25:13.963 I/SEMS:MSFramework_4.3.0.000(16842): [2][SEM_INT : 2601] DeviceUtils
10-31 15:25:13.963 I/SEMS:MSFramework_4.3.0.000(16842): [2][CommonPref] getBoolean - key : crypto_secured , value : true
10-31 15:25:13.963 I/SEMS:MSFramework_4.3.0.000(16842): [2][CommonPref] getBoolean - key : is_enable_profile_sharing , value : false
10-31 15:25:13.963 I/SEMS:MSFramework_4.3.0.000(16842): [2][CommonPref] getBoolean - key : is_enable_profile_sharing_fake , value : false
10-31 15:25:13.963 I/SEMS:MSFramework_4.3.0.000(16842): [2][CommonPref] getBoolean - key : before_is_enable_profile_sharing , value : false
10-31 15:25:13.963 I/SEMS:MSFramework_4.3.0.000(16842): [2][CommonPref] getBoolean - key : profile_sync , value : false
10-31 15:25:13.964 I/SEMS:MSFramework_4.3.0.000(16842): [2][CommonPref] getBoolean - key : is_message_support , value : false
10-31 15:25:13.965 I/SEMS:MSFramework_4.3.0.000(16842): [2][SEM_INT : 2601] DeviceUtils
10-31 15:25:13.965 I/SEMS:MSFramework_4.3.0.000(16842): [2][CommonPref] getBoolean - key : crypto_secured , value : true
10-31 15:25:13.966 I/SEMS:MSFramework_4.3.0.000(16842): [2][CommonPref] getBoolean - key : is_enable_profile_sharing , value : false
10-31 15:25:13.966 I/SEMS:MSFramework_4.3.0.000(16842): [2][CommonPref] getBoolean - key : is_enable_profile_sharing_fake , value : false
10-31 15:25:13.966 I/SEMS:MSFramework_4.3.0.000(16842): [2][CommonPref] getBoolean - key : before_is_enable_profile_sharing , value : false
10-31 15:25:13.973 I/SEMS:MSFramework_4.3.0.000(16842): [2][SEM_INT : 2601] DeviceUtils
10-31 15:25:13.987 I/SEMS:MSFramework_4.3.0.000(16842): [2][ConnectivityUtils] is SMS capable? : true
10-31 15:25:13.988 I/SEMS:MSFramework_4.3.0.000(16842): [2][DeviceUtils] isMultiSimDevice : true
10-31 15:25:14.012 I/SEMS:MSFramework_4.3.0.000(16842): [ELog][2][EasySignUpDBHandler] query end
10-31 15:25:14.012 I/SEMS:MSFramework_4.3.0.000(16842): [2][DeviceUtils] isMultiSimDevice : true
10-31 15:25:14.038 I/SEMS:MSFramework_4.3.0.000(16842): [ELog][2][EasySignUpDBHandler] query end
10-31 15:25:14.038 I/SEMS:MSFramework_4.3.0.000(16842): [NetworkCommon][SSF][2][EasySignUpInterface] isAuth with param is false
10-31 15:25:14.038 I/SEMS:MSFramework_4.3.0.000(16842): [2][SEM_INT : 2601] DeviceUtils
10-31 15:25:14.038 I/SEMS:MSFramework_4.3.0.000(16842): [Social][2][SDKInterface] initializing EnhancedFeatures end
10-31 15:25:14.038 I/SEMS:EasySignUp(16842): [EasySignUpInitService] =====EasySignUp init=====
10-31 15:25:14.039 I/SEMS:EasySignUp(16842): [EnhancedAccountWrapper] =====addAccountPushListener=====
10-31 15:25:14.042 I/SEMS:MSFramework_4.3.0.000(16842): [2][EnhancedFeatures] registerFeature : 4com.samsung.android.mobileservice.auth.apis.EnhancedAccount$1@88d4603
10-31 15:25:14.042 I/SEMS:MSFramework_4.3.0.000(16842): [2][DeviceUtils] isMultiSimDevice : true
10-31 15:25:14.044 I/SEMS:MSFramework_4.3.0.000(16842): [ELog][2][EasySignUpDBHandler] query end
10-31 15:25:14.044 I/SEMS:MSFramework_4.3.0.000(16842): [2][DeviceUtils] isMultiSimDevice : true
10-31 15:25:14.048 I/SEMS:EasySignUp(16842): [EnhancedAccountWrapper] =====getDuid=====
10-31 15:25:14.060 I/SEMS:MSFramework_4.3.0.000(16842): [ELog][2][EasySignUpDBHandler] query end
10-31 15:25:14.061 I/SEMS:EasySignUp(16842): [EasySignUpInitService] [NotRegistered]
10-31 15:25:14.064 W/StorageManager( 3648): getStorageLowBytes lowPercent : 5, lowBytes : 1334851584, maxLowBytes : 524288000
10-31 15:25:14.068 I/SEMS:EasySignUp(16842): [SppRegRecoveryHelper] SppRegRecoveryHelper creator !!
10-31 15:25:14.068 I/SEMS:EasySignUp(16842): [SppRegRecoveryHelper] checkSppRegRecovery
10-31 15:25:14.068 I/SEMS:MSFramework_4.3.0.000(16842): [2][CommonPref] getBoolean - key : skip_spp_reg_recovery_from_core_apps , value : true
10-31 15:25:14.069 I/SEMS:EasySignUp(16842): [SppRegRecoveryHelper] Already recovered - skip recovery.
10-31 15:25:14.069 I/SEMS:EasySignUp(16842): [SppRegRecoveryHelper] checkSppRegIdAndSaGuid
10-31 15:25:14.070 I/SEMS:SamsungAccount(16842): [AccountManagerUtil] isHaveSA() - true
10-31 15:25:14.071 I/SEMS:MSFramework_4.3.0.000(16842): [2][DeviceUtils] isMultiSimDevice : true
10-31 15:25:14.072 I/SEMS:MSFramework_4.3.0.000(16842): [ELog][2][EasySignUpDBHandler] query end
10-31 15:25:14.072 I/SEMS:MSFramework_4.3.0.000(16842): [2][DeviceUtils] isMultiSimDevice : true
10-31 15:25:14.074 V/Volley  (16842): [5041] CacheDispatcher.run: start new dispatcher
10-31 15:25:14.082 I/SEMS:MSFramework_4.3.0.000(16842): [NetworkCommon][SSF][2][EasySignUpInterface] isAuth is false
10-31 15:25:14.083 I/SEMS:SamsungAccount(16842): [AccountManagerUtil] isHaveSA() - true
10-31 15:25:14.084 I/SEMS:MSFramework_4.3.0.000(16842): [2][DeviceUtils] isMultiSimDevice : true
10-31 15:25:14.089 I/SEMS:MSFramework_4.3.0.000(16842): [2][DeviceUtils] isDaAuthSupportedDevice : false
10-31 15:25:14.090 I/SEMS:EasySignUp(16842): [EasySignUpProviderPublic] uri : content://com.samsung.android.coreapps.easysignup.public/contact_sync_agreement_41?data_name=contact_sync_agreement_41
10-31 15:25:14.092 I/SEMS:EasySignUp(16842): [EasySignUpProviderPublic] query packageName : com.samsung.android.mobileservice
10-31 15:25:14.109 I/SEMS:EasySignUp(16842): [EasySignUpProviderPublic] contact_sync_agreement_41 : false
10-31 15:25:14.110 I/SEMS:EasySignUp(16842): [SppRegRecoveryHelper] isAccountSignedIn ? true
10-31 15:25:14.110 I/SEMS:EasySignUp(16842): [SppRegRecoveryHelper] isDaAuthUnsupported ? true
10-31 15:25:14.110 I/SEMS:EasySignUp(16842): [SppRegRecoveryHelper] isSocialTncAgreed ? false
10-31 15:25:14.110 I/SEMS:EasySignUp(16842): [SppRegRecoveryHelper] EF is not joined
10-31 15:25:14.133 I/SEMS:SamsungAccount(16842): [AccountManagerUtil] isHaveSA() - true
10-31 15:25:14.134 I/SEMS:MSFramework_4.3.0.000(16842): [2][DeviceUtils] isMultiSimDevice : true
10-31 15:25:14.135 I/SEMS:MSFramework_4.3.0.000(16842): [ELog][2][EasySignUpDBHandler] query end
10-31 15:25:14.135 I/SEMS:MSFramework_4.3.0.000(16842): [2][DeviceUtils] isMultiSimDevice : true
10-31 15:25:14.141 I/SEMS:MSFramework_4.3.0.000(16842): [NetworkCommon][SSF][2][EasySignUpInterface] isAuth is false
10-31 15:25:14.141 I/SEMS:MSFramework_4.3.0.000(16842): [ELog][2][EPref] getBoolean - key : have_checked_ef_recovery_issue , value : true
10-31 15:25:14.143 I/SEMS:EasySignUp(16842): [EasySignUpInitService] VERSION : 4.3.01.11
10-31 15:25:14.144 I/SEMS:SamsungAccount(16842): [AccountManagerUtil] isHaveSA() - true
10-31 15:25:14.145 I/SEMS:MSFramework_4.3.0.000(16842): [2][DeviceUtils] isMultiSimDevice : true
10-31 15:25:14.147 I/SEMS:MSFramework_4.3.0.000(16842): [ELog][2][EasySignUpDBHandler] query end
10-31 15:25:14.147 I/SEMS:MSFramework_4.3.0.000(16842): [2][DeviceUtils] isMultiSimDevice : true
10-31 15:25:14.151 I/SEMS:MSFramework_4.3.0.000(16842): [NetworkCommon][SSF][2][EasySignUpInterface] isAuth is false
10-31 15:25:14.162 D/SamsungAnalytics111040(16842): cf feature is supported
10-31 15:25:14.167 D/SamsungAnalytics111040(16842): [Tracker] Tracker start:1.11.040
10-31 15:25:14.168 D/SamsungAnalytics111040(16842): newThread on Executor
10-31 15:25:14.171 I/SEMS:SamsungAccount(16842): [SamsungAccount] initBixby()
10-31 15:25:14.175 I/SEMS:SamsungAccount(16842): [SamsungAccount] initBixby2()
10-31 15:25:14.180 I/SEMS:SamsungAccount(16842): [ContactJobService] start job scheduler
10-31 15:25:14.181 I/SEMS:SamsungAccount(16842): [ContactJobService] profile uri registered..!
10-31 15:25:14.184 I/SEMS:SamsungAccount(16842): [ContactJobService] schedule success
10-31 15:25:14.185 I/SEMS:MobileService_4.3.0.035(16842): [2][MobileServiceSocial] init start
10-31 15:25:14.189 I/SEMS:MSFramework_4.3.0.000(16842): [Social][2][SDKInterface] initializing EnhancedFeatures start
10-31 15:25:14.189 I/SEMS:MSFramework_4.3.0.000(16842): [Social][2][SDKInterface] initializing EnhancedFeatures end
10-31 15:25:14.192 I/SEMS:MobileService_4.3.0.035(16842): [BLog][2][MobileServiceBuddy] init
10-31 15:25:14.205 I/SEMS:MSFramework_4.3.0.000(16842): [2][SEM_INT : 2601] DeviceUtils
10-31 15:25:14.205 I/SEMS:MSFramework_4.3.0.000(16842): [2][CommonPref] getBoolean - key : crypto_secured , value : true
10-31 15:25:14.205 I/SEMS:MSFramework_4.3.0.000(16842): [2][CommonPref] getBoolean - key : is_enable_profile_sharing , value : false
10-31 15:25:14.205 I/SEMS:MSFramework_4.3.0.000(16842): [2][CommonPref] getBoolean - key : is_enable_profile_sharing_fake , value : false
10-31 15:25:14.205 I/SEMS:MSFramework_4.3.0.000(16842): [2][CommonPref] getBoolean - key : before_is_enable_profile_sharing , value : false
10-31 15:25:14.206 I/SEMS:MobileService_4.3.0.035(16842): [BLog][2][ObserverJobService] Observer scheduled
10-31 15:25:14.209 I/SEMS:MobileService_4.3.0.035(16842): [BLog][2][ObserverJobService] schedule success
10-31 15:25:14.211 I/SEMS:MobileService_4.3.0.035(16842): [BLog][2][PollingJobService] polling job service was already scheduled
10-31 15:25:14.213 I/SEMS:MobileService_4.3.0.035(16842): [BLog][2][PollingJobService] polling job service was already scheduled
10-31 15:25:14.213 I/SEMS:MobileService_4.3.0.035(16842): [SLog][2][MobileServiceShare] init
10-31 15:25:14.219 I/SEMS:MobileService_4.3.0.035(16842): [CDMSG_][2][MobileServiceMessage]  ######## init ######## 
10-31 15:25:14.225 I/SEMS:MobileService_4.3.0.035(16842): [ALog][2][MobileServiceActivity] init
10-31 15:25:14.226 I/SEMS:MobileService_4.3.0.035(16842): [ShopLog][2][MobileServiceShop] init.
10-31 15:25:14.226 I/SEMS:MobileService_4.3.0.035(16842): [2][MobileServiceSocial] init end
10-31 15:25:14.500 I/[SCSDK] (16659): [NetworkImpl]Connection is added.
10-31 15:25:14.500 D/ConnectivityService( 3648): filterNetworkStateForUid() uid: 5004 networkInfo: [type: WIFI[] - WIFI, state: CONNECTED/CONNECTED, reason: (unspecified), extra: "altek", failover: false, available: true, roaming: false, metered: false]
10-31 15:25:14.502 I/EventCloudSyncController(16659): [#CMH#] In NetworkStatusListener :: onStarted() Connection Value :157185604 
10-31 15:25:14.507 I/System.out(16659): (HTTPLog)-Static: isSBSettingEnabled false
10-31 15:25:14.507 I/System.out(16659): (HTTPLog)-Static: isSBSettingEnabled false
10-31 15:25:14.510 D/DnsProxyListener( 3309): DNSDBG::dns addrinfo af 2
10-31 15:25:14.933 I/[SCSDK] (16659): [NetworkImpl]Connection is removed.
10-31 15:25:14.933 I/EventCloudSyncController(16659): [#CMH#] In NetworkStatusListener :: onClosed() Connection Value :157185604 
10-31 15:25:14.935 I/EventCloudSyncController(16659): [#CMH#] listChangedStories failed as count is <=0 
